Component: ARM Compiler 5.06 update 7 (build 960) Tool: armlink [4d3601]

==============================================================================

Section Cross References

    startup_stm32f103xb.o(STACK) refers (Special) to heapauxi.o(.text) for __use_two_region_memory
    startup_stm32f103xb.o(HEAP) refers (Special) to heapauxi.o(.text) for __use_two_region_memory
    startup_stm32f103xb.o(RESET) refers (Special) to heapauxi.o(.text) for __use_two_region_memory
    startup_stm32f103xb.o(RESET) refers to startup_stm32f103xb.o(STACK) for __initial_sp
    startup_stm32f103xb.o(RESET) refers to startup_stm32f103xb.o(.text) for Reset_Handler
    startup_stm32f103xb.o(RESET) refers to stm32f1xx_it.o(i.NMI_Handler) for NMI_Handler
    startup_stm32f103xb.o(RESET) refers to stm32f1xx_it.o(i.HardFault_Handler) for HardFault_Handler
    startup_stm32f103xb.o(RESET) refers to stm32f1xx_it.o(i.MemManage_Handler) for MemManage_Handler
    startup_stm32f103xb.o(RESET) refers to stm32f1xx_it.o(i.BusFault_Handler) for BusFault_Handler
    startup_stm32f103xb.o(RESET) refers to stm32f1xx_it.o(i.UsageFault_Handler) for UsageFault_Handler
    startup_stm32f103xb.o(RESET) refers to stm32f1xx_it.o(i.SVC_Handler) for SVC_Handler
    startup_stm32f103xb.o(RESET) refers to stm32f1xx_it.o(i.DebugMon_Handler) for DebugMon_Handler
    startup_stm32f103xb.o(RESET) refers to stm32f1xx_it.o(i.PendSV_Handler) for PendSV_Handler
    startup_stm32f103xb.o(RESET) refers to stm32f1xx_it.o(i.SysTick_Handler) for SysTick_Handler
    startup_stm32f103xb.o(RESET) refers to stm32f1xx_it.o(i.DMA1_Channel1_IRQHandler) for DMA1_Channel1_IRQHandler
    startup_stm32f103xb.o(RESET) refers to stm32f1xx_it.o(i.ADC1_2_IRQHandler) for ADC1_2_IRQHandler
    startup_stm32f103xb.o(RESET) refers to stm32f1xx_it.o(i.TIM3_IRQHandler) for TIM3_IRQHandler
    startup_stm32f103xb.o(RESET) refers to stm32f1xx_it.o(i.USART1_IRQHandler) for USART1_IRQHandler
    startup_stm32f103xb.o(.text) refers (Special) to heapauxi.o(.text) for __use_two_region_memory
    startup_stm32f103xb.o(.text) refers to system_stm32f1xx.o(i.SystemInit) for SystemInit
    startup_stm32f103xb.o(.text) refers to __main.o(!!!main) for __main
    startup_stm32f103xb.o(.text) refers to startup_stm32f103xb.o(HEAP) for Heap_Mem
    startup_stm32f103xb.o(.text) refers to startup_stm32f103xb.o(STACK) for Stack_Mem
    main.o(i.HAL_ADC_ConvCpltCallback) refers to dflt_clz.o(x$fpl$dfltu) for __aeabi_ui2d
    main.o(i.HAL_ADC_ConvCpltCallback) refers to dmul.o(x$fpl$dmul) for __aeabi_dmul
    main.o(i.HAL_ADC_ConvCpltCallback) refers to scalbn.o(x$fpl$scalbn) for __ARM_scalbn
    main.o(i.HAL_ADC_ConvCpltCallback) refers to d2f.o(x$fpl$d2f) for __aeabi_d2f
    main.o(i.HAL_ADC_ConvCpltCallback) refers to main.o(.data) for .data
    main.o(i.HAL_UART_RxCpltCallback) refers to rt_memclr_w.o(.text) for __aeabi_memclr4
    main.o(i.HAL_UART_RxCpltCallback) refers to stm32f1xx_hal_uart.o(i.HAL_UART_Transmit) for HAL_UART_Transmit
    main.o(i.HAL_UART_RxCpltCallback) refers to stm32f1xx_hal_uart.o(i.HAL_UART_Receive_IT) for HAL_UART_Receive_IT
    main.o(i.HAL_UART_RxCpltCallback) refers to main.o(.data) for .data
    main.o(i.HAL_UART_RxCpltCallback) refers to main.o(.bss) for .bss
    main.o(i.MX_ADC1_Init) refers to stm32f1xx_hal_adc.o(i.HAL_ADC_Init) for HAL_ADC_Init
    main.o(i.MX_ADC1_Init) refers to stm32f1xx_hal_adc.o(i.HAL_ADC_ConfigChannel) for HAL_ADC_ConfigChannel
    main.o(i.MX_ADC1_Init) refers to main.o(.bss) for .bss
    main.o(i.MX_TIM3_Init) refers to stm32f1xx_hal_tim.o(i.HAL_TIM_Base_Init) for HAL_TIM_Base_Init
    main.o(i.MX_TIM3_Init) refers to stm32f1xx_hal_tim.o(i.HAL_TIM_ConfigClockSource) for HAL_TIM_ConfigClockSource
    main.o(i.MX_TIM3_Init) refers to stm32f1xx_hal_tim_ex.o(i.HAL_TIMEx_MasterConfigSynchronization) for HAL_TIMEx_MasterConfigSynchronization
    main.o(i.MX_TIM3_Init) refers to main.o(.bss) for .bss
    main.o(i.SystemClock_Config) refers to rt_memclr_w.o(.text) for __aeabi_memclr4
    main.o(i.SystemClock_Config) refers to stm32f1xx_hal_rcc.o(i.HAL_RCC_OscConfig) for HAL_RCC_OscConfig
    main.o(i.SystemClock_Config) refers to stm32f1xx_hal_rcc.o(i.HAL_RCC_ClockConfig) for HAL_RCC_ClockConfig
    main.o(i.SystemClock_Config) refers to stm32f1xx_hal_rcc_ex.o(i.HAL_RCCEx_PeriphCLKConfig) for HAL_RCCEx_PeriphCLKConfig
    main.o(i.cal_arr_and_psc) refers to fdiv.o(x$fpl$fdiv) for __aeabi_fdiv
    main.o(i.cal_arr_and_psc) refers to ffixu.o(x$fpl$ffixu) for __aeabi_f2uiz
    main.o(i.cal_arr_and_psc) refers to dflt_clz.o(x$fpl$dfltu) for __aeabi_ui2d
    main.o(i.cal_arr_and_psc) refers to sqrt.o(i.sqrt) for sqrt
    main.o(i.cal_arr_and_psc) refers to dfixu.o(x$fpl$dfixu) for __aeabi_d2uiz
    main.o(i.main) refers to _printf_percent.o(.ARM.Collect$$_printf_percent$$00000000) for _printf_percent
    main.o(i.main) refers to _printf_f.o(.ARM.Collect$$_printf_percent$$00000003) for _printf_f
[...]
    RESET                                    0x08000000   Section      236  startup_stm32f103xb.o(RESET)
    !!!main                                  0x080000ec   Section        8  __main.o(!!!main)
    !!!scatter                               0x080000f4   Section       52  __scatter.o(!!!scatter)
    !!handler_copy                           0x08000128   Section       26  __scatter_copy.o(!!handler_copy)
    !!handler_zi                             0x08000144   Section       28  __scatter_zi.o(!!handler_zi)
    .ARM.Collect$$_printf_percent$$00000000  0x08000160   Section        0  _printf_percent.o(.ARM.Collect$$_printf_percent$$00000000)
    .ARM.Collect$$_printf_percent$$00000003  0x08000160   Section        6  _printf_f.o(.ARM.Collect$$_printf_percent$$00000003)
    .ARM.Collect$$_printf_percent$$00000017  0x08000166   Section        4  _printf_percent_end.o(.ARM.Collect$$_printf_percent$$00000017)
    .ARM.Collect$$libinit$$00000000          0x0800016a   Section        2  libinit.o(.ARM.Collect$$libinit$$00000000)
    .ARM.Collect$$libinit$$00000002          0x0800016c   Section        0  libinit2.o(.ARM.Collect$$libinit$$00000002)
    .ARM.Collect$$libinit$$00000004          0x0800016c   Section        0  libinit2.o(.ARM.Collect$$libinit$$00000004)
    .ARM.Collect$$libinit$$0000000A          0x0800016c   Section        0  libinit2.o(.ARM.Collect$$libinit$$0000000A)
    .ARM.Collect$$libinit$$0000000C          0x0800016c   Section        0  libinit2.o(.ARM.Collect$$libinit$$0000000C)
    .ARM.Collect$$libinit$$0000000E          0x0800016c   Section        0  libinit2.o(.ARM.Collect$$libinit$$0000000E)
    .ARM.Collect$$libinit$$0000000F          0x0800016c   Section        6  libinit2.o(.ARM.Collect$$libinit$$0000000F)
    .ARM.Collect$$libinit$$00000011          0x08000172   Section        0  libinit2.o(.ARM.Collect$$libinit$$00000011)
    .ARM.Collect$$libinit$$00000013          0x08000172   Section        0  libinit2.o(.ARM.Collect$$libinit$$00000013)
    .ARM.Collect$$libinit$$00000015          0x08000172   Section        0  libinit2.o(.ARM.Collect$$libinit$$00000015)
    .ARM.Collect$$libinit$$00000016          0x08000172   Section       10  libinit2.o(.ARM.Collect$$libinit$$00000016)
    .ARM.Collect$$libinit$$00000017          0x0800017c   Section        0  libinit2.o(.ARM.Collect$$libinit$$00000017)
    .ARM.Collect$$libinit$$00000019          0x0800017c   Section        0  libinit2.o(.ARM.Collect$$libinit$$00000019)
    .ARM.Collect$$libinit$$0000001B          0x0800017c   Section        0  libinit2.o(.ARM.Collect$$libinit$$0000001B)
    .ARM.Collect$$libinit$$0000001D          0x0800017c   Section        0  libinit2.o(.ARM.Collect$$libinit$$0000001D)
    .ARM.Collect$$libinit$$0000001F          0x0800017c   Section        0  libinit2.o(.ARM.Collect$$libinit$$0000001F)
    .ARM.Collect$$libinit$$00000021          0x0800017c   Section        0  libinit2.o(.ARM.Collect$$libinit$$00000021)
    .ARM.Collect$$libinit$$00000023          0x0800017c   Section        0  libinit2.o(.ARM.Collect$$libinit$$00000023)
    .ARM.Collect$$libinit$$00000025          0x0800017c   Section        0  libinit2.o(.ARM.Collect$$libinit$$00000025)
    .ARM.Collect$$libinit$$0000002C          0x0800017c   Section        0  libinit2.o(.ARM.Collect$$libinit$$0000002C)
    .ARM.Collect$$libinit$$0000002E          0x0800017c   Section        0  libinit2.o(.ARM.Collect$$libinit$$0000002E)
    .ARM.Collect$$libinit$$00000030          0x0800017c   Section        0  libinit2.o(.ARM.Collect$$libinit$$00000030)
    .ARM.Collect$$libinit$$00000032          0x0800017c   Section        0  libinit2.o(.ARM.Collect$$libinit$$00000032)
    .ARM.Collect$$libinit$$00000033          0x0800017c   Section        2  libinit2.o(.ARM.Collect$$libinit$$00000033)
    .ARM.Collect$$libshutdown$$00000000      0x0800017e   Section        2  libshutdown.o(.ARM.Collect$$libshutdown$$00000000)
    .ARM.Collect$$libshutdown$$00000002      0x08000180   Section        0  libshutdown2.o(.ARM.Collect$$libshutdown$$00000002)
    .ARM.Collect$$libshutdown$$00000004      0x08000180   Section        0  libshutdown2.o(.ARM.Collect$$libshutdown$$00000004)
    .ARM.Collect$$libshutdown$$00000006      0x08000180   Section        0  libshutdown2.o(.ARM.Collect$$libshutdown$$00000006)
    .ARM.Collect$$libshutdown$$00000009      0x08000180   Section        0  libshutdown2.o(.ARM.Collect$$libshutdown$$00000009)
    .ARM.Collect$$libshutdown$$0000000C      0x08000180   Section        0  libshutdown2.o(.ARM.Collect$$libshutdown$$0000000C)
    .ARM.Collect$$libshutdown$$0000000E      0x08000180   Section        0  libshutdown2.o(.ARM.Collect$$libshutdown$$0000000E)
    .ARM.Collect$$libshutdown$$00000011      0x08000180   Section        0  libshutdown2.o(.ARM.Collect$$libshutdown$$00000011)
    .ARM.Collect$$libshutdown$$00000012      0x08000180   Section        2  libshutdown2.o(.ARM.Collect$$libshutdown$$00000012)
    .ARM.Collect$$rtentry$$00000000          0x08000182   Section        0  __rtentry.o(.ARM.Collect$$rtentry$$00000000)
    .ARM.Collect$$rtentry$$00000002          0x08000182   Section        0  __rtentry2.o(.ARM.Collect$$rtentry$$00000002)
    .ARM.Collect$$rtentry$$00000004          0x08000182   Section        6  __rtentry4.o(.ARM.Collect$$rtentry$$00000004)
    .ARM.Collect$$rtentry$$00000009          0x08000188   Section        0  __rtentry2.o(.ARM.Collect$$rtentry$$00000009)
    .ARM.Collect$$rtentry$$0000000A          0x08000188   Section        4  __rtentry2.o(.ARM.Collect$$rtentry$$0000000A)
    .ARM.Collect$$rtentry$$0000000C          0x0800018c   Section        0  __rtentry2.o(.ARM.Collect$$rtentry$$0000000C)
    .ARM.Collect$$rtentry$$0000000D          0x0800018c   Section        8  __rtentry2.o(.ARM.Collect$$rtentry$$0000000D)
    .ARM.Collect$$rtexit$$00000000           0x08000194   Section        2  rtexit.o(.ARM.Collect$$rtexit$$00000000)
    .ARM.Collect$$rtexit$$00000002           0x08000196   Section        0  rtexit2.o(.ARM.Collect$$rtexit$$00000002)
    .ARM.Collect$$rtexit$$00000003           0x08000196   Section        4  rtexit2.o(.ARM.Collect$$rtexit$$00000003)
    .ARM.Collect$$rtexit$$00000004           0x0800019a   Section        6  rtexit2.o(.ARM.Collect$$rtexit$$00000004)
    .text                                    0x080001a0   Section       64  startup_stm32f103xb.o(.text)
    .text                                    0x080001e0   Section        0  noretval__2sprintf.o(.text)
    .text                                    0x08000208   Section        0  __printf_wp.o(.text)
    .text                                    0x08000316   Section        0  strstr.o(.text)
    .text                                    0x0800033a   Section        0  strlen.o(.text)
    .text                                    0x08000378   Section       78  rt_memclr_w.o(.text)
    .text                                    0x080003c6   Section        0  heapauxi.o(.text)
    .text                                    0x080003cc   Section        0  _rserrno.o(.text)
    .text                                    0x080003e2   Section        0  _printf_fp_dec.o(.text)
    _fp_digits                               0x080003e5   Thumb Code   432  _printf_fp_dec.o(.text)
    .text                                    0x08000800   Section        0  _printf_char_common.o(.text)
    _printf_input_char                       0x08000801   Thumb Code    10  _printf_char_common.o(.text)
    .text                                    0x08000830   Section        0  _sputc.o(.text)
    .text                                    0x0800083c   Section        8  rt_locale_intlibspace.o(.text)
    .text                                    0x08000844   Section        8  rt_errno_addr_intlibspace.o(.text)
    .text                                    0x0800084c   Section      138  lludiv10.o(.text)
    .text                                    0x080008d8   Section        0  _printf_fp_infnan.o(.text)
    .text                                    0x08000958   Section        0  bigflt0.o(.text)
    .text                                    0x08000a3c   Section        8  libspace.o(.text)
    .text                                    0x08000a44   Section       74  sys_stackheap_outer.o(.text)
    .text                                    0x08000a8e   Section        0  exit.o(.text)
    .text                                    0x08000aa0   Section      128  strcmpv7m.o(.text)
    .text                                    0x08000b20   Section        0  sys_exit.o(.text)
    .text                                    0x08000b2c   Section        2  use_no_semi.o(.text)
    .text                                    0x08000b2e   Section        0  indicate_semi.o(.text)
    CL$$btod_d2e                             0x08000b2e   Section       62  btod.o(CL$$btod_d2e)
    CL$$btod_d2e_denorm_low                  0x08000b6c   Section       70  btod.o(CL$$btod_d2e_denorm_low)
    CL$$btod_d2e_norm_op1                    0x08000bb2   Section       96  btod.o(CL$$btod_d2e_norm_op1)
    CL$$btod_div_common                      0x08000c12   Section      824  btod.o(CL$$btod_div_common)
    CL$$btod_e2e                             0x08000f4a   Section      220  btod.o(CL$$btod_e2e)
    CL$$btod_ediv                            0x08001026   Section       42  btod.o(CL$$btod_ediv)
    CL$$btod_emul                            0x08001050   Section       42  btod.o(CL$$btod_emul)
    CL$$btod_mult_common                     0x0800107a   Section      580  btod.o(CL$$btod_mult_common)
    i.ADC1_2_IRQHandler                      0x080012c0   Section        0  stm32f1xx_it.o(i.ADC1_2_IRQHandler)
    i.ADC_ConversionStop_Disable             0x080012cc   Section        0  stm32f1xx_hal_adc.o(i.ADC_ConversionStop_Disable)
    i.ADC_DMAConvCplt                        0x08001322   Section        0  stm32f1xx_hal_adc.o(i.ADC_DMAConvCplt)
    i.ADC_DMAError                           0x08001370   Section        0  stm32f1xx_hal_adc.o(i.ADC_DMAError)
    i.ADC_DMAHalfConvCplt                    0x0800138a   Section        0  stm32f1xx_hal_adc.o(i.ADC_DMAHalfConvCplt)
    i.ADC_Enable                             0x08001394   Section        0  stm32f1xx_hal_adc.o(i.ADC_Enable)
    i.BusFault_Handler                       0x08001410   Section        0  stm32f1xx_it.o(i.BusFault_Handler)
    i.DMA1_Channel1_IRQHandler               0x08001414   Section        0  stm32f1xx_it.o(i.DMA1_Channel1_IRQHandler)
    i.DMA_SetConfig                          0x08001420   Section        0  stm32f1xx_hal_dma.o(i.DMA_SetConfig)
    DMA_SetConfig                            0x08001421   Thumb Code    42  stm32f1xx_hal_dma.o(i.DMA_SetConfig)
    i.DebugMon_Handler                       0x0800144a   Section        0  stm32f1xx_it.o(i.DebugMon_Handler)
    i.Error_Handler                          0x0800144c   Section        0  main.o(i.Error_Handler)
    i.HAL_ADCEx_Calibration_Start            0x08001450   Section        0  stm32f1xx_hal_adc_ex.o(i.HAL_ADCEx_Calibration_Start)
    i.HAL_ADCEx_InjectedConvCpltCallback     0x08001528   Section        0  stm32f1xx_hal_adc_ex.o(i.HAL_ADCEx_InjectedConvCpltCallback)
    i.HAL_ADC_ConfigChannel                  0x0800152c   Section        0  stm32f1xx_hal_adc.o(i.HAL_ADC_ConfigChannel)
    i.HAL_ADC_ConvCpltCallback               0x08001628   Section        0  main.o(i.HAL_ADC_ConvCpltCallback)
    i.HAL_ADC_ConvHalfCpltCallback           0x08001674   Section        0  stm32f1xx_hal_adc.o(i.HAL_ADC_ConvHalfCpltCallback)
    i.HAL_ADC_ErrorCallback                  0x08001676   Section        0  stm32f1xx_hal_adc.o(i.HAL_ADC_ErrorCallback)
    i.HAL_ADC_IRQHandler                     0x08001678   Section        0  stm32f1xx_hal_adc.o(i.HAL_ADC_IRQHandler)
    i.HAL_ADC_Init                           0x08001760   Section        0  stm32f1xx_hal_adc.o(i.HAL_ADC_Init)
    i.HAL_ADC_LevelOutOfWindowCallback       0x0800187c   Section        0  stm32f1xx_hal_adc.o(i.HAL_ADC_LevelOutOfWindowCallback)
    i.HAL_ADC_MspInit                        0x08001880   Section        0  stm32f1xx_hal_msp.o(i.HAL_ADC_MspInit)
    i.HAL_ADC_Start_DMA                      0x08001920   Section        0  stm32f1xx_hal_adc.o(i.HAL_ADC_Start_DMA)
    i.HAL_DMA_Abort                          0x08001a2c   Section        0  stm32f1xx_hal_dma.o(i.HAL_DMA_Abort)
    i.HAL_DMA_Abort_IT                       0x08001a74   Section        0  stm32f1xx_hal_dma.o(i.HAL_DMA_Abort_IT)
    i.HAL_DMA_IRQHandler                     0x08001b0c   Section        0  stm32f1xx_hal_dma.o(i.HAL_DMA_IRQHandler)
    i.HAL_DMA_Init                           0x08001c60   Section        0  stm32f1xx_hal_dma.o(i.HAL_DMA_Init)
    i.HAL_DMA_Start_IT                       0x08001cbc   Section        0  stm32f1xx_hal_dma.o(i.HAL_DMA_Start_IT)
    i.HAL_GPIO_Init                          0x08001d2c   Section        0  stm32f1xx_hal_gpio.o(i.HAL_GPIO_Init)
    i.HAL_GetTick                            0x08001f0c   Section        0  stm32f1xx_hal.o(i.HAL_GetTick)
    i.HAL_IncTick                            0x08001f18   Section        0  stm32f1xx_hal.o(i.HAL_IncTick)
    i.HAL_Init                               0x08001f28   Section        0  stm32f1xx_hal.o(i.HAL_Init)
    i.HAL_InitTick                           0x08001f4c   Section        0  stm32f1xx_hal.o(i.HAL_InitTick)
    i.HAL_MspInit                            0x08001f8c   Section        0  stm32f1xx_hal_msp.o(i.HAL_MspInit)
    i.HAL_NVIC_EnableIRQ                     0x08001fb8   Section        0  stm32f1xx_hal_cortex.o(i.HAL_NVIC_EnableIRQ)
    i.HAL_NVIC_SetPriority                   0x08001fd4   Section        0  stm32f1xx_hal_cortex.o(i.HAL_NVIC_SetPriority)
    i.HAL_NVIC_SetPriorityGrouping           0x08002014   Section        0  stm32f1xx_hal_cortex.o(i.HAL_NVIC_SetPriorityGrouping)
    i.HAL_RCCEx_GetPeriphCLKFreq             0x08002038   Section        0  stm32f1xx_hal_rcc_ex.o(i.HAL_RCCEx_GetPeriphCLKFreq)
    i.HAL_RCCEx_PeriphCLKConfig              0x08002100   Section        0  stm32f1xx_hal_rcc_ex.o(i.HAL_RCCEx_PeriphCLKConfig)
    i.HAL_RCC_ClockConfig                    0x080021ec   Section        0  stm32f1xx_hal_rcc.o(i.HAL_RCC_ClockConfig)
    i.HAL_RCC_GetPCLK1Freq                   0x08002318   Section        0  stm32f1xx_hal_rcc.o(i.HAL_RCC_GetPCLK1Freq)
    i.HAL_RCC_GetPCLK2Freq                   0x08002338   Section        0  stm32f1xx_hal_rcc.o(i.HAL_RCC_GetPCLK2Freq)
    i.HAL_RCC_GetSysClockFreq                0x08002358   Section        0  stm32f1xx_hal_rcc.o(i.HAL_RCC_GetSysClockFreq)
    i.HAL_RCC_OscConfig                      0x080023c4   Section        0  stm32f1xx_hal_rcc.o(i.HAL_RCC_OscConfig)
    i.HAL_SYSTICK_Config                     0x080026e4   Section        0  stm32f1xx_hal_cortex.o(i.HAL_SYSTICK_Config)
    i.HAL_TIMEx_BreakCallback                0x0800270c   Section        0  stm32f1xx_hal_tim_ex.o(i.HAL_TIMEx_BreakCallback)
    i.HAL_TIMEx_CommutCallback               0x0800270e   Section        0  stm32f1xx_hal_tim_ex.o(i.HAL_TIMEx_CommutCallback)
    i.HAL_TIMEx_MasterConfigSynchronization  0x08002710   Section        0  stm32f1xx_hal_tim_ex.o(i.HAL_TIMEx_MasterConfigSynchronization)
    i.HAL_TIM_Base_Init                      0x08002778   Section        0  stm32f1xx_hal_tim.o(i.HAL_TIM_Base_Init)
    i.HAL_TIM_Base_MspInit                   0x080027d4   Section        0  stm32f1xx_hal_msp.o(i.HAL_TIM_Base_MspInit)
    i.HAL_TIM_Base_Start                     0x08002810   Section        0  stm32f1xx_hal_tim.o(i.HAL_TIM_Base_Start)
    i.HAL_TIM_ConfigClockSource              0x08002860   Section        0  stm32f1xx_hal_tim.o(i.HAL_TIM_ConfigClockSource)
    i.HAL_TIM_IC_CaptureCallback             0x08002936   Section        0  stm32f1xx_hal_tim.o(i.HAL_TIM_IC_CaptureCallback)
    i.HAL_TIM_IRQHandler                     0x08002938   Section        0  stm32f1xx_hal_tim.o(i.HAL_TIM_IRQHandler)
    i.HAL_TIM_OC_DelayElapsedCallback        0x08002a9e   Section        0  stm32f1xx_hal_tim.o(i.HAL_TIM_OC_DelayElapsedCallback)
    i.HAL_TIM_PWM_PulseFinishedCallback      0x08002aa0   Section        0  stm32f1xx_hal_tim.o(i.HAL_TIM_PWM_PulseFinishedCallback)
    i.HAL_TIM_PeriodElapsedCallback          0x08002aa2   Section        0  stm32f1xx_hal_tim.o(i.HAL_TIM_PeriodElapsedCallback)
    i.HAL_TIM_TriggerCallback                0x08002aa4   Section        0  stm32f1xx_hal_tim.o(i.HAL_TIM_TriggerCallback)
    i.HAL_UARTEx_RxEventCallback             0x08002aa6   Section        0  stm32f1xx_hal_uart.o(i.HAL_UARTEx_RxEventCallback)
    i.HAL_UART_ErrorCallback                 0x08002aa8   Section        0  stm32f1xx_hal_uart.o(i.HAL_UART_ErrorCallback)
    i.HAL_UART_IRQHandler                    0x08002aac   Section        0  stm32f1xx_hal_uart.o(i.HAL_UART_IRQHandler)
    i.HAL_UART_Init                          0x08002cb8   Section        0  stm32f1xx_hal_uart.o(i.HAL_UART_Init)
    i.HAL_UART_MspInit                       0x08002d1c   Section        0  stm32f1xx_hal_msp.o(i.HAL_UART_MspInit)
    i.HAL_UART_Receive_IT                    0x08002d9c   Section        0  stm32f1xx_hal_uart.o(i.HAL_UART_Receive_IT)
    i.HAL_UART_RxCpltCallback                0x08002dc8   Section        0  main.o(i.HAL_UART_RxCpltCallback)
    i.HAL_UART_Transmit                      0x08002e30   Section        0  stm32f1xx_hal_uart.o(i.HAL_UART_Transmit)
    i.HAL_UART_TxCpltCallback                0x08002ee2   Section        0  stm32f1xx_hal_uart.o(i.HAL_UART_TxCpltCallback)
    i.HardFault_Handler                      0x08002ee4   Section        0  stm32f1xx_it.o(i.HardFault_Handler)
    i.MX_ADC1_Init                           0x08002ee8   Section        0  main.o(i.MX_ADC1_Init)
    MX_ADC1_Init                             0x08002ee9   Thumb Code    68  main.o(i.MX_ADC1_Init)
    i.MX_TIM3_Init                           0x08002f34   Section        0  main.o(i.MX_TIM3_Init)
    MX_TIM3_Init                             0x08002f35   Thumb Code    96  main.o(i.MX_TIM3_Init)
    i.MemManage_Handler                      0x08002f9c   Section        0  stm32f1xx_it.o(i.MemManage_Handler)
    i.NMI_Handler                            0x08002f9e   Section        0  stm32f1xx_it.o(i.NMI_Handler)
    i.PendSV_Handler                         0x08002fa0   Section        0  stm32f1xx_it.o(i.PendSV_Handler)
    i.SVC_Handler                            0x08002fa2   Section        0  stm32f1xx_it.o(i.SVC_Handler)
    i.SysTick_Handler                        0x08002fa4   Section        0  stm32f1xx_it.o(i.SysTick_Handler)
    i.SystemClock_Config                     0x08002fa8   Section        0  main.o(i.SystemClock_Config)
    i.SystemInit                             0x08003020   Section        0  system_stm32f1xx.o(i.SystemInit)
    i.TIM3_IRQHandler                        0x08003024   Section        0  stm32f1xx_it.o(i.TIM3_IRQHandler)
    i.TIM_Base_SetConfig                     0x08003030   Section        0  stm32f1xx_hal_tim.o(i.TIM_Base_SetConfig)
    i.TIM_ETR_SetConfig                      0x0800309c   Section        0  stm32f1xx_hal_tim.o(i.TIM_ETR_SetConfig)
    i.TIM_ITRx_SetConfig                     0x080030b0   Section        0  stm32f1xx_hal_tim.o(i.TIM_ITRx_SetConfig)
    TIM_ITRx_SetConfig                       0x080030b1   Thumb Code    16  stm32f1xx_hal_tim.o(i.TIM_ITRx_SetConfig)
    i.TIM_TI1_ConfigInputStage               0x080030c0   Section        0  stm32f1xx_hal_tim.o(i.TIM_TI1_ConfigInputStage)
    TIM_TI1_ConfigInputStage                 0x080030c1   Thumb Code    34  stm32f1xx_hal_tim.o(i.TIM_TI1_ConfigInputStage)
    i.TIM_TI2_ConfigInputStage               0x080030e2   Section        0  stm32f1xx_hal_tim.o(i.TIM_TI2_ConfigInputStage)
    TIM_TI2_ConfigInputStage                 0x080030e3   Thumb Code    36  stm32f1xx_hal_tim.o(i.TIM_TI2_ConfigInputStage)
    i.UART_DMAAbortOnError                   0x08003106   Section        0  stm32f1xx_hal_uart.o(i.UART_DMAAbortOnError)
    UART_DMAAbortOnError                     0x08003107   Thumb Code    16  stm32f1xx_hal_uart.o(i.UART_DMAAbortOnError)
    i.UART_EndRxTransfer                     0x08003116   Section        0  stm32f1xx_hal_uart.o(i.UART_EndRxTransfer)
    UART_EndRxTransfer                       0x08003117   Thumb Code    48  stm32f1xx_hal_uart.o(i.UART_EndRxTransfer)
    i.UART_Receive_IT                        0x08003146   Section        0  stm32f1xx_hal_uart.o(i.UART_Receive_IT)
    UART_Receive_IT                          0x08003147   Thumb Code   182  stm32f1xx_hal_uart.o(i.UART_Receive_IT)
    i.UART_SetConfig                         0x080031fc   Section        0  stm32f1xx_hal_uart.o(i.UART_SetConfig)
    UART_SetConfig                           0x080031fd   Thumb Code   178  stm32f1xx_hal_uart.o(i.UART_SetConfig)
    i.UART_Start_Receive_IT                  0x080032b4   Section        0  stm32f1xx_hal_uart.o(i.UART_Start_Receive_IT)
    i.UART_WaitOnFlagUntilTimeout            0x080032ea   Section        0  stm32f1xx_hal_uart.o(i.UART_WaitOnFlagUntilTimeout)
    UART_WaitOnFlagUntilTimeout              0x080032eb   Thumb Code   100  stm32f1xx_hal_uart.o(i.UART_WaitOnFlagUntilTimeout)
    i.USART1_IRQHandler                      0x08003350   Section        0  stm32f1xx_it.o(i.USART1_IRQHandler)
    i.UsageFault_Handler                     0x0800335c   Section        0  stm32f1xx_it.o(i.UsageFault_Handler)
    i.__ARM_fpclassify                       0x0800335e   Section        0  fpclassify.o(i.__ARM_fpclassify)
    i.__NVIC_SetPriority                     0x08003386   Section        0  stm32f1xx_hal_cortex.o(i.__NVIC_SetPriority)
    __NVIC_SetPriority                       0x08003387   Thumb Code    32  stm32f1xx_hal_cortex.o(i.__NVIC_SetPriority)
    i._is_digit                              0x080033a6   Section        0  __printf_wp.o(i._is_digit)
    i.cal_arr_and_psc                        0x080033b4   Section        0  main.o(i.cal_arr_and_psc)
    i.main                                   0x08003454   Section        0  main.o(i.main)
    i.sqrt                                   0x0800368c   Section        0  sqrt.o(i.sqrt)
    locale$$code                             0x080036d8   Section       44  lc_numeric_c.o(locale$$code)
    x$fpl$d2f                                0x08003704   Section       98  d2f.o(x$fpl$d2f)
    x$fpl$dcheck1                            0x08003768   Section       16  dcheck1.o(x$fpl$dcheck1)
    x$fpl$dfixu                              0x08003778   Section       90  dfixu.o(x$fpl$dfixu)
    x$fpl$dfltu                              0x080037d2   Section       38  dflt_clz.o(x$fpl$dfltu)
    x$fpl$dmul                               0x080037f8   Section      340  dmul.o(x$fpl$dmul)
    x$fpl$dnaninf                            0x0800394c   Section      156  dnaninf.o(x$fpl$dnaninf)
    x$fpl$dretinf                            0x080039e8   Section       12  dretinf.o(x$fpl$dretinf)
    x$fpl$dsqrt                              0x080039f4   Section      460  dsqrt_noumaal.o(x$fpl$dsqrt)
    x$fpl$f2d                                0x08003bc0   Section       86  f2d.o(x$fpl$f2d)
    x$fpl$fadd                               0x08003c18   Section      196  faddsub_clz.o(x$fpl$fadd)
    _fadd1                                   0x08003c27   Thumb Code     0  faddsub_clz.o(x$fpl$fadd)
    x$fpl$fdiv                               0x08003cdc   Section      388  fdiv.o(x$fpl$fdiv)
    _fdiv1                                   0x08003cdd   Thumb Code     0  fdiv.o(x$fpl$fdiv)
    x$fpl$ffixu                              0x08003e60   Section       62  ffixu.o(x$fpl$ffixu)
    x$fpl$fmul                               0x08003ea0   Section      258  fmul.o(x$fpl$fmul)
    x$fpl$fnaninf                            0x08003fa2   Section      140  fnaninf.o(x$fpl$fnaninf)
    x$fpl$fretinf                            0x0800402e   Section       10  fretinf.o(x$fpl$fretinf)
    x$fpl$fsub                               0x08004038   Section      234  faddsub_clz.o(x$fpl$fsub)
    _fsub1                                   0x08004047   Thumb Code     0  faddsub_clz.o(x$fpl$fsub)
    x$fpl$printf1                            0x08004122   Section        4  printf1.o(x$fpl$printf1)
    x$fpl$retnan                             0x08004126   Section      100  retnan.o(x$fpl$retnan)
    x$fpl$scalbn                             0x0800418a   Section       92  scalbn.o(x$fpl$scalbn)
    x$fpl$trapveneer                         0x080041e6   Section       48  trapv.o(x$fpl$trapveneer)
    .constdata                               0x08004216   Section       16  system_stm32f1xx.o(.constdata)
    x$fpl$usenofp                            0x08004216   Section        0  usenofp.o(x$fpl$usenofp)
    .constdata                               0x08004226   Section        8  system_stm32f1xx.o(.constdata)
    .constdata                               0x08004230   Section      148  bigflt0.o(.constdata)
    tenpwrs_x                                0x08004230   Data          60  bigflt0.o(.constdata)
    tenpwrs_i                                0x0800426c   Data          64  bigflt0.o(.constdata)
    locale$$data                             0x080042e4   Section       28  lc_numeric_c.o(locale$$data)
    __lcnum_c_name                           0x080042e8   Data           2  lc_numeric_c.o(locale$$data)
    __lcnum_c_start                          0x080042f0   Data           0  lc_numeric_c.o(locale$$data)
    __lcnum_c_point                          0x080042fc   Data           0  lc_numeric_c.o(locale$$data)
    __lcnum_c_thousands                      0x080042fe   Data           0  lc_numeric_c.o(locale$$data)
    __lcnum_c_grouping                       0x080042ff   Data           0  lc_numeric_c.o(locale$$data)
    __lcnum_c_end                            0x08004300   Data           0  lc_numeric_c.o(locale$$data)
    .data                                    0x20000000   Section       46  main.o(.data)
    .data                                    0x20000030   Section       12  stm32f1xx_hal.o(.data)
    .data                                    0x2000003c   Section        4  system_stm32f1xx.o(.data)
    .bss                                     0x20000040   Section      700  main.o(.bss)
    .bss                                     0x200002fc   Section       68  main.o(.bss)
    .bss                                     0x20000340   Section       96  libspace.o(.bss)
    HEAP                                     0x200003a0   Section      512  startup_stm32f103xb.o(HEAP)
    Heap_Mem                                 0x200003a0   Data         512  startup_stm32f103xb.o(HEAP)
    STACK                                    0x200005a0   Section     1024  startup_stm32f103xb.o(STACK)
    Stack_Mem                                0x200005a0   Data        1024  startup_stm32f103xb.o(STACK)
    __initial_sp                             0x200009a0   Data           0  startup_stm32f103xb.o(STACK)

    Global Symbols

    Symbol Name                              Value     Ov Type        Size  Object(Section)

    BuildAttributes$$THM_ISAv4$P$D$K$B$S$PE$A:L22UL41UL21$X:L11$S22US41US21$IEEE1$IW$USESV6$~STKCKD$USESV7$~SHL$OTIME$ROPI$IEEEJ$EBA8$UX$STANDARDLIB$REQ8$PRES8$EABIv2 0x00000000   Number         0  anon$$obj.o ABSOLUTE
    __ARM_use_no_argv                        0x00000000   Number         0  main.o ABSOLUTE
    _printf_flags                            0x00000000   Number         0  printf_stubs.o ABSOLUTE
    _printf_return_value                     0x00000000   Number         0  printf_stubs.o ABSOLUTE
    _printf_sizespec                         0x00000000   Number         0  printf_stubs.o ABSOLUTE
    _printf_widthprec                        0x00000000   Number         0  printf_stubs.o ABSOLUTE
    __ARM_exceptions_init                     - Undefined Weak Reference
    __alloca_initialize                       - Undefined Weak Reference
    __arm_fini_                               - Undefined Weak Reference
    __arm_preinit_                            - Undefined Weak Reference
    __cpp_initialize__aeabi_                  - Undefined Weak Reference
    __cxa_finalize                            - Undefined Weak Reference
    __sigvec_lookup                           - Undefined Weak Reference
    _atexit_init                              - Undefined Weak Reference
    _call_atexit_fns                          - Undefined Weak Reference
    _clock_init                               - Undefined Weak Reference
    _fp_trap_init                             - Undefined Weak Reference
    _fp_trap_shutdown                         - Undefined Weak Reference
    _get_lc_collate                           - Undefined Weak Reference
    _get_lc_ctype                             - Undefined Weak Reference
    _get_lc_monetary                          - Undefined Weak Reference
    _get_lc_time                              - Undefined Weak Reference
    _getenv_init                              - Undefined Weak Reference
    _handle_redirection                       - Undefined Weak Reference
    _init_alloc                               - Undefined Weak Reference
    _init_user_alloc                          - Undefined Weak Reference
    _initio                                   - Undefined Weak Reference
    _printf_post_padding                      - Undefined Weak Reference
    _printf_pre_padding                       - Undefined Weak Reference
    _rand_init                                - Undefined Weak Reference
    _signal_finish                            - Undefined Weak Reference
    _signal_init                              - Undefined Weak Reference
    _terminate_alloc                          - Undefined Weak Reference
    _terminate_user_alloc                     - Undefined Weak Reference
    _terminateio                              - Undefined Weak Reference
    __Vectors_Size                           0x000000ec   Number         0  startup_stm32f103xb.o ABSOLUTE
    __Vectors                                0x08000000   Data           4  startup_stm32f103xb.o(RESET)
    __Vectors_End                            0x080000ec   Data           0  startup_stm32f103xb.o(RESET)
    __main                                   0x080000ed   Thumb Code     8  __main.o(!!!main)
    __scatterload                            0x080000f5   Thumb Code     0  __scatter.o(!!!scatter)
    __scatterload_rt2                        0x080000f5   Thumb Code    44  __scatter.o(!!!scatter)
    __scatterload_rt2_thumb_only             0x080000f5   Thumb Code     0  __scatter.o(!!!scatter)
    __scatterload_null                       0x08000103   Thumb Code     0  __scatter.o(!!!scatter)
    __scatterload_copy                       0x08000129   Thumb Code    26  __scatter_copy.o(!!handler_copy)
    __scatterload_zeroinit                   0x08000145   Thumb Code    28  __scatter_zi.o(!!handler_zi)
    _printf_f                                0x08000161   Thumb Code     0  _printf_f.o(.ARM.Collect$$_printf_percent$$00000003)
    _printf_percent                          0x08000161   Thumb Code     0  _printf_percent.o(.ARM.Collect$$_printf_percent$$00000000)
    _printf_percent_end                      0x08000167   Thumb Code     0  _printf_percent_end.o(.ARM.Collect$$_printf_percent$$00000017)
    __rt_lib_init                            0x0800016b   Thumb Code     0  libinit.o(.ARM.Collect$$libinit$$00000000)
    __rt_lib_init_fp_1                       0x0800016d   Thumb Code     0  libinit2.o(.ARM.Collect$$libinit$$00000002)
    __rt_lib_init_heap_1                     0x0800016d   Thumb Code     0  libinit2.o(.ARM.Collect$$libinit$$0000000A)
    __rt_lib_init_lc_common                  0x0800016d   Thumb Code     0  libinit2.o(.ARM.Collect$$libinit$$0000000F)
    __rt_lib_init_preinit_1                  0x0800016d   Thumb Code     0  libinit2.o(.ARM.Collect$$libinit$$00000004)
    __rt_lib_init_rand_1                     0x0800016d   Thumb Code     0  libinit2.o(.ARM.Collect$$libinit$$0000000E)
    __rt_lib_init_user_alloc_1               0x0800016d   Thumb Code     0  libinit2.o(.ARM.Collect$$libinit$$0000000C)
    __rt_lib_init_lc_collate_1               0x08000173   Thumb Code     0  libinit2.o(.ARM.Collect$$libinit$$00000011)
    __rt_lib_init_lc_ctype_1                 0x08000173   Thumb Code     0  libinit2.o(.ARM.Collect$$libinit$$00000013)
    __rt_lib_init_lc_monetary_1              0x08000173   Thumb Code     0  libinit2.o(.ARM.Collect$$libinit$$00000015)
    __rt_lib_init_lc_numeric_2               0x08000173   Thumb Code     0  libinit2.o(.ARM.Collect$$libinit$$00000016)
    __rt_lib_init_alloca_1                   0x0800017d   Thumb Code     0  libinit2.o(.ARM.Collect$$libinit$$0000002E)
    __rt_lib_init_argv_1                     0x0800017d   Thumb Code     0  libinit2.o(.ARM.Collect$$libinit$$0000002C)
    __rt_lib_init_atexit_1                   0x0800017d   Thumb Code     0  libinit2.o(.ARM.Collect$$libinit$$0000001B)
    __rt_lib_init_clock_1                    0x0800017d   Thumb Code     0  libinit2.o(.ARM.Collect$$libinit$$00000021)
    __rt_lib_init_cpp_1                      0x0800017d   Thumb Code     0  libinit2.o(.ARM.Collect$$libinit$$00000032)
    __rt_lib_init_exceptions_1               0x0800017d   Thumb Code     0  libinit2.o(.ARM.Collect$$libinit$$00000030)
    __rt_lib_init_fp_trap_1                  0x0800017d   Thumb Code     0  libinit2.o(.ARM.Collect$$libinit$$0000001F)
    __rt_lib_init_getenv_1                   0x0800017d   Thumb Code     0  libinit2.o(.ARM.Collect$$libinit$$00000023)
    __rt_lib_init_lc_numeric_1               0x0800017d   Thumb Code     0  libinit2.o(.ARM.Collect$$libinit$$00000017)
    __rt_lib_init_lc_time_1                  0x0800017d   Thumb Code     0  libinit2.o(.ARM.Collect$$libinit$$00000019)
    __rt_lib_init_return                     0x0800017d   Thumb Code     0  libinit2.o(.ARM.Collect$$libinit$$00000033)
    __rt_lib_init_signal_1                   0x0800017d   Thumb Code     0  libinit2.o(.ARM.Collect$$libinit$$0000001D)
    __rt_lib_init_stdio_1                    0x0800017d   Thumb Code     0  libinit2.o(.ARM.Collect$$libinit$$00000025)
    __rt_lib_shutdown                        0x0800017f   Thumb Code     0  libshutdown.o(.ARM.Collect$$libshutdown$$00000000)
    __rt_lib_shutdown_cpp_1                  0x08000181   Thumb Code     0  libshutdown2.o(.ARM.Collect$$libshutdown$$00000004)
    __rt_lib_shutdown_fini_1                 0x08000181   Thumb Code     0  libshutdown2.o(.ARM.Collect$$libshutdown$$00000002)
    __rt_lib_shutdown_fp_trap_1              0x08000181   Thumb Code     0  libshutdown2.o(.ARM.Collect$$libshutdown$$00000009)
    __rt_lib_shutdown_heap_1                 0x08000181   Thumb Code     0  libshutdown2.o(.ARM.Collect$$libshutdown$$00000011)
    __rt_lib_shutdown_return                 0x08000181   Thumb Code     0  libshutdown2.o(.ARM.Collect$$libshutdown$$00000012)
    __rt_lib_shutdown_signal_1               0x08000181   Thumb Code     0  libshutdown2.o(.ARM.Collect$$libshutdown$$0000000C)
    __rt_lib_shutdown_stdio_1                0x08000181   Thumb Code     0  libshutdown2.o(.ARM.Collect$$libshutdown$$00000006)
    __rt_lib_shutdown_user_alloc_1           0x08000181   Thumb Code     0  libshutdown2.o(.ARM.Collect$$libshutdown$$0000000E)
    __rt_entry                               0x08000183   Thumb Code     0  __rtentry.o(.ARM.Collect$$rtentry$$00000000)
    __rt_entry_presh_1                       0x08000183   Thumb Code     0  __rtentry2.o(.ARM.Collect$$rtentry$$00000002)
    __rt_entry_sh                            0x08000183   Thumb Code     0  __rtentry4.o(.ARM.Collect$$rtentry$$00000004)
    __rt_entry_li                            0x08000189   Thumb Code     0  __rtentry2.o(.ARM.Collect$$rtentry$$0000000A)
    __rt_entry_postsh_1                      0x08000189   Thumb Code     0  __rtentry2.o(.ARM.Collect$$rtentry$$00000009)
    __rt_entry_main                          0x0800018d   Thumb Code     0  __rtentry2.o(.ARM.Collect$$rtentry$$0000000D)
    __rt_entry_postli_1                      0x0800018d   Thumb Code     0  __rtentry2.o(.ARM.Collect$$rtentry$$0000000C)
    __rt_exit                                0x08000195   Thumb Code     0  rtexit.o(.ARM.Collect$$rtexit$$00000000)
    __rt_exit_ls                             0x08000197   Thumb Code     0  rtexit2.o(.ARM.Collect$$rtexit$$00000003)
    __rt_exit_prels_1                        0x08000197   Thumb Code     0  rtexit2.o(.ARM.Collect$$rtexit$$00000002)
    __rt_exit_exit                           0x0800019b   Thumb Code     0  rtexit2.o(.ARM.Collect$$rtexit$$00000004)
    Reset_Handler                            0x080001a1   Thumb Code     8  startup_stm32f103xb.o(.text)
    CAN1_RX1_IRQHandler                      0x080001bb   Thumb Code     0  startup_stm32f103xb.o(.text)
    CAN1_SCE_IRQHandler                      0x080001bb   Thumb Code     0  startup_stm32f103xb.o(.text)
    DMA1_Channel2_IRQHandler                 0x080001bb   Thumb Code     0  startup_stm32f103xb.o(.text)
    DMA1_Channel3_IRQHandler                 0x080001bb   Thumb Code     0  startup_stm32f103xb.o(.text)
    DMA1_Channel4_IRQHandler                 0x080001bb   Thumb Code     0  startup_stm32f103xb.o(.text)
    DMA1_Channel5_IRQHandler                 0x080001bb   Thumb Code     0  startup_stm32f103xb.o(.text)
    DMA1_Channel6_IRQHandler                 0x080001bb   Thumb Code     0  startup_stm32f103xb.o(.text)
    DMA1_Channel7_IRQHandler                 0x080001bb   Thumb Code     0  startup_stm32f103xb.o(.text)
    EXTI0_IRQHandler                         0x080001bb   Thumb Code     0  startup_stm32f103xb.o(.text)
    EXTI15_10_IRQHandler                     0x080001bb   Thumb Code     0  startup_stm32f103xb.o(.text)
    EXTI1_IRQHandler                         0x080001bb   Thumb Code     0  startup_stm32f103xb.o(.text)
    EXTI2_IRQHandler                         0x080001bb   Thumb Code     0  startup_stm32f103xb.o(.text)
    EXTI3_IRQHandler                         0x080001bb   Thumb Code     0  startup_stm32f103xb.o(.text)
    EXTI4_IRQHandler                         0x080001bb   Thumb Code     0  startup_stm32f103xb.o(.text)
    EXTI9_5_IRQHandler                       0x080001bb   Thumb Code     0  startup_stm32f103xb.o(.text)
    FLASH_IRQHandler                         0x080001bb   Thumb Code     0  startup_stm32f103xb.o(.text)
    I2C1_ER_IRQHandler                       0x080001bb   Thumb Code     0  startup_stm32f103xb.o(.text)
    I2C1_EV_IRQHandler                       0x080001bb   Thumb Code     0  startup_stm32f103xb.o(.text)
    I2C2_ER_IRQHandler                       0x080001bb   Thumb Code     0  startup_stm32f103xb.o(.text)
    I2C2_EV_IRQHandler                       0x080001bb   Thumb Code     0  startup_stm32f103xb.o(.text)
    PVD_IRQHandler                           0x080001bb   Thumb Code     0  startup_stm32f103xb.o(.text)
    RCC_IRQHandler                           0x080001bb   Thumb Code     0  startup_stm32f103xb.o(.text)
    RTC_Alarm_IRQHandler                     0x080001bb   Thumb Code     0  startup_stm32f103xb.o(.text)
    RTC_IRQHandler                           0x080001bb   Thumb Code     0  startup_stm32f103xb.o(.text)
    SPI1_IRQHandler                          0x080001bb   Thumb Code     0  startup_stm32f103xb.o(.text)
    SPI2_IRQHandler                          0x080001bb   Thumb Code     0  startup_stm32f103xb.o(.text)
    TAMPER_IRQHandler                        0x080001bb   Thumb Code     0  startup_stm32f103xb.o(.text)
    TIM1_BRK_IRQHandler                      0x080001bb   Thumb Code     0  startup_stm32f103xb.o(.text)
    TIM1_CC_IRQHandler                       0x080001bb   Thumb Code     0  startup_stm32f103xb.o(.text)
    TIM1_TRG_COM_IRQHandler                  0x080001bb   Thumb Code     0  startup_stm32f103xb.o(.text)
    TIM1_UP_IRQHandler                       0x080001bb   Thumb Code     0  startup_stm32f103xb.o(.text)
    TIM2_IRQHandler                          0x080001bb   Thumb Code     0  startup_stm32f103xb.o(.text)
    TIM4_IRQHandler                          0x080001bb   Thumb Code     0  startup_stm32f103xb.o(.text)
    USART2_IRQHandler                        0x080001bb   Thumb Code     0  startup_stm32f103xb.o(.text)
    USART3_IRQHandler                        0x080001bb   Thumb Code     0  startup_stm32f103xb.o(.text)
    USBWakeUp_IRQHandler                     0x080001bb   Thumb Code     0  startup_stm32f103xb.o(.text)
    USB_HP_CAN1_TX_IRQHandler                0x080001bb   Thumb Code     0  startup_stm32f103xb.o(.text)
    USB_LP_CAN1_RX0_IRQHandler               0x080001bb   Thumb Code     0  startup_stm32f103xb.o(.text)
    WWDG_IRQHandler                          0x080001bb   Thumb Code     0  startup_stm32f103xb.o(.text)
    __user_initial_stackheap                 0x080001bd   Thumb Code     0  startup_stm32f103xb.o(.text)
    __2sprintf                               0x080001e1   Thumb Code    34  noretval__2sprintf.o(.text)
    __printf                                 0x08000209   Thumb Code   270  __printf_wp.o(.text)
    strstr                                   0x08000317   Thumb Code    36  strstr.o(.text)
    strlen                                   0x0800033b   Thumb Code    62  strlen.o(.text)
    __aeabi_memclr4                          0x08000379   Thumb Code     0  rt_memclr_w.o(.text)
    __aeabi_memclr8                          0x08000379   Thumb Code     0  rt_memclr_w.o(.text)
    __rt_memclr_w                            0x08000379   Thumb Code    78  rt_memclr_w.o(.text)
    _memset_w                                0x0800037d   Thumb Code     0  rt_memclr_w.o(.text)
    __use_two_region_memory                  0x080003c7   Thumb Code     2  heapauxi.o(.text)
    __rt_heap_escrow$2region                 0x080003c9   Thumb Code     2  heapauxi.o(.text)
    __rt_heap_expand$2region                 0x080003cb   Thumb Code     2  heapauxi.o(.text)
    __read_errno                             0x080003cd   Thumb Code    10  _rserrno.o(.text)
    __set_errno                              0x080003d7   Thumb Code    12  _rserrno.o(.text)
    __lib_sel_fp_printf                      0x080003e3   Thumb Code     2  _printf_fp_dec.o(.text)
    _printf_fp_dec_real                      0x08000595   Thumb Code   620  _printf_fp_dec.o(.text)
    _printf_char_common                      0x0800080b   Thumb Code    32  _printf_char_common.o(.text)
    _sputc                                   0x08000831   Thumb Code    10  _sputc.o(.text)
    __rt_locale                              0x0800083d   Thumb Code     8  rt_locale_intlibspace.o(.text)
    __aeabi_errno_addr                       0x08000845   Thumb Code     8  rt_errno_addr_intlibspace.o(.text)
    __errno$intlibspace                      0x08000845   Thumb Code     0  rt_errno_addr_intlibspace.o(.text)
    __rt_errno_addr$intlibspace              0x08000845   Thumb Code     0  rt_errno_addr_intlibspace.o(.text)
    _ll_udiv10                               0x0800084d   Thumb Code   138  lludiv10.o(.text)
    _printf_fp_infnan                        0x080008d9   Thumb Code   112  _printf_fp_infnan.o(.text)
    _btod_etento                             0x08000959   Thumb Code   224  bigflt0.o(.text)
    __user_libspace                          0x08000a3d   Thumb Code     8  libspace.o(.text)
    __user_perproc_libspace                  0x08000a3d   Thumb Code     0  libspace.o(.text)
    __user_perthread_libspace                0x08000a3d   Thumb Code     0  libspace.o(.text)
    __user_setup_stackheap                   0x08000a45   Thumb Code    74  sys_stackheap_outer.o(.text)
    exit                                     0x08000a8f   Thumb Code    18  exit.o(.text)
    strcmp                                   0x08000aa1   Thumb Code   128  strcmpv7m.o(.text)
    _sys_exit                                0x08000b21   Thumb Code     8  sys_exit.o(.text)
    __I$use$semihosting                      0x08000b2d   Thumb Code     0  use_no_semi.o(.text)
    __use_no_semihosting_swi                 0x08000b2d   Thumb Code     2  use_no_semi.o(.text)
    __semihosting_library_function           0x08000b2f   Thumb Code     0  indicate_semi.o(.text)
    _btod_d2e                                0x08000b2f   Thumb Code    62  btod.o(CL$$btod_d2e)
    _d2e_denorm_low                          0x08000b6d   Thumb Code    70  btod.o(CL$$btod_d2e_denorm_low)
    _d2e_norm_op1                            0x08000bb3   Thumb Code    96  btod.o(CL$$btod_d2e_norm_op1)
    __btod_div_common                        0x08000c13   Thumb Code   696  btod.o(CL$$btod_div_common)
    _e2e                                     0x08000f4b   Thumb Code   220  btod.o(CL$$btod_e2e)
    _btod_ediv                               0x08001027   Thumb Code    42  btod.o(CL$$btod_ediv)
    _btod_emul                               0x08001051   Thumb Code    42  btod.o(CL$$btod_emul)
    __btod_mult_common                       0x0800107b   Thumb Code   580  btod.o(CL$$btod_mult_common)
    ADC1_2_IRQHandler                        0x080012c1   Thumb Code     6  stm32f1xx_it.o(i.ADC1_2_IRQHandler)
    ADC_ConversionStop_Disable               0x080012cd   Thumb Code    86  stm32f1xx_hal_adc.o(i.ADC_ConversionStop_Disable)
    ADC_DMAConvCplt                          0x08001323   Thumb Code    78  stm32f1xx_hal_adc.o(i.ADC_DMAConvCplt)
    ADC_DMAError                             0x08001371   Thumb Code    26  stm32f1xx_hal_adc.o(i.ADC_DMAError)
    ADC_DMAHalfConvCplt                      0x0800138b   Thumb Code    10  stm32f1xx_hal_adc.o(i.ADC_DMAHalfConvCplt)
    ADC_Enable                               0x08001395   Thumb Code   114  stm32f1xx_hal_adc.o(i.ADC_Enable)
    BusFault_Handler                         0x08001411   Thumb Code     2  stm32f1xx_it.o(i.BusFault_Handler)
    DMA1_Channel1_IRQHandler                 0x08001415   Thumb Code     6  stm32f1xx_it.o(i.DMA1_Channel1_IRQHandler)
    DebugMon_Handler                         0x0800144b   Thumb Code     2  stm32f1xx_it.o(i.DebugMon_Handler)
    Error_Handler                            0x0800144d   Thumb Code     4  main.o(i.Error_Handler)
    HAL_ADCEx_Calibration_Start              0x08001451   Thumb Code   210  stm32f1xx_hal_adc_ex.o(i.HAL_ADCEx_Calibration_Start)
    HAL_ADCEx_InjectedConvCpltCallback       0x08001529   Thumb Code     2  stm32f1xx_hal_adc_ex.o(i.HAL_ADCEx_InjectedConvCpltCallback)
    HAL_ADC_ConfigChannel                    0x0800152d   Thumb Code   240  stm32f1xx_hal_adc.o(i.HAL_ADC_ConfigChannel)
    HAL_ADC_ConvCpltCallback                 0x08001629   Thumb Code    68  main.o(i.HAL_ADC_ConvCpltCallback)
    HAL_ADC_ConvHalfCpltCallback             0x08001675   Thumb Code     2  stm32f1xx_hal_adc.o(i.HAL_ADC_ConvHalfCpltCallback)
    HAL_ADC_ErrorCallback                    0x08001677   Thumb Code     2  stm32f1xx_hal_adc.o(i.HAL_ADC_ErrorCallback)
    HAL_ADC_IRQHandler                       0x08001679   Thumb Code   230  stm32f1xx_hal_adc.o(i.HAL_ADC_IRQHandler)
    HAL_ADC_Init                             0x08001761   Thumb Code   272  stm32f1xx_hal_adc.o(i.HAL_ADC_Init)
    HAL_ADC_LevelOutOfWindowCallback         0x0800187d   Thumb Code     2  stm32f1xx_hal_adc.o(i.HAL_ADC_LevelOutOfWindowCallback)
    HAL_ADC_MspInit                          0x08001881   Thumb Code   138  stm32f1xx_hal_msp.o(i.HAL_ADC_MspInit)
    HAL_ADC_Start_DMA                        0x08001921   Thumb Code   246  stm32f1xx_hal_adc.o(i.HAL_ADC_Start_DMA)
    HAL_DMA_Abort                            0x08001a2d   Thumb Code    70  stm32f1xx_hal_dma.o(i.HAL_DMA_Abort)
    HAL_DMA_Abort_IT                         0x08001a75   Thumb Code   148  stm32f1xx_hal_dma.o(i.HAL_DMA_Abort_IT)
    HAL_DMA_IRQHandler                       0x08001b0d   Thumb Code   316  stm32f1xx_hal_dma.o(i.HAL_DMA_IRQHandler)
    HAL_DMA_Init                             0x08001c61   Thumb Code    84  stm32f1xx_hal_dma.o(i.HAL_DMA_Init)
    HAL_DMA_Start_IT                         0x08001cbd   Thumb Code   112  stm32f1xx_hal_dma.o(i.HAL_DMA_Start_IT)
    HAL_GPIO_Init                            0x08001d2d   Thumb Code   446  stm32f1xx_hal_gpio.o(i.HAL_GPIO_Init)
    HAL_GetTick                              0x08001f0d   Thumb Code     6  stm32f1xx_hal.o(i.HAL_GetTick)
    HAL_IncTick                              0x08001f19   Thumb Code    12  stm32f1xx_hal.o(i.HAL_IncTick)
    HAL_Init                                 0x08001f29   Thumb Code    32  stm32f1xx_hal.o(i.HAL_Init)
    HAL_InitTick                             0x08001f4d   Thumb Code    54  stm32f1xx_hal.o(i.HAL_InitTick)
    HAL_MspInit                              0x08001f8d   Thumb Code    38  stm32f1xx_hal_msp.o(i.HAL_MspInit)
    HAL_NVIC_EnableIRQ                       0x08001fb9   Thumb Code    26  stm32f1xx_hal_cortex.o(i.HAL_NVIC_EnableIRQ)
    HAL_NVIC_SetPriority                     0x08001fd5   Thumb Code    60  stm32f1xx_hal_cortex.o(i.HAL_NVIC_SetPriority)
    HAL_NVIC_SetPriorityGrouping             0x08002015   Thumb Code    26  stm32f1xx_hal_cortex.o(i.HAL_NVIC_SetPriorityGrouping)
    HAL_RCCEx_GetPeriphCLKFreq               0x08002039   Thumb Code   166  stm32f1xx_hal_rcc_ex.o(i.HAL_RCCEx_GetPeriphCLKFreq)
    HAL_RCCEx_PeriphCLKConfig                0x08002101   Thumb Code   224  stm32f1xx_hal_rcc_ex.o(i.HAL_RCCEx_PeriphCLKConfig)
    HAL_RCC_ClockConfig                      0x080021ed   Thumb Code   280  stm32f1xx_hal_rcc.o(i.HAL_RCC_ClockConfig)
    HAL_RCC_GetPCLK1Freq                     0x08002319   Thumb Code    20  stm32f1xx_hal_rcc.o(i.HAL_RCC_GetPCLK1Freq)
    HAL_RCC_GetPCLK2Freq                     0x08002339   Thumb Code    20  stm32f1xx_hal_rcc.o(i.HAL_RCC_GetPCLK2Freq)
    HAL_RCC_GetSysClockFreq                  0x08002359   Thumb Code    74  stm32f1xx_hal_rcc.o(i.HAL_RCC_GetSysClockFreq)
    HAL_RCC_OscConfig                        0x080023c5   Thumb Code   778  stm32f1xx_hal_rcc.o(i.HAL_RCC_OscConfig)
    HAL_SYSTICK_Config                       0x080026e5   Thumb Code    40  stm32f1xx_hal_cortex.o(i.HAL_SYSTICK_Config)
    HAL_TIMEx_BreakCallback                  0x0800270d   Thumb Code     2  stm32f1xx_hal_tim_ex.o(i.HAL_TIMEx_BreakCallback)
    HAL_TIMEx_CommutCallback                 0x0800270f   Thumb Code     2  stm32f1xx_hal_tim_ex.o(i.HAL_TIMEx_CommutCallback)
    HAL_TIMEx_MasterConfigSynchronization    0x08002711   Thumb Code    92  stm32f1xx_hal_tim_ex.o(i.HAL_TIMEx_MasterConfigSynchronization)
    HAL_TIM_Base_Init                        0x08002779   Thumb Code    90  stm32f1xx_hal_tim.o(i.HAL_TIM_Base_Init)
    HAL_TIM_Base_MspInit                     0x080027d5   Thumb Code    50  stm32f1xx_hal_msp.o(i.HAL_TIM_Base_MspInit)
    HAL_TIM_Base_Start                       0x08002811   Thumb Code    66  stm32f1xx_hal_tim.o(i.HAL_TIM_Base_Start)
    HAL_TIM_ConfigClockSource                0x08002861   Thumb Code   214  stm32f1xx_hal_tim.o(i.HAL_TIM_ConfigClockSource)
    HAL_TIM_IC_CaptureCallback               0x08002937   Thumb Code     2  stm32f1xx_hal_tim.o(i.HAL_TIM_IC_CaptureCallback)
    HAL_TIM_IRQHandler                       0x08002939   Thumb Code   358  stm32f1xx_hal_tim.o(i.HAL_TIM_IRQHandler)
    HAL_TIM_OC_DelayElapsedCallback          0x08002a9f   Thumb Code     2  stm32f1xx_hal_tim.o(i.HAL_TIM_OC_DelayElapsedCallback)
    HAL_TIM_PWM_PulseFinishedCallback        0x08002aa1   Thumb Code     2  stm32f1xx_hal_tim.o(i.HAL_TIM_PWM_PulseFinishedCallback)
    HAL_TIM_PeriodElapsedCallback            0x08002aa3   Thumb Code     2  stm32f1xx_hal_tim.o(i.HAL_TIM_PeriodElapsedCallback)
    HAL_TIM_TriggerCallback                  0x08002aa5   Thumb Code     2  stm32f1xx_hal_tim.o(i.HAL_TIM_TriggerCallback)
    HAL_UARTEx_RxEventCallback               0x08002aa7   Thumb Code     2  stm32f1xx_hal_uart.o(i.HAL_UARTEx_RxEventCallback)
    HAL_UART_ErrorCallback                   0x08002aa9   Thumb Code     2  stm32f1xx_hal_uart.o(i.HAL_UART_ErrorCallback)
    HAL_UART_IRQHandler                      0x08002aad   Thumb Code   520  stm32f1xx_hal_uart.o(i.HAL_UART_IRQHandler)
    HAL_UART_Init                            0x08002cb9   Thumb Code    98  stm32f1xx_hal_uart.o(i.HAL_UART_Init)
    HAL_UART_MspInit                         0x08002d1d   Thumb Code   116  stm32f1xx_hal_msp.o(i.HAL_UART_MspInit)
    HAL_UART_Receive_IT                      0x08002d9d   Thumb Code    42  stm32f1xx_hal_uart.o(i.HAL_UART_Receive_IT)
    HAL_UART_RxCpltCallback                  0x08002dc9   Thumb Code    92  main.o(i.HAL_UART_RxCpltCallback)
    HAL_UART_Transmit                        0x08002e31   Thumb Code   178  stm32f1xx_hal_uart.o(i.HAL_UART_Transmit)
    HAL_UART_TxCpltCallback                  0x08002ee3   Thumb Code     2  stm32f1xx_hal_uart.o(i.HAL_UART_TxCpltCallback)
    HardFault_Handler                        0x08002ee5   Thumb Code     2  stm32f1xx_it.o(i.HardFault_Handler)
    MemManage_Handler                        0x08002f9d   Thumb Code     2  stm32f1xx_it.o(i.MemManage_Handler)
    NMI_Handler                              0x08002f9f   Thumb Code     2  stm32f1xx_it.o(i.NMI_Handler)
    PendSV_Handler                           0x08002fa1   Thumb Code     2  stm32f1xx_it.o(i.PendSV_Handler)
    SVC_Handler                              0x08002fa3   Thumb Code     2  stm32f1xx_it.o(i.SVC_Handler)
    SysTick_Handler                          0x08002fa5   Thumb Code     4  stm32f1xx_it.o(i.SysTick_Handler)
    SystemClock_Config                       0x08002fa9   Thumb Code   120  main.o(i.SystemClock_Config)
    SystemInit                               0x08003021   Thumb Code     2  system_stm32f1xx.o(i.SystemInit)
    TIM3_IRQHandler                          0x08003025   Thumb Code     6  stm32f1xx_it.o(i.TIM3_IRQHandler)
    TIM_Base_SetConfig                       0x08003031   Thumb Code    94  stm32f1xx_hal_tim.o(i.TIM_Base_SetConfig)
    TIM_ETR_SetConfig                        0x0800309d   Thumb Code    20  stm32f1xx_hal_tim.o(i.TIM_ETR_SetConfig)
    UART_Start_Receive_IT                    0x080032b5   Thumb Code    54  stm32f1xx_hal_uart.o(i.UART_Start_Receive_IT)
    USART1_IRQHandler                        0x08003351   Thumb Code     6  stm32f1xx_it.o(i.USART1_IRQHandler)
    UsageFault_Handler                       0x0800335d   Thumb Code     2  stm32f1xx_it.o(i.UsageFault_Handler)
    __ARM_fpclassify                         0x0800335f   Thumb Code    40  fpclassify.o(i.__ARM_fpclassify)
    _is_digit                                0x080033a7   Thumb Code    14  __printf_wp.o(i._is_digit)
    cal_arr_and_psc                          0x080033b5   Thumb Code   154  main.o(i.cal_arr_and_psc)
    main                                     0x08003455   Thumb Code   446  main.o(i.main)
    sqrt                                     0x0800368d   Thumb Code    76  sqrt.o(i.sqrt)
    _get_lc_numeric                          0x080036d9   Thumb Code    44  lc_numeric_c.o(locale$$code)
    __aeabi_d2f                              0x08003705   Thumb Code     0  d2f.o(x$fpl$d2f)
    _d2f                                     0x08003705   Thumb Code    98  d2f.o(x$fpl$d2f)
    __fpl_dcheck_NaN1                        0x08003769   Thumb Code    10  dcheck1.o(x$fpl$dcheck1)
    __aeabi_d2uiz                            0x08003779   Thumb Code     0  dfixu.o(x$fpl$dfixu)
    _dfixu                                   0x08003779   Thumb Code    90  dfixu.o(x$fpl$dfixu)
    __aeabi_ui2d                             0x080037d3   Thumb Code     0  dflt_clz.o(x$fpl$dfltu)
    _dfltu                                   0x080037d3   Thumb Code    38  dflt_clz.o(x$fpl$dfltu)
    __aeabi_dmul                             0x080037f9   Thumb Code     0  dmul.o(x$fpl$dmul)
    _dmul                                    0x080037f9   Thumb Code   332  dmul.o(x$fpl$dmul)
    __fpl_dnaninf                            0x0800394d   Thumb Code   156  dnaninf.o(x$fpl$dnaninf)
    __fpl_dretinf                            0x080039e9   Thumb Code    12  dretinf.o(x$fpl$dretinf)
    _dsqrt                                   0x080039f5   Thumb Code   456  dsqrt_noumaal.o(x$fpl$dsqrt)
    __aeabi_f2d                              0x08003bc1   Thumb Code     0  f2d.o(x$fpl$f2d)
    _f2d                                     0x08003bc1   Thumb Code    86  f2d.o(x$fpl$f2d)
    __aeabi_fadd                             0x08003c19   Thumb Code     0  faddsub_clz.o(x$fpl$fadd)
    _fadd                                    0x08003c19   Thumb Code   196  faddsub_clz.o(x$fpl$fadd)
    __aeabi_fdiv                             0x08003cdd   Thumb Code     0  fdiv.o(x$fpl$fdiv)
    _fdiv                                    0x08003cdd   Thumb Code   384  fdiv.o(x$fpl$fdiv)
    __aeabi_f2uiz                            0x08003e61   Thumb Code     0  ffixu.o(x$fpl$ffixu)
    _ffixu                                   0x08003e61   Thumb Code    62  ffixu.o(x$fpl$ffixu)
    __aeabi_fmul                             0x08003ea1   Thumb Code     0  fmul.o(x$fpl$fmul)
    _fmul                                    0x08003ea1   Thumb Code   258  fmul.o(x$fpl$fmul)
    __fpl_fnaninf                            0x08003fa3   Thumb Code   140  fnaninf.o(x$fpl$fnaninf)
    __fpl_fretinf                            0x0800402f   Thumb Code    10  fretinf.o(x$fpl$fretinf)
    __aeabi_fsub                             0x08004039   Thumb Code     0  faddsub_clz.o(x$fpl$fsub)
    _fsub                                    0x08004039   Thumb Code   234  faddsub_clz.o(x$fpl$fsub)
    _printf_fp_dec                           0x08004123   Thumb Code     4  printf1.o(x$fpl$printf1)
    __fpl_return_NaN                         0x08004127   Thumb Code   100  retnan.o(x$fpl$retnan)
    __ARM_scalbn                             0x0800418b   Thumb Code    92  scalbn.o(x$fpl$scalbn)
    __fpl_cmpreturn                          0x080041e7   Thumb Code    48  trapv.o(x$fpl$trapveneer)
    AHBPrescTable                            0x08004216   Data          16  system_stm32f1xx.o(.constdata)
    __I$use$fp                               0x08004216   Number         0  usenofp.o(x$fpl$usenofp)
    APBPrescTable                            0x08004226   Data           8  system_stm32f1xx.o(.constdata)
    Region$$Table$$Base                      0x080042c4   Number         0  anon$$obj.o(Region$$Table)
    Region$$Table$$Limit                     0x080042e4   Number         0  anon$$obj.o(Region$$Table)
    Uart1_Rx_Cnt                             0x20000000   Data           1  main.o(.data)
    Uart1_RxFlag                             0x20000001   Data           1  main.o(.data)
    BLEConnected                             0x20000002   Data           1  main.o(.data)
    ADC_DMAFlag                              0x20000003   Data           1  main.o(.data)
    aRxBuffer                                0x20000004   Data           1  main.o(.data)
    adc_value                                0x20000008   Data           4  main.o(.data)
    u1                                       0x2000000c   Data           4  main.o(.data)
    u2                                       0x20000010   Data           4  main.o(.data)
    cAlmStr                                  0x20000014   Data          26  main.o(.data)
    uwTickFreq                               0x20000030   Data           1  stm32f1xx_hal.o(.data)
    uwTickPrio                               0x20000034   Data           4  stm32f1xx_hal.o(.data)
    uwTick                                   0x20000038   Data           4  stm32f1xx_hal.o(.data)
    SystemCoreClock                          0x2000003c   Data           4  system_stm32f1xx.o(.data)
    Uart1_RxBuff                             0x20000040   Data         256  main.o(.bss)
    Uart1_TxBuff                             0x20000140   Data         256  main.o(.bss)
    hadc1                                    0x20000240   Data          48  main.o(.bss)
    htim3                                    0x20000270   Data          72  main.o(.bss)
    huart1                                   0x200002b8   Data          68  main.o(.bss)
    hdma_adc1                                0x200002fc   Data          68  main.o(.bss)
    __libspace_start                         0x20000340   Data          96  libspace.o(.bss)
    __temporary_stack_top$libspace           0x200003a0   Data           0  libspace.o(.bss)



==============================================================================

Memory Map of the image

  Image Entry point : 0x080000ed

  Load Region LR_IROM1 (Base: 0x08000000, Size: 0x00004340, Max: 0x00010000, ABSOLUTE)

    Execution Region ER_IROM1 (Exec base: 0x08000000, Load base: 0x08000000, Size: 0x00004300, Max: 0x00010000, ABSOLUTE)

    Exec Addr    Load Addr    Size         Type   Attr      Idx    E Section Name        Object

    0x08000000   0x08000000   0x000000ec   Data   RO            3    RESET               startup_stm32f103xb.o
    0x080000ec   0x080000ec   0x00000008   Code   RO         3043  * !!!main             c_w.l(__main.o)
    0x080000f4   0x080000f4   0x00000034   Code   RO         3326    !!!scatter          c_w.l(__scatter.o)
    0x08000128   0x08000128   0x0000001a   Code   RO         3328    !!handler_copy      c_w.l(__scatter_copy.o)
    0x08000142   0x08000142   0x00000002   PAD
    0x08000144   0x08000144   0x0000001c   Code   RO         3330    !!handler_zi        c_w.l(__scatter_zi.o)
    0x08000160   0x08000160   0x00000000   Code   RO         3034    .ARM.Collect$$_printf_percent$$00000000  c_w.l(_printf_percent.o)
    0x08000160   0x08000160   0x00000006   Code   RO         3033    .ARM.Collect$$_printf_percent$$00000003  c_w.l(_printf_f.o)
    0x08000166   0x08000166   0x00000004   Code   RO         3098    .ARM.Collect$$_printf_percent$$00000017  c_w.l(_printf_percent_end.o)
    0x0800016a   0x0800016a   0x00000002   Code   RO         3195    .ARM.Collect$$libinit$$00000000  c_w.l(libinit.o)
    0x0800016c   0x0800016c   0x00000000   Code   RO         3197    .ARM.Collect$$libinit$$00000002  c_w.l(libinit2.o)
    0x0800016c   0x0800016c   0x00000000   Code   RO         3199    .ARM.Collect$$libinit$$00000004  c_w.l(libinit2.o)
    0x0800016c   0x0800016c   0x00000000   Code   RO         3202    .ARM.Collect$$libinit$$0000000A  c_w.l(libinit2.o)
    0x0800016c   0x0800016c   0x00000000   Code   RO         3204    .ARM.Collect$$libinit$$0000000C  c_w.l(libinit2.o)
    0x0800016c   0x0800016c   0x00000000   Code   RO         3206    .ARM.Collect$$libinit$$0000000E  c_w.l(libinit2.o)
    0x0800016c   0x0800016c   0x00000006   Code   RO         3207    .ARM.Collect$$libinit$$0000000F  c_w.l(libinit2.o)
    0x08000172   0x08000172   0x00000000   Code   RO         3209    .ARM.Collect$$libinit$$00000011  c_w.l(libinit2.o)
    0x08000172   0x08000172   0x00000000   Code   RO         3211    .ARM.Collect$$libinit$$00000013  c_w.l(libinit2.o)
    0x08000172   0x08000172   0x00000000   Code   RO         3213    .ARM.Collect$$libinit$$00000015  c_w.l(libinit2.o)
    0x08000172   0x08000172   0x0000000a   Code   RO         3214    .ARM.Collect$$libinit$$00000016  c_w.l(libinit2.o)
    0x0800017c   0x0800017c   0x00000000   Code   RO         3215    .ARM.Collect$$libinit$$00000017  c_w.l(libinit2.o)
    0x0800017c   0x0800017c   0x00000000   Code   RO         3217    .ARM.Collect$$libinit$$00000019  c_w.l(libinit2.o)
    0x0800017c   0x0800017c   0x00000000   Code   RO         3219    .ARM.Collect$$libinit$$0000001B  c_w.l(libinit2.o)
    0x0800017c   0x0800017c   0x00000000   Code   RO         3221    .ARM.Collect$$libinit$$0000001D  c_w.l(libinit2.o)
    0x0800017c   0x0800017c   0x00000000   Code   RO         3223    .ARM.Collect$$libinit$$0000001F  c_w.l(libinit2.o)
    0x0800017c   0x0800017c   0x00000000   Code   RO         3225    .ARM.Collect$$libinit$$00000021  c_w.l(libinit2.o)
    0x0800017c   0x0800017c   0x00000000   Code   RO         3227    .ARM.Collect$$libinit$$00000023  c_w.l(libinit2.o)
    0x0800017c   0x0800017c   0x00000000   Code   RO         3229    .ARM.Collect$$libinit$$00000025  c_w.l(libinit2.o)
    0x0800017c   0x0800017c   0x00000000   Code   RO         3233    .ARM.Collect$$libinit$$0000002C  c_w.l(libinit2.o)
    0x0800017c   0x0800017c   0x00000000   Code   RO         3235    .ARM.Collect$$libinit$$0000002E  c_w.l(libinit2.o)
    0x0800017c   0x0800017c   0x00000000   Code   RO         3237    .ARM.Collect$$libinit$$00000030  c_w.l(libinit2.o)
    0x0800017c   0x0800017c   0x00000000   Code   RO         3239    .ARM.Collect$$libinit$$00000032  c_w.l(libinit2.o)
    0x0800017c   0x0800017c   0x00000002   Code   RO         3240    .ARM.Collect$$libinit$$00000033  c_w.l(libinit2.o)
    0x0800017e   0x0800017e   0x00000002   Code   RO         3272    .ARM.Collect$$libshutdown$$00000000  c_w.l(libshutdown.o)
    0x08000180   0x08000180   0x00000000   Code   RO         3283    .ARM.Collect$$libshutdown$$00000002  c_w.l(libshutdown2.o)
    0x08000180   0x08000180   0x00000000   Code   RO         3285    .ARM.Collect$$libshutdown$$00000004  c_w.l(libshutdown2.o)
    0x08000180   0x08000180   0x00000000   Code   RO         3287    .ARM.Collect$$libshutdown$$00000006  c_w.l(libshutdown2.o)
    0x08000180   0x08000180   0x00000000   Code   RO         3290    .ARM.Collect$$libshutdown$$00000009  c_w.l(libshutdown2.o)
    0x08000180   0x08000180   0x00000000   Code   RO         3293    .ARM.Collect$$libshutdown$$0000000C  c_w.l(libshutdown2.o)
    0x08000180   0x08000180   0x00000000   Code   RO         3295    .ARM.Collect$$libshutdown$$0000000E  c_w.l(libshutdown2.o)
    0x08000180   0x08000180   0x00000000   Code   RO         3298    .ARM.Collect$$libshutdown$$00000011  c_w.l(libshutdown2.o)
    0x08000180   0x08000180   0x00000002   Code   RO         3299    .ARM.Collect$$libshutdown$$00000012  c_w.l(libshutdown2.o)
    0x08000182   0x08000182   0x00000000   Code   RO         3089    .ARM.Collect$$rtentry$$00000000  c_w.l(__rtentry.o)
    0x08000182   0x08000182   0x00000000   Code   RO         3115    .ARM.Collect$$rtentry$$00000002  c_w.l(__rtentry2.o)
    0x08000182   0x08000182   0x00000006   Code   RO         3127    .ARM.Collect$$rtentry$$00000004  c_w.l(__rtentry4.o)
    0x08000188   0x08000188   0x00000000   Code   RO         3117    .ARM.Collect$$rtentry$$00000009  c_w.l(__rtentry2.o)
    0x08000188   0x08000188   0x00000004   Code   RO         3118    .ARM.Collect$$rtentry$$0000000A  c_w.l(__rtentry2.o)
    0x0800018c   0x0800018c   0x00000000   Code   RO         3120    .ARM.Collect$$rtentry$$0000000C  c_w.l(__rtentry2.o)
    0x0800018c   0x0800018c   0x00000008   Code   RO         3121    .ARM.Collect$$rtentry$$0000000D  c_w.l(__rtentry2.o)
    0x08000194   0x08000194   0x00000002   Code   RO         3243    .ARM.Collect$$rtexit$$00000000  c_w.l(rtexit.o)
    0x08000196   0x08000196   0x00000000   Code   RO         3250    .ARM.Collect$$rtexit$$00000002  c_w.l(rtexit2.o)
    0x08000196   0x08000196   0x00000004   Code   RO         3251    .ARM.Collect$$rtexit$$00000003  c_w.l(rtexit2.o)
    0x0800019a   0x0800019a   0x00000006   Code   RO         3252    .ARM.Collect$$rtexit$$00000004  c_w.l(rtexit2.o)
    0x080001a0   0x080001a0   0x00000040   Code   RO            4    .text               startup_stm32f103xb.o
    0x080001e0   0x080001e0   0x00000028   Code   RO         3009    .text               c_w.l(noretval__2sprintf.o)
    0x08000208   0x08000208   0x0000010e   Code   RO         3021    .text               c_w.l(__printf_wp.o)
    0x08000316   0x08000316   0x00000024   Code   RO         3035    .text               c_w.l(strstr.o)
    0x0800033a   0x0800033a   0x0000003e   Code   RO         3037    .text               c_w.l(strlen.o)
    0x08000378   0x08000378   0x0000004e   Code   RO         3039    .text               c_w.l(rt_memclr_w.o)
    0x080003c6   0x080003c6   0x00000006   Code   RO         3041    .text               c_w.l(heapauxi.o)
    0x080003cc   0x080003cc   0x00000016   Code   RO         3090    .text               c_w.l(_rserrno.o)
    0x080003e2   0x080003e2   0x0000041e   Code   RO         3092    .text               c_w.l(_printf_fp_dec.o)
    0x08000800   0x08000800   0x00000030   Code   RO         3094    .text               c_w.l(_printf_char_common.o)
    0x08000830   0x08000830   0x0000000a   Code   RO         3096    .text               c_w.l(_sputc.o)
    0x0800083a   0x0800083a   0x00000002   PAD
    0x0800083c   0x0800083c   0x00000008   Code   RO         3132    .text               c_w.l(rt_locale_intlibspace.o)
    0x08000844   0x08000844   0x00000008   Code   RO         3137    .text               c_w.l(rt_errno_addr_intlibspace.o)
    0x0800084c   0x0800084c   0x0000008a   Code   RO         3139    .text               c_w.l(lludiv10.o)
    0x080008d6   0x080008d6   0x00000002   PAD
    0x080008d8   0x080008d8   0x00000080   Code   RO         3141    .text               c_w.l(_printf_fp_infnan.o)
    0x08000958   0x08000958   0x000000e4   Code   RO         3145    .text               c_w.l(bigflt0.o)
    0x08000a3c   0x08000a3c   0x00000008   Code   RO         3181    .text               c_w.l(libspace.o)
    0x08000a44   0x08000a44   0x0000004a   Code   RO         3184    .text               c_w.l(sys_stackheap_outer.o)
    0x08000a8e   0x08000a8e   0x00000012   Code   RO         3186    .text               c_w.l(exit.o)
    0x08000aa0   0x08000aa0   0x00000080   Code   RO         3188    .text               c_w.l(strcmpv7m.o)
    0x08000b20   0x08000b20   0x0000000c   Code   RO         3262    .text               c_w.l(sys_exit.o)
    0x08000b2c   0x08000b2c   0x00000002   Code   RO         3273    .text               c_w.l(use_no_semi.o)
    0x08000b2e   0x08000b2e   0x00000000   Code   RO         3275    .text               c_w.l(indicate_semi.o)
    0x08000b2e   0x08000b2e   0x0000003e   Code   RO         3148    CL$$btod_d2e        c_w.l(btod.o)
    0x08000b6c   0x08000b6c   0x00000046   Code   RO         3150    CL$$btod_d2e_denorm_low  c_w.l(btod.o)
    0x08000bb2   0x08000bb2   0x00000060   Code   RO         3149    CL$$btod_d2e_norm_op1  c_w.l(btod.o)
    0x08000c12   0x08000c12   0x00000338   Code   RO         3158    CL$$btod_div_common  c_w.l(btod.o)
    0x08000f4a   0x08000f4a   0x000000dc   Code   RO         3155    CL$$btod_e2e        c_w.l(btod.o)
    0x08001026   0x08001026   0x0000002a   Code   RO         3152    CL$$btod_ediv       c_w.l(btod.o)
    0x08001050   0x08001050   0x0000002a   Code   RO         3151    CL$$btod_emul       c_w.l(btod.o)
    0x0800107a   0x0800107a   0x00000244   Code   RO         3157    CL$$btod_mult_common  c_w.l(btod.o)
    0x080012be   0x080012be   0x00000002   PAD
    0x080012c0   0x080012c0   0x0000000c   Code   RO          190    i.ADC1_2_IRQHandler  stm32f1xx_it.o
    0x080012cc   0x080012cc   0x00000056   Code   RO          387    i.ADC_ConversionStop_Disable  stm32f1xx_hal_adc.o
    0x08001322   0x08001322   0x0000004e   Code   RO          388    i.ADC_DMAConvCplt   stm32f1xx_hal_adc.o
    0x08001370   0x08001370   0x0000001a   Code   RO          389    i.ADC_DMAError      stm32f1xx_hal_adc.o
    0x0800138a   0x0800138a   0x0000000a   Code   RO          390    i.ADC_DMAHalfConvCplt  stm32f1xx_hal_adc.o
    0x08001394   0x08001394   0x0000007c   Code   RO          391    i.ADC_Enable        stm32f1xx_hal_adc.o
    0x08001410   0x08001410   0x00000002   Code   RO          191    i.BusFault_Handler  stm32f1xx_it.o
    0x08001412   0x08001412   0x00000002   PAD
    0x08001414   0x08001414   0x0000000c   Code   RO          192    i.DMA1_Channel1_IRQHandler  stm32f1xx_it.o
    0x08001420   0x08001420   0x0000002a   Code   RO         1041    i.DMA_SetConfig     stm32f1xx_hal_dma.o
    0x0800144a   0x0800144a   0x00000002   Code   RO          193    i.DebugMon_Handler  stm32f1xx_it.o
    0x0800144c   0x0800144c   0x00000004   Code   RO           13    i.Error_Handler     main.o
    0x08001450   0x08001450   0x000000d8   Code   RO          567    i.HAL_ADCEx_Calibration_Start  stm32f1xx_hal_adc_ex.o
    0x08001528   0x08001528   0x00000002   Code   RO          569    i.HAL_ADCEx_InjectedConvCpltCallback  stm32f1xx_hal_adc_ex.o
    0x0800152a   0x0800152a   0x00000002   PAD
    0x0800152c   0x0800152c   0x000000fc   Code   RO          393    i.HAL_ADC_ConfigChannel  stm32f1xx_hal_adc.o
    0x08001628   0x08001628   0x0000004c   Code   RO           14    i.HAL_ADC_ConvCpltCallback  main.o
    0x08001674   0x08001674   0x00000002   Code   RO          395    i.HAL_ADC_ConvHalfCpltCallback  stm32f1xx_hal_adc.o
    0x08001676   0x08001676   0x00000002   Code   RO          397    i.HAL_ADC_ErrorCallback  stm32f1xx_hal_adc.o
    0x08001678   0x08001678   0x000000e6   Code   RO          401    i.HAL_ADC_IRQHandler  stm32f1xx_hal_adc.o
    0x0800175e   0x0800175e   0x00000002   PAD
    0x08001760   0x08001760   0x0000011c   Code   RO          402    i.HAL_ADC_Init      stm32f1xx_hal_adc.o
    0x0800187c   0x0800187c   0x00000002   Code   RO          403    i.HAL_ADC_LevelOutOfWindowCallback  stm32f1xx_hal_adc.o
    0x0800187e   0x0800187e   0x00000002   PAD
    0x08001880   0x08001880   0x000000a0   Code   RO          291    i.HAL_ADC_MspInit   stm32f1xx_hal_msp.o
    0x08001920   0x08001920   0x0000010c   Code   RO          409    i.HAL_ADC_Start_DMA  stm32f1xx_hal_adc.o
    0x08001a2c   0x08001a2c   0x00000046   Code   RO         1042    i.HAL_DMA_Abort     stm32f1xx_hal_dma.o
    0x08001a72   0x08001a72   0x00000002   PAD
    0x08001a74   0x08001a74   0x00000098   Code   RO         1043    i.HAL_DMA_Abort_IT  stm32f1xx_hal_dma.o
    0x08001b0c   0x08001b0c   0x00000154   Code   RO         1047    i.HAL_DMA_IRQHandler  stm32f1xx_hal_dma.o
    0x08001c60   0x08001c60   0x0000005c   Code   RO         1048    i.HAL_DMA_Init      stm32f1xx_hal_dma.o
    0x08001cbc   0x08001cbc   0x00000070   Code   RO         1052    i.HAL_DMA_Start_IT  stm32f1xx_hal_dma.o
    0x08001d2c   0x08001d2c   0x000001e0   Code   RO          978    i.HAL_GPIO_Init     stm32f1xx_hal_gpio.o
    0x08001f0c   0x08001f0c   0x0000000c   Code   RO          674    i.HAL_GetTick       stm32f1xx_hal.o
    0x08001f18   0x08001f18   0x00000010   Code   RO          680    i.HAL_IncTick       stm32f1xx_hal.o
    0x08001f28   0x08001f28   0x00000024   Code   RO          681    i.HAL_Init          stm32f1xx_hal.o
    0x08001f4c   0x08001f4c   0x00000040   Code   RO          682    i.HAL_InitTick      stm32f1xx_hal.o
    0x08001f8c   0x08001f8c   0x0000002c   Code   RO          292    i.HAL_MspInit       stm32f1xx_hal_msp.o
    0x08001fb8   0x08001fb8   0x0000001a   Code   RO         1138    i.HAL_NVIC_EnableIRQ  stm32f1xx_hal_cortex.o
    0x08001fd2   0x08001fd2   0x00000002   PAD
    0x08001fd4   0x08001fd4   0x00000040   Code   RO         1144    i.HAL_NVIC_SetPriority  stm32f1xx_hal_cortex.o
    0x08002014   0x08002014   0x00000024   Code   RO         1145    i.HAL_NVIC_SetPriorityGrouping  stm32f1xx_hal_cortex.o
    0x08002038   0x08002038   0x000000c8   Code   RO          940    i.HAL_RCCEx_GetPeriphCLKFreq  stm32f1xx_hal_rcc_ex.o
    0x08002100   0x08002100   0x000000ec   Code   RO          941    i.HAL_RCCEx_PeriphCLKConfig  stm32f1xx_hal_rcc_ex.o
    0x080021ec   0x080021ec   0x0000012c   Code   RO          838    i.HAL_RCC_ClockConfig  stm32f1xx_hal_rcc.o
    0x08002318   0x08002318   0x00000020   Code   RO          845    i.HAL_RCC_GetPCLK1Freq  stm32f1xx_hal_rcc.o
    0x08002338   0x08002338   0x00000020   Code   RO          846    i.HAL_RCC_GetPCLK2Freq  stm32f1xx_hal_rcc.o
    0x08002358   0x08002358   0x0000006c   Code   RO          847    i.HAL_RCC_GetSysClockFreq  stm32f1xx_hal_rcc.o
    0x080023c4   0x080023c4   0x00000320   Code   RO          850    i.HAL_RCC_OscConfig  stm32f1xx_hal_rcc.o
    0x080026e4   0x080026e4   0x00000028   Code   RO         1149    i.HAL_SYSTICK_Config  stm32f1xx_hal_cortex.o
    0x0800270c   0x0800270c   0x00000002   Code   RO         2344    i.HAL_TIMEx_BreakCallback  stm32f1xx_hal_tim_ex.o
    0x0800270e   0x0800270e   0x00000002   Code   RO         2345    i.HAL_TIMEx_CommutCallback  stm32f1xx_hal_tim_ex.o
    0x08002710   0x08002710   0x00000068   Code   RO         2363    i.HAL_TIMEx_MasterConfigSynchronization  stm32f1xx_hal_tim_ex.o
    0x08002778   0x08002778   0x0000005a   Code   RO         1640    i.HAL_TIM_Base_Init  stm32f1xx_hal_tim.o
    0x080027d2   0x080027d2   0x00000002   PAD
    0x080027d4   0x080027d4   0x0000003c   Code   RO          294    i.HAL_TIM_Base_MspInit  stm32f1xx_hal_msp.o
    0x08002810   0x08002810   0x00000050   Code   RO         1643    i.HAL_TIM_Base_Start  stm32f1xx_hal_tim.o
    0x08002860   0x08002860   0x000000d6   Code   RO         1649    i.HAL_TIM_ConfigClockSource  stm32f1xx_hal_tim.o
    0x08002936   0x08002936   0x00000002   Code   RO         1674    i.HAL_TIM_IC_CaptureCallback  stm32f1xx_hal_tim.o
    0x08002938   0x08002938   0x00000166   Code   RO         1688    i.HAL_TIM_IRQHandler  stm32f1xx_hal_tim.o
    0x08002a9e   0x08002a9e   0x00000002   Code   RO         1691    i.HAL_TIM_OC_DelayElapsedCallback  stm32f1xx_hal_tim.o
    0x08002aa0   0x08002aa0   0x00000002   Code   RO         1718    i.HAL_TIM_PWM_PulseFinishedCallback  stm32f1xx_hal_tim.o
    0x08002aa2   0x08002aa2   0x00000002   Code   RO         1726    i.HAL_TIM_PeriodElapsedCallback  stm32f1xx_hal_tim.o
    0x08002aa4   0x08002aa4   0x00000002   Code   RO         1731    i.HAL_TIM_TriggerCallback  stm32f1xx_hal_tim.o
    0x08002aa6   0x08002aa6   0x00000002   Code   RO         2622    i.HAL_UARTEx_RxEventCallback  stm32f1xx_hal_uart.o
    0x08002aa8   0x08002aa8   0x00000002   Code   RO         2636    i.HAL_UART_ErrorCallback  stm32f1xx_hal_uart.o
    0x08002aaa   0x08002aaa   0x00000002   PAD
    0x08002aac   0x08002aac   0x0000020c   Code   RO         2639    i.HAL_UART_IRQHandler  stm32f1xx_hal_uart.o
    0x08002cb8   0x08002cb8   0x00000062   Code   RO         2640    i.HAL_UART_Init     stm32f1xx_hal_uart.o
    0x08002d1a   0x08002d1a   0x00000002   PAD
    0x08002d1c   0x08002d1c   0x00000080   Code   RO          296    i.HAL_UART_MspInit  stm32f1xx_hal_msp.o
    0x08002d9c   0x08002d9c   0x0000002a   Code   RO         2645    i.HAL_UART_Receive_IT  stm32f1xx_hal_uart.o
    0x08002dc6   0x08002dc6   0x00000002   PAD
    0x08002dc8   0x08002dc8   0x00000068   Code   RO           15    i.HAL_UART_RxCpltCallback  main.o
    0x08002e30   0x08002e30   0x000000b2   Code   RO         2648    i.HAL_UART_Transmit  stm32f1xx_hal_uart.o
    0x08002ee2   0x08002ee2   0x00000002   Code   RO         2651    i.HAL_UART_TxCpltCallback  stm32f1xx_hal_uart.o
    0x08002ee4   0x08002ee4   0x00000002   Code   RO          194    i.HardFault_Handler  stm32f1xx_it.o
    0x08002ee6   0x08002ee6   0x00000002   PAD
    0x08002ee8   0x08002ee8   0x0000004c   Code   RO           16    i.MX_ADC1_Init      main.o
    0x08002f34   0x08002f34   0x00000068   Code   RO           17    i.MX_TIM3_Init      main.o
    0x08002f9c   0x08002f9c   0x00000002   Code   RO          195    i.MemManage_Handler  stm32f1xx_it.o
    0x08002f9e   0x08002f9e   0x00000002   Code   RO          196    i.NMI_Handler       stm32f1xx_it.o
    0x08002fa0   0x08002fa0   0x00000002   Code   RO          197    i.PendSV_Handler    stm32f1xx_it.o
    0x08002fa2   0x08002fa2   0x00000002   Code   RO          198    i.SVC_Handler       stm32f1xx_it.o
    0x08002fa4   0x08002fa4   0x00000004   Code   RO          199    i.SysTick_Handler   stm32f1xx_it.o
    0x08002fa8   0x08002fa8   0x00000078   Code   RO           18    i.SystemClock_Config  main.o
    0x08003020   0x08003020   0x00000002   Code   RO         2969    i.SystemInit        system_stm32f1xx.o
    0x08003022   0x08003022   0x00000002   PAD
    0x08003024   0x08003024   0x0000000c   Code   RO          200    i.TIM3_IRQHandler   stm32f1xx_it.o
    0x08003030   0x08003030   0x0000006c   Code   RO         1733    i.TIM_Base_SetConfig  stm32f1xx_hal_tim.o
    0x0800309c   0x0800309c   0x00000014   Code   RO         1744    i.TIM_ETR_SetConfig  stm32f1xx_hal_tim.o
    0x080030b0   0x080030b0   0x00000010   Code   RO         1745    i.TIM_ITRx_SetConfig  stm32f1xx_hal_tim.o
    0x080030c0   0x080030c0   0x00000022   Code   RO         1751    i.TIM_TI1_ConfigInputStage  stm32f1xx_hal_tim.o
    0x080030e2   0x080030e2   0x00000024   Code   RO         1753    i.TIM_TI2_ConfigInputStage  stm32f1xx_hal_tim.o
    0x08003106   0x08003106   0x00000010   Code   RO         2653    i.UART_DMAAbortOnError  stm32f1xx_hal_uart.o
    0x08003116   0x08003116   0x00000030   Code   RO         2663    i.UART_EndRxTransfer  stm32f1xx_hal_uart.o
    0x08003146   0x08003146   0x000000b6   Code   RO         2665    i.UART_Receive_IT   stm32f1xx_hal_uart.o
    0x080031fc   0x080031fc   0x000000b8   Code   RO         2666    i.UART_SetConfig    stm32f1xx_hal_uart.o
    0x080032b4   0x080032b4   0x00000036   Code   RO         2668    i.UART_Start_Receive_IT  stm32f1xx_hal_uart.o
    0x080032ea   0x080032ea   0x00000064   Code   RO         2669    i.UART_WaitOnFlagUntilTimeout  stm32f1xx_hal_uart.o
    0x0800334e   0x0800334e   0x00000002   PAD
    0x08003350   0x08003350   0x0000000c   Code   RO          201    i.USART1_IRQHandler  stm32f1xx_it.o
    0x0800335c   0x0800335c   0x00000002   Code   RO          202    i.UsageFault_Handler  stm32f1xx_it.o
    0x0800335e   0x0800335e   0x00000028   Code   RO         3179    i.__ARM_fpclassify  m_ws.l(fpclassify.o)
    0x08003386   0x08003386   0x00000020   Code   RO         1151    i.__NVIC_SetPriority  stm32f1xx_hal_cortex.o
    0x080033a6   0x080033a6   0x0000000e   Code   RO         3023    i._is_digit         c_w.l(__printf_wp.o)
    0x080033b4   0x080033b4   0x000000a0   Code   RO           19    i.cal_arr_and_psc   main.o
    0x08003454   0x08003454   0x00000238   Code   RO           20    i.main              main.o
    0x0800368c   0x0800368c   0x0000004c   Code   RO         3082    i.sqrt              m_ws.l(sqrt.o)
    0x080036d8   0x080036d8   0x0000002c   Code   RO         3171    locale$$code        c_w.l(lc_numeric_c.o)
    0x08003704   0x08003704   0x00000062   Code   RO         3045    x$fpl$d2f           fz_ws.l(d2f.o)
    0x08003766   0x08003766   0x00000002   PAD
    0x08003768   0x08003768   0x00000010   Code   RO         3099    x$fpl$dcheck1       fz_ws.l(dcheck1.o)
    0x08003778   0x08003778   0x0000005a   Code   RO         3047    x$fpl$dfixu         fz_ws.l(dfixu.o)
    0x080037d2   0x080037d2   0x00000026   Code   RO         3051    x$fpl$dfltu         fz_ws.l(dflt_clz.o)
    0x080037f8   0x080037f8   0x00000154   Code   RO         3057    x$fpl$dmul          fz_ws.l(dmul.o)
    0x0800394c   0x0800394c   0x0000009c   Code   RO         3103    x$fpl$dnaninf       fz_ws.l(dnaninf.o)
    0x080039e8   0x080039e8   0x0000000c   Code   RO         3105    x$fpl$dretinf       fz_ws.l(dretinf.o)
    0x080039f4   0x080039f4   0x000001cc   Code   RO         3107    x$fpl$dsqrt         fz_ws.l(dsqrt_noumaal.o)
    0x08003bc0   0x08003bc0   0x00000056   Code   RO         3059    x$fpl$f2d           fz_ws.l(f2d.o)
    0x08003c16   0x08003c16   0x00000002   PAD
    0x08003c18   0x08003c18   0x000000c4   Code   RO         3061    x$fpl$fadd          fz_ws.l(faddsub_clz.o)
    0x08003cdc   0x08003cdc   0x00000184   Code   RO         3068    x$fpl$fdiv          fz_ws.l(fdiv.o)
    0x08003e60   0x08003e60   0x0000003e   Code   RO         3071    x$fpl$ffixu         fz_ws.l(ffixu.o)
    0x08003e9e   0x08003e9e   0x00000002   PAD
    0x08003ea0   0x08003ea0   0x00000102   Code   RO         3075    x$fpl$fmul          fz_ws.l(fmul.o)
    0x08003fa2   0x08003fa2   0x0000008c   Code   RO         3109    x$fpl$fnaninf       fz_ws.l(fnaninf.o)
    0x0800402e   0x0800402e   0x0000000a   Code   RO         3111    x$fpl$fretinf       fz_ws.l(fretinf.o)
    0x08004038   0x08004038   0x000000ea   Code   RO         3063    x$fpl$fsub          fz_ws.l(faddsub_clz.o)
    0x08004122   0x08004122   0x00000004   Code   RO         3077    x$fpl$printf1       fz_ws.l(printf1.o)
    0x08004126   0x08004126   0x00000064   Code   RO         3177    x$fpl$retnan        fz_ws.l(retnan.o)
    0x0800418a   0x0800418a   0x0000005c   Code   RO         3079    x$fpl$scalbn        fz_ws.l(scalbn.o)
    0x080041e6   0x080041e6   0x00000030   Code   RO         3241    x$fpl$trapveneer    fz_ws.l(trapv.o)
    0x08004216   0x08004216   0x00000000   Code   RO         3113    x$fpl$usenofp       fz_ws.l(usenofp.o)
    0x08004216   0x08004216   0x00000010   Data   RO         2970    .constdata          system_stm32f1xx.o
    0x08004226   0x08004226   0x00000008   Data   RO         2971    .constdata          system_stm32f1xx.o
    0x0800422e   0x0800422e   0x00000002   PAD
    0x08004230   0x08004230   0x00000094   Data   RO         3146    .constdata          c_w.l(bigflt0.o)
    0x080042c4   0x080042c4   0x00000020   Data   RO         3324    Region$$Table       anon$$obj.o
    0x080042e4   0x080042e4   0x0000001c   Data   RO         3170    locale$$data        c_w.l(lc_numeric_c.o)


    Execution Region RW_IRAM1 (Exec base: 0x20000000, Load base: 0x08004300, Size: 0x000009a0, Max: 0x00005000, ABSOLUTE)

    Exec Addr    Load Addr    Size         Type   Attr      Idx    E Section Name        Object

    0x20000000   0x08004300   0x0000002e   Data   RW           23    .data               main.o
    0x2000002e   0x0800432e   0x00000002   PAD
    0x20000030   0x08004330   0x0000000c   Data   RW          688    .data               stm32f1xx_hal.o
    0x2000003c   0x0800433c   0x00000004   Data   RW         2972    .data               system_stm32f1xx.o
    0x20000040        -       0x000002bc   Zero   RW           21    .bss                main.o
    0x200002fc        -       0x00000044   Zero   RW           22    .bss                main.o
    0x20000340        -       0x00000060   Zero   RW         3182    .bss                c_w.l(libspace.o)
    0x200003a0        -       0x00000200   Zero   RW            2    HEAP                startup_stm32f103xb.o
    0x200005a0        -       0x00000400   Zero   RW            1    STACK               startup_stm32f103xb.o


==============================================================================

Image component sizes


      Code (inc. data)   RO Data    RW Data    ZI Data      Debug   Object Name

      1212        164          0         46        768     451961   main.o
        64         26        236          0       1536        776   startup_stm32f103xb.o
       128         24          0         12          0       5053   stm32f1xx_hal.o
      1364         56          0          0          0       8843   stm32f1xx_hal_adc.o
       218          6          0          0          0       1871   stm32f1xx_hal_adc_ex.o
       198         14          0          0          0      28731   stm32f1xx_hal_cortex.o
       808         36          0          0          0       4742   stm32f1xx_hal_dma.o
       480         34          0          0          0       2192   stm32f1xx_hal_gpio.o
       392         50          0          0          0       2754   stm32f1xx_hal_msp.o
      1272        100          0          0          0       4980   stm32f1xx_hal_rcc.o
       436         46          0          0          0       2429   stm32f1xx_hal_rcc_ex.o
       966         28          0          0          0       9634   stm32f1xx_hal_tim.o
       108         12          0          0          0       2229   stm32f1xx_hal_tim_ex.o
      1432         10          0          0          0      10040   stm32f1xx_hal_uart.o
        68         24          0          0          0       5163   stm32f1xx_it.o
         2          0         24          4          0       1011   system_stm32f1xx.o

    ----------------------------------------------------------------------
      9174        630        294         64       2304     542409   Object Totals
         0          0         32          0          0          0   (incl. Generated)
        26          0          2          2          0          0   (incl. Padding)

    ----------------------------------------------------------------------

      Code (inc. data)   RO Data    RW Data    ZI Data      Debug   Library Member Name

         8          0          0          0          0         68   __main.o
       284          0          0          0          0        156   __printf_wp.o
         0          0          0          0          0          0   __rtentry.o
        12          0          0          0          0          0   __rtentry2.o
         6          0          0          0          0          0   __rtentry4.o
        52          8          0          0          0          0   __scatter.o
        26          0          0          0          0          0   __scatter_copy.o
        28          0          0          0          0          0   __scatter_zi.o
        48          6          0          0          0         96   _printf_char_common.o
         6          0          0          0          0          0   _printf_f.o
      1054          0          0          0          0        216   _printf_fp_dec.o
       128         16          0          0          0         84   _printf_fp_infnan.o
         0          0          0          0          0          0   _printf_percent.o
         4          0          0          0          0          0   _printf_percent_end.o
        22          0          0          0          0        100   _rserrno.o
        10          0          0          0          0         68   _sputc.o
       228          4        148          0          0         96   bigflt0.o
      1936        128          0          0          0        672   btod.o
        18          0          0          0          0         80   exit.o
         6          0          0          0          0        152   heapauxi.o
         0          0          0          0          0          0   indicate_semi.o
        44         10         28          0          0         76   lc_numeric_c.o
         2          0          0          0          0          0   libinit.o
        18          0          0          0          0          0   libinit2.o
         2          0          0          0          0          0   libshutdown.o
         2          0          0          0          0          0   libshutdown2.o
         8          4          0          0         96         68   libspace.o
       138          0          0          0          0         80   lludiv10.o
        40          6          0          0          0         84   noretval__2sprintf.o
         8          4          0          0          0         68   rt_errno_addr_intlibspace.o
         8          4          0          0          0         68   rt_locale_intlibspace.o
        78          0          0          0          0         80   rt_memclr_w.o
         2          0          0          0          0          0   rtexit.o
        10          0          0          0          0          0   rtexit2.o
       128          0          0          0          0         68   strcmpv7m.o
        62          0          0          0          0         76   strlen.o
        36          0          0          0          0         80   strstr.o
        12          4          0          0          0         68   sys_exit.o
        74          0          0          0          0         80   sys_stackheap_outer.o
         2          0          0          0          0         68   use_no_semi.o
        98          4          0          0          0         92   d2f.o
        16          4          0          0          0         68   dcheck1.o
        90          4          0          0          0         92   dfixu.o
        38          0          0          0          0         68   dflt_clz.o
       340         12          0          0          0        104   dmul.o
       156          4          0          0          0         92   dnaninf.o
        12          0          0          0          0         68   dretinf.o
       460         56          0          0          0        120   dsqrt_noumaal.o
        86          4          0          0          0         84   f2d.o
       430          8          0          0          0        168   faddsub_clz.o
       388         76          0          0          0         96   fdiv.o
        62          4          0          0          0         84   ffixu.o
       258          4          0          0          0         84   fmul.o
       140          4          0          0          0         84   fnaninf.o
        10          0          0          0          0         68   fretinf.o
         4          0          0          0          0         68   printf1.o
       100          0          0          0          0         68   retnan.o
        92          0          0          0          0         68   scalbn.o
        48          0          0          0          0         68   trapv.o
         0          0          0          0          0          0   usenofp.o
        40          0          0          0          0         68   fpclassify.o
        76          0          0          0          0         84   sqrt.o

    ----------------------------------------------------------------------
      7508        378        176          0         96       4548   Library Totals
        14          0          0          0          0          0   (incl. Padding)

    ----------------------------------------------------------------------

      Code (inc. data)   RO Data    RW Data    ZI Data      Debug   Library Name

      4550        194        176          0         96       2752   c_w.l
      2828        184          0          0          0       1644   fz_ws.l
       116          0          0          0          0        152   m_ws.l

    ----------------------------------------------------------------------
      7508        378        176          0         96       4548   Library Totals

    ----------------------------------------------------------------------

==============================================================================


      Code (inc. data)   RO Data    RW Data    ZI Data      Debug   

     16682       1008        470         64       2400     539725   Grand Totals
     16682       1008        470         64       2400     539725   ELF Image Totals
     16682       1008        470         64          0          0   ROM Totals

==============================================================================

    Total RO  Size (Code + RO Data)                17152 (  16.75kB)
    Total RW  Size (RW Data + ZI Data)              2464 (   2.41kB)
    Total ROM Size (Code + RO Data + RW Data)      17216 (  16.81kB)

==============================================================================

