Component: ARM Compiler 5.06 update 7 (build 960) Tool: armlink [4d3601]

==============================================================================

Section Cross References

    startup_stm32f103xb.o(STACK) refers (Special) to heapauxi.o(.text) for __use_two_region_memory
    startup_stm32f103xb.o(HEAP) refers (Special) to heapauxi.o(.text) for __use_two_region_memory
    startup_stm32f103xb.o(RESET) refers (Special) to heapauxi.o(.text) for __use_two_region_memory
    startup_stm32f103xb.o(RESET) refers to startup_stm32f103xb.o(STACK) for __initial_sp
    startup_stm32f103xb.o(RESET) refers to startup_stm32f103xb.o(.text) for Reset_Handler
    startup_stm32f103xb.o(RESET) refers to stm32f1xx_it.o(i.NMI_Handler) for NMI_Handler
    startup_stm32f103xb.o(RESET) refers to stm32f1xx_it.o(i.HardFault_Handler) for HardFault_Handler
    startup_stm32f103xb.o(RESET) refers to stm32f1xx_it.o(i.MemManage_Handler) for MemManage_Handler
    startup_stm32f103xb.o(RESET) refers to stm32f1xx_it.o(i.BusFault_Handler) for BusFault_Handler
    startup_stm32f103xb.o(RESET) refers to stm32f1xx_it.o(i.UsageFault_Handler) for UsageFault_Handler
    startup_stm32f103xb.o(RESET) refers to stm32f1xx_it.o(i.SVC_Handler) for SVC_Handler
    startup_stm32f103xb.o(RESET) refers to stm32f1xx_it.o(i.DebugMon_Handler) for DebugMon_Handler
    startup_stm32f103xb.o(RESET) refers to stm32f1xx_it.o(i.PendSV_Handler) for PendSV_Handler
    startup_stm32f103xb.o(RESET) refers to stm32f1xx_it.o(i.SysTick_Handler) for SysTick_Handler
    startup_stm32f103xb.o(RESET) refers to stm32f1xx_it.o(i.DMA1_Channel1_IRQHandler) for DMA1_Channel1_IRQHandler
    startup_stm32f103xb.o(RESET) refers to stm32f1xx_it.o(i.ADC1_2_IRQHandler) for ADC1_2_IRQHandler
    startup_stm32f103xb.o(RESET) refers to stm32f1xx_it.o(i.TIM3_IRQHandler) for TIM3_IRQHandler
    startup_stm32f103xb.o(RESET) refers to stm32f1xx_it.o(i.USART1_IRQHandler) for USART1_IRQHandler
    startup_stm32f103xb.o(.text) refers (Special) to heapauxi.o(.text) for __use_two_region_memory
    startup_stm32f103xb.o(.text) refers to system_stm32f1xx.o(i.SystemInit) for SystemInit
    startup_stm32f103xb.o(.text) refers to __main.o(!!!main) for __main
    startup_stm32f103xb.o(.text) refers to startup_stm32f103xb.o(HEAP) for Heap_Mem
    startup_stm32f103xb.o(.text) refers to startup_stm32f103xb.o(STACK) for Stack_Mem
    iic_oled.o(i.IIC_SendByte) refers to iic_oled.o(i.OLED_Delay) for OLED_Delay
    iic_oled.o(i.IIC_Start) refers to iic_oled.o(i.OLED_Delay) for OLED_Delay
    iic_oled.o(i.IIC_Stop) refers to iic_oled.o(i.OLED_Delay) for OLED_Delay
    iic_oled.o(i.IIC_WaitAck) refers to iic_oled.o(i.OLED_Delay) for OLED_Delay
    iic_oled.o(i.OELD_StartShow) refers to iic_oled.o(i.OLED_SendCmd) for OLED_SendCmd
    iic_oled.o(i.OLED_Clear) refers to iic_oled.o(i.OLED_SendData) for OLED_SendData
    iic_oled.o(i.OLED_HoriChange) refers to iic_oled.o(i.OLED_SendCmd) for OLED_SendCmd
    iic_oled.o(i.OLED_HoriChange) refers to iic_oled.o(.data) for .data
    iic_oled.o(i.OLED_Init) refers to iic_oled.o(i.OLED_SendCmd) for OLED_SendCmd
    iic_oled.o(i.OLED_Init) refers to iic_oled.o(i.OLED_Clear) for OLED_Clear
    iic_oled.o(i.OLED_Init) refers to iic_oled.o(i.IIC_Start) for IIC_Start
    iic_oled.o(i.OLED_Init) refers to iic_oled.o(i.IIC_SendByte) for IIC_SendByte
    iic_oled.o(i.OLED_Init) refers to iic_oled.o(i.IIC_WaitAck) for IIC_WaitAck
    iic_oled.o(i.OLED_Init) refers to iic_oled.o(i.IIC_Stop) for IIC_Stop
    iic_oled.o(i.OLED_Printf) refers to rt_memclr.o(.text) for __aeabi_memclr
    iic_oled.o(i.OLED_Printf) refers to vsnprintf.o(.text) for vsnprintf
    iic_oled.o(i.OLED_Printf) refers to iic_oled.o(i.OLED_ShowString) for OLED_ShowString
    iic_oled.o(i.OLED_Printf) refers to iic_oled.o(.bss) for .bss
    iic_oled.o(i.OLED_RollBack) refers to iic_oled.o(i.OLED_SendCmd) for OLED_SendCmd
    iic_oled.o(i.OLED_RollBack) refers to iic_oled.o(.data) for .data
    iic_oled.o(i.OLED_SendCmd) refers to iic_oled.o(i.IIC_Start) for IIC_Start
    iic_oled.o(i.OLED_SendCmd) refers to iic_oled.o(i.IIC_SendByte) for IIC_SendByte
    iic_oled.o(i.OLED_SendCmd) refers to iic_oled.o(i.IIC_WaitAck) for IIC_WaitAck
    iic_oled.o(i.OLED_SendCmd) refers to iic_oled.o(i.IIC_Stop) for IIC_Stop
    iic_oled.o(i.OLED_SendData) refers to iic_oled.o(i.IIC_Start) for IIC_Start
    iic_oled.o(i.OLED_SendData) refers to iic_oled.o(i.IIC_SendByte) for IIC_SendByte
    iic_oled.o(i.OLED_SendData) refers to iic_oled.o(i.IIC_WaitAck) for IIC_WaitAck
    iic_oled.o(i.OLED_SendData) refers to iic_oled.o(i.IIC_Stop) for IIC_Stop
    iic_oled.o(i.OLED_SetBright) refers to iic_oled.o(i.OLED_SendCmd) for OLED_SendCmd
    iic_oled.o(i.OLED_SetPos) refers to iic_oled.o(i.OLED_SendCmd) for OLED_SendCmd
    iic_oled.o(i.OLED_SetVertRollPage) refers to iic_oled.o(i.OLED_SendCmd) for OLED_SendCmd
    iic_oled.o(i.OLED_ShowALL) refers to iic_oled.o(i.OLED_SendCmd) for OLED_SendCmd
[...]
    .ARM.Collect$$libshutdown$$00000004      0x08000186   Section        0  libshutdown2.o(.ARM.Collect$$libshutdown$$00000004)
    .ARM.Collect$$libshutdown$$00000006      0x08000186   Section        0  libshutdown2.o(.ARM.Collect$$libshutdown$$00000006)
    .ARM.Collect$$libshutdown$$00000009      0x08000186   Section        0  libshutdown2.o(.ARM.Collect$$libshutdown$$00000009)
    .ARM.Collect$$libshutdown$$0000000C      0x08000186   Section        0  libshutdown2.o(.ARM.Collect$$libshutdown$$0000000C)
    .ARM.Collect$$libshutdown$$0000000E      0x08000186   Section        0  libshutdown2.o(.ARM.Collect$$libshutdown$$0000000E)
    .ARM.Collect$$libshutdown$$00000011      0x08000186   Section        0  libshutdown2.o(.ARM.Collect$$libshutdown$$00000011)
    .ARM.Collect$$libshutdown$$00000012      0x08000186   Section        2  libshutdown2.o(.ARM.Collect$$libshutdown$$00000012)
    .ARM.Collect$$rtentry$$00000000          0x08000188   Section        0  __rtentry.o(.ARM.Collect$$rtentry$$00000000)
    .ARM.Collect$$rtentry$$00000002          0x08000188   Section        0  __rtentry2.o(.ARM.Collect$$rtentry$$00000002)
    .ARM.Collect$$rtentry$$00000004          0x08000188   Section        6  __rtentry4.o(.ARM.Collect$$rtentry$$00000004)
    .ARM.Collect$$rtentry$$00000009          0x0800018e   Section        0  __rtentry2.o(.ARM.Collect$$rtentry$$00000009)
    .ARM.Collect$$rtentry$$0000000A          0x0800018e   Section        4  __rtentry2.o(.ARM.Collect$$rtentry$$0000000A)
    .ARM.Collect$$rtentry$$0000000C          0x08000192   Section        0  __rtentry2.o(.ARM.Collect$$rtentry$$0000000C)
    .ARM.Collect$$rtentry$$0000000D          0x08000192   Section        8  __rtentry2.o(.ARM.Collect$$rtentry$$0000000D)
    .ARM.Collect$$rtexit$$00000000           0x0800019a   Section        2  rtexit.o(.ARM.Collect$$rtexit$$00000000)
    .ARM.Collect$$rtexit$$00000002           0x0800019c   Section        0  rtexit2.o(.ARM.Collect$$rtexit$$00000002)
    .ARM.Collect$$rtexit$$00000003           0x0800019c   Section        4  rtexit2.o(.ARM.Collect$$rtexit$$00000003)
    .ARM.Collect$$rtexit$$00000004           0x080001a0   Section        6  rtexit2.o(.ARM.Collect$$rtexit$$00000004)
    .text                                    0x080001a8   Section       64  startup_stm32f103xb.o(.text)
    .text                                    0x080001e8   Section        0  __2sprintf.o(.text)
    .text                                    0x08000214   Section        0  _printf_str.o(.text)
    .text                                    0x08000268   Section        0  __printf_flags_ss_wp.o(.text)
    .text                                    0x080003f0   Section        0  strstr.o(.text)
    .text                                    0x08000414   Section        0  strlen.o(.text)
    .text                                    0x08000452   Section       78  rt_memclr_w.o(.text)
    .text                                    0x080004a0   Section        0  heapauxi.o(.text)
    .text                                    0x080004a6   Section        0  _printf_fp_dec.o(.text)
    _fp_digits                               0x080004a9   Thumb Code   432  _printf_fp_dec.o(.text)
    .text                                    0x080008c4   Section        0  _printf_char_common.o(.text)
    _printf_input_char                       0x080008c5   Thumb Code    10  _printf_char_common.o(.text)
    .text                                    0x080008f4   Section        0  _sputc.o(.text)
    .text                                    0x080008fe   Section        0  _printf_char.o(.text)
    .text                                    0x0800092c   Section        8  rt_locale_intlibspace.o(.text)
    .text                                    0x08000934   Section      138  lludiv10.o(.text)
    .text                                    0x080009c0   Section        0  _printf_fp_infnan.o(.text)
    .text                                    0x08000a40   Section        0  bigflt0.o(.text)
    .text                                    0x08000b24   Section        8  libspace.o(.text)
    .text                                    0x08000b2c   Section       74  sys_stackheap_outer.o(.text)
    .text                                    0x08000b76   Section        0  exit.o(.text)
    .text                                    0x08000b88   Section      128  strcmpv7m.o(.text)
    .text                                    0x08000c08   Section        0  sys_exit.o(.text)
    .text                                    0x08000c14   Section        2  use_no_semi.o(.text)
    .text                                    0x08000c16   Section        0  indicate_semi.o(.text)
    CL$$btod_d2e                             0x08000c16   Section       62  btod.o(CL$$btod_d2e)
    CL$$btod_d2e_denorm_low                  0x08000c54   Section       70  btod.o(CL$$btod_d2e_denorm_low)
    CL$$btod_d2e_norm_op1                    0x08000c9a   Section       96  btod.o(CL$$btod_d2e_norm_op1)
    CL$$btod_div_common                      0x08000cfa   Section      824  btod.o(CL$$btod_div_common)
    CL$$btod_e2e                             0x08001032   Section      220  btod.o(CL$$btod_e2e)
    CL$$btod_ediv                            0x0800110e   Section       42  btod.o(CL$$btod_ediv)
    CL$$btod_emul                            0x08001138   Section       42  btod.o(CL$$btod_emul)
    CL$$btod_mult_common                     0x08001162   Section      580  btod.o(CL$$btod_mult_common)
    i.ADC1_2_IRQHandler                      0x080013a8   Section        0  stm32f1xx_it.o(i.ADC1_2_IRQHandler)
    i.ADC_ConversionStop_Disable             0x080013b4   Section        0  stm32f1xx_hal_adc.o(i.ADC_ConversionStop_Disable)
    i.ADC_DMAConvCplt                        0x0800140a   Section        0  stm32f1xx_hal_adc.o(i.ADC_DMAConvCplt)
    i.ADC_DMAError                           0x08001458   Section        0  stm32f1xx_hal_adc.o(i.ADC_DMAError)
    i.ADC_DMAHalfConvCplt                    0x08001472   Section        0  stm32f1xx_hal_adc.o(i.ADC_DMAHalfConvCplt)
    i.ADC_Enable                             0x0800147c   Section        0  stm32f1xx_hal_adc.o(i.ADC_Enable)
    i.BusFault_Handler                       0x080014f8   Section        0  stm32f1xx_it.o(i.BusFault_Handler)
    i.DMA1_Channel1_IRQHandler               0x080014fc   Section        0  stm32f1xx_it.o(i.DMA1_Channel1_IRQHandler)
    i.DMA_SetConfig                          0x08001508   Section        0  stm32f1xx_hal_dma.o(i.DMA_SetConfig)
    DMA_SetConfig                            0x08001509   Thumb Code    42  stm32f1xx_hal_dma.o(i.DMA_SetConfig)
    i.DebugMon_Handler                       0x08001532   Section        0  stm32f1xx_it.o(i.DebugMon_Handler)
    i.Error_Handler                          0x08001534   Section        0  main.o(i.Error_Handler)
    i.HAL_ADCEx_Calibration_Start            0x08001538   Section        0  stm32f1xx_hal_adc_ex.o(i.HAL_ADCEx_Calibration_Start)
    i.HAL_ADCEx_InjectedConvCpltCallback     0x08001610   Section        0  stm32f1xx_hal_adc_ex.o(i.HAL_ADCEx_InjectedConvCpltCallback)
    i.HAL_ADC_ConfigChannel                  0x08001614   Section        0  stm32f1xx_hal_adc.o(i.HAL_ADC_ConfigChannel)
    i.HAL_ADC_ConvCpltCallback               0x08001710   Section        0  main.o(i.HAL_ADC_ConvCpltCallback)
    i.HAL_ADC_ConvHalfCpltCallback           0x08001758   Section        0  stm32f1xx_hal_adc.o(i.HAL_ADC_ConvHalfCpltCallback)
    i.HAL_ADC_ErrorCallback                  0x0800175a   Section        0  stm32f1xx_hal_adc.o(i.HAL_ADC_ErrorCallback)
    i.HAL_ADC_IRQHandler                     0x0800175c   Section        0  stm32f1xx_hal_adc.o(i.HAL_ADC_IRQHandler)
    i.HAL_ADC_Init                           0x08001844   Section        0  stm32f1xx_hal_adc.o(i.HAL_ADC_Init)
    i.HAL_ADC_LevelOutOfWindowCallback       0x08001960   Section        0  stm32f1xx_hal_adc.o(i.HAL_ADC_LevelOutOfWindowCallback)
    i.HAL_ADC_MspInit                        0x08001964   Section        0  stm32f1xx_hal_msp.o(i.HAL_ADC_MspInit)
    i.HAL_ADC_Start_DMA                      0x08001a00   Section        0  stm32f1xx_hal_adc.o(i.HAL_ADC_Start_DMA)
    i.HAL_DMA_Abort                          0x08001b0c   Section        0  stm32f1xx_hal_dma.o(i.HAL_DMA_Abort)
    i.HAL_DMA_Abort_IT                       0x08001b54   Section        0  stm32f1xx_hal_dma.o(i.HAL_DMA_Abort_IT)
    i.HAL_DMA_IRQHandler                     0x08001bec   Section        0  stm32f1xx_hal_dma.o(i.HAL_DMA_IRQHandler)
    i.HAL_DMA_Init                           0x08001d40   Section        0  stm32f1xx_hal_dma.o(i.HAL_DMA_Init)
    i.HAL_DMA_Start_IT                       0x08001d9c   Section        0  stm32f1xx_hal_dma.o(i.HAL_DMA_Start_IT)
    i.HAL_Delay                              0x08001e0c   Section        0  stm32f1xx_hal.o(i.HAL_Delay)
    i.HAL_GPIO_Init                          0x08001e30   Section        0  stm32f1xx_hal_gpio.o(i.HAL_GPIO_Init)
    i.HAL_GPIO_WritePin                      0x08002010   Section        0  stm32f1xx_hal_gpio.o(i.HAL_GPIO_WritePin)
    i.HAL_GetTick                            0x0800201c   Section        0  stm32f1xx_hal.o(i.HAL_GetTick)
    i.HAL_IncTick                            0x08002028   Section        0  stm32f1xx_hal.o(i.HAL_IncTick)
    i.HAL_Init                               0x08002038   Section        0  stm32f1xx_hal.o(i.HAL_Init)
    i.HAL_InitTick                           0x0800205c   Section        0  stm32f1xx_hal.o(i.HAL_InitTick)
    i.HAL_MspInit                            0x0800209c   Section        0  stm32f1xx_hal_msp.o(i.HAL_MspInit)
    i.HAL_NVIC_EnableIRQ                     0x080020c8   Section        0  stm32f1xx_hal_cortex.o(i.HAL_NVIC_EnableIRQ)
    i.HAL_NVIC_SetPriority                   0x080020e4   Section        0  stm32f1xx_hal_cortex.o(i.HAL_NVIC_SetPriority)
    i.HAL_NVIC_SetPriorityGrouping           0x08002124   Section        0  stm32f1xx_hal_cortex.o(i.HAL_NVIC_SetPriorityGrouping)
    i.HAL_RCCEx_GetPeriphCLKFreq             0x08002148   Section        0  stm32f1xx_hal_rcc_ex.o(i.HAL_RCCEx_GetPeriphCLKFreq)
    i.HAL_RCCEx_PeriphCLKConfig              0x08002210   Section        0  stm32f1xx_hal_rcc_ex.o(i.HAL_RCCEx_PeriphCLKConfig)
    i.HAL_RCC_ClockConfig                    0x080022fc   Section        0  stm32f1xx_hal_rcc.o(i.HAL_RCC_ClockConfig)
    i.HAL_RCC_GetPCLK1Freq                   0x08002428   Section        0  stm32f1xx_hal_rcc.o(i.HAL_RCC_GetPCLK1Freq)
    i.HAL_RCC_GetPCLK2Freq                   0x08002448   Section        0  stm32f1xx_hal_rcc.o(i.HAL_RCC_GetPCLK2Freq)
    i.HAL_RCC_GetSysClockFreq                0x08002468   Section        0  stm32f1xx_hal_rcc.o(i.HAL_RCC_GetSysClockFreq)
    i.HAL_RCC_OscConfig                      0x080024d4   Section        0  stm32f1xx_hal_rcc.o(i.HAL_RCC_OscConfig)
    i.HAL_SYSTICK_Config                     0x080027f4   Section        0  stm32f1xx_hal_cortex.o(i.HAL_SYSTICK_Config)
    i.HAL_TIMEx_BreakCallback                0x0800281c   Section        0  stm32f1xx_hal_tim_ex.o(i.HAL_TIMEx_BreakCallback)
    i.HAL_TIMEx_CommutCallback               0x0800281e   Section        0  stm32f1xx_hal_tim_ex.o(i.HAL_TIMEx_CommutCallback)
    i.HAL_TIMEx_MasterConfigSynchronization  0x08002820   Section        0  stm32f1xx_hal_tim_ex.o(i.HAL_TIMEx_MasterConfigSynchronization)
    i.HAL_TIM_Base_Init                      0x08002888   Section        0  stm32f1xx_hal_tim.o(i.HAL_TIM_Base_Init)
    i.HAL_TIM_Base_MspInit                   0x080028e4   Section        0  stm32f1xx_hal_msp.o(i.HAL_TIM_Base_MspInit)
    i.HAL_TIM_Base_Start                     0x08002920   Section        0  stm32f1xx_hal_tim.o(i.HAL_TIM_Base_Start)
    i.HAL_TIM_ConfigClockSource              0x08002970   Section        0  stm32f1xx_hal_tim.o(i.HAL_TIM_ConfigClockSource)
    i.HAL_TIM_IC_CaptureCallback             0x08002a46   Section        0  stm32f1xx_hal_tim.o(i.HAL_TIM_IC_CaptureCallback)
    i.HAL_TIM_IRQHandler                     0x08002a48   Section        0  stm32f1xx_hal_tim.o(i.HAL_TIM_IRQHandler)
    i.HAL_TIM_OC_DelayElapsedCallback        0x08002bae   Section        0  stm32f1xx_hal_tim.o(i.HAL_TIM_OC_DelayElapsedCallback)
    i.HAL_TIM_PWM_PulseFinishedCallback      0x08002bb0   Section        0  stm32f1xx_hal_tim.o(i.HAL_TIM_PWM_PulseFinishedCallback)
    i.HAL_TIM_PeriodElapsedCallback          0x08002bb2   Section        0  stm32f1xx_hal_tim.o(i.HAL_TIM_PeriodElapsedCallback)
    i.HAL_TIM_TriggerCallback                0x08002bb4   Section        0  stm32f1xx_hal_tim.o(i.HAL_TIM_TriggerCallback)
    i.HAL_UARTEx_RxEventCallback             0x08002bb6   Section        0  stm32f1xx_hal_uart.o(i.HAL_UARTEx_RxEventCallback)
    i.HAL_UART_ErrorCallback                 0x08002bb8   Section        0  stm32f1xx_hal_uart.o(i.HAL_UART_ErrorCallback)
    i.HAL_UART_IRQHandler                    0x08002bbc   Section        0  stm32f1xx_hal_uart.o(i.HAL_UART_IRQHandler)
    i.HAL_UART_Init                          0x08002dc8   Section        0  stm32f1xx_hal_uart.o(i.HAL_UART_Init)
    i.HAL_UART_MspInit                       0x08002e2c   Section        0  stm32f1xx_hal_msp.o(i.HAL_UART_MspInit)
    i.HAL_UART_Receive_IT                    0x08002eac   Section        0  stm32f1xx_hal_uart.o(i.HAL_UART_Receive_IT)
    i.HAL_UART_RxCpltCallback                0x08002ed8   Section        0  main.o(i.HAL_UART_RxCpltCallback)
    i.HAL_UART_Transmit                      0x08002f40   Section        0  stm32f1xx_hal_uart.o(i.HAL_UART_Transmit)
    i.HAL_UART_TxCpltCallback                0x08002ff2   Section        0  stm32f1xx_hal_uart.o(i.HAL_UART_TxCpltCallback)
    i.HardFault_Handler                      0x08002ff4   Section        0  stm32f1xx_it.o(i.HardFault_Handler)
    i.IIC_SendByte                           0x08002ff8   Section        0  iic_oled.o(i.IIC_SendByte)
    IIC_SendByte                             0x08002ff9   Thumb Code    74  iic_oled.o(i.IIC_SendByte)
    i.IIC_Start                              0x08003048   Section        0  iic_oled.o(i.IIC_Start)
    IIC_Start                                0x08003049   Thumb Code    34  iic_oled.o(i.IIC_Start)
    i.IIC_Stop                               0x08003070   Section        0  iic_oled.o(i.IIC_Stop)
    IIC_Stop                                 0x08003071   Thumb Code    24  iic_oled.o(i.IIC_Stop)
    i.IIC_WaitAck                            0x0800308c   Section        0  iic_oled.o(i.IIC_WaitAck)
    IIC_WaitAck                              0x0800308d   Thumb Code    40  iic_oled.o(i.IIC_WaitAck)
    i.MX_ADC1_Init                           0x080030b8   Section        0  main.o(i.MX_ADC1_Init)
    MX_ADC1_Init                             0x080030b9   Thumb Code    88  main.o(i.MX_ADC1_Init)
    i.MX_GPIO_Init                           0x08003118   Section        0  main.o(i.MX_GPIO_Init)
    MX_GPIO_Init                             0x08003119   Thumb Code   150  main.o(i.MX_GPIO_Init)
    i.MX_TIM3_Init                           0x080031bc   Section        0  main.o(i.MX_TIM3_Init)
    MX_TIM3_Init                             0x080031bd   Thumb Code    98  main.o(i.MX_TIM3_Init)
    i.MemManage_Handler                      0x08003228   Section        0  stm32f1xx_it.o(i.MemManage_Handler)
    i.NMI_Handler                            0x0800322a   Section        0  stm32f1xx_it.o(i.NMI_Handler)
    i.OLED_Clear                             0x0800322c   Section        0  iic_oled.o(i.OLED_Clear)
    i.OLED_Delay                             0x0800324c   Section        0  iic_oled.o(i.OLED_Delay)
    OLED_Delay                               0x0800324d   Thumb Code    32  iic_oled.o(i.OLED_Delay)
    i.OLED_Init                              0x0800326c   Section        0  iic_oled.o(i.OLED_Init)
    i.OLED_SendCmd                           0x0800332c   Section        0  iic_oled.o(i.OLED_SendCmd)
    OLED_SendCmd                             0x0800332d   Thumb Code    56  iic_oled.o(i.OLED_SendCmd)
    i.OLED_SendData                          0x08003364   Section        0  iic_oled.o(i.OLED_SendData)
    OLED_SendData                            0x08003365   Thumb Code    56  iic_oled.o(i.OLED_SendData)
    i.OLED_SetPos                            0x0800339c   Section        0  iic_oled.o(i.OLED_SetPos)
    OLED_SetPos                              0x0800339d   Thumb Code    34  iic_oled.o(i.OLED_SetPos)
    i.OLED_ShowChar                          0x080033c0   Section        0  iic_oled.o(i.OLED_ShowChar)
    i.OLED_ShowString                        0x08003470   Section        0  iic_oled.o(i.OLED_ShowString)
    i.PendSV_Handler                         0x080034ba   Section        0  stm32f1xx_it.o(i.PendSV_Handler)
    i.SVC_Handler                            0x080034bc   Section        0  stm32f1xx_it.o(i.SVC_Handler)
    i.SysTick_Handler                        0x080034be   Section        0  stm32f1xx_it.o(i.SysTick_Handler)
    i.SystemClock_Config                     0x080034c2   Section        0  main.o(i.SystemClock_Config)
    i.SystemInit                             0x0800353a   Section        0  system_stm32f1xx.o(i.SystemInit)
    i.TIM3_IRQHandler                        0x0800353c   Section        0  stm32f1xx_it.o(i.TIM3_IRQHandler)
    i.TIM_Base_SetConfig                     0x08003548   Section        0  stm32f1xx_hal_tim.o(i.TIM_Base_SetConfig)
    i.TIM_ETR_SetConfig                      0x080035b4   Section        0  stm32f1xx_hal_tim.o(i.TIM_ETR_SetConfig)
    i.TIM_ITRx_SetConfig                     0x080035c8   Section        0  stm32f1xx_hal_tim.o(i.TIM_ITRx_SetConfig)
    TIM_ITRx_SetConfig                       0x080035c9   Thumb Code    16  stm32f1xx_hal_tim.o(i.TIM_ITRx_SetConfig)
    i.TIM_TI1_ConfigInputStage               0x080035d8   Section        0  stm32f1xx_hal_tim.o(i.TIM_TI1_ConfigInputStage)
    TIM_TI1_ConfigInputStage                 0x080035d9   Thumb Code    34  stm32f1xx_hal_tim.o(i.TIM_TI1_ConfigInputStage)
    i.TIM_TI2_ConfigInputStage               0x080035fa   Section        0  stm32f1xx_hal_tim.o(i.TIM_TI2_ConfigInputStage)
    TIM_TI2_ConfigInputStage                 0x080035fb   Thumb Code    36  stm32f1xx_hal_tim.o(i.TIM_TI2_ConfigInputStage)
    i.UART_DMAAbortOnError                   0x0800361e   Section        0  stm32f1xx_hal_uart.o(i.UART_DMAAbortOnError)
    UART_DMAAbortOnError                     0x0800361f   Thumb Code    16  stm32f1xx_hal_uart.o(i.UART_DMAAbortOnError)
    i.UART_EndRxTransfer                     0x0800362e   Section        0  stm32f1xx_hal_uart.o(i.UART_EndRxTransfer)
    UART_EndRxTransfer                       0x0800362f   Thumb Code    48  stm32f1xx_hal_uart.o(i.UART_EndRxTransfer)
    i.UART_Receive_IT                        0x0800365e   Section        0  stm32f1xx_hal_uart.o(i.UART_Receive_IT)
    UART_Receive_IT                          0x0800365f   Thumb Code   182  stm32f1xx_hal_uart.o(i.UART_Receive_IT)
    i.UART_SetConfig                         0x08003714   Section        0  stm32f1xx_hal_uart.o(i.UART_SetConfig)
    UART_SetConfig                           0x08003715   Thumb Code   178  stm32f1xx_hal_uart.o(i.UART_SetConfig)
    i.UART_Start_Receive_IT                  0x080037cc   Section        0  stm32f1xx_hal_uart.o(i.UART_Start_Receive_IT)
    i.UART_WaitOnFlagUntilTimeout            0x08003802   Section        0  stm32f1xx_hal_uart.o(i.UART_WaitOnFlagUntilTimeout)
    UART_WaitOnFlagUntilTimeout              0x08003803   Thumb Code   100  stm32f1xx_hal_uart.o(i.UART_WaitOnFlagUntilTimeout)
    i.USART1_IRQHandler                      0x08003868   Section        0  stm32f1xx_it.o(i.USART1_IRQHandler)
    i.UsageFault_Handler                     0x08003874   Section        0  stm32f1xx_it.o(i.UsageFault_Handler)
    i.__ARM_fpclassify                       0x08003876   Section        0  fpclassify.o(i.__ARM_fpclassify)
    i.__NVIC_SetPriority                     0x0800389e   Section        0  stm32f1xx_hal_cortex.o(i.__NVIC_SetPriority)
    __NVIC_SetPriority                       0x0800389f   Thumb Code    32  stm32f1xx_hal_cortex.o(i.__NVIC_SetPriority)
    i._is_digit                              0x080038be   Section        0  __printf_wp.o(i._is_digit)
    i.main                                   0x080038cc   Section        0  main.o(i.main)
    locale$$code                             0x08003be4   Section       44  lc_numeric_c.o(locale$$code)
    x$fpl$d2f                                0x08003c10   Section       98  d2f.o(x$fpl$d2f)
    x$fpl$dadd                               0x08003c74   Section      336  daddsub_clz.o(x$fpl$dadd)
    _dadd1                                   0x08003c85   Thumb Code     0  daddsub_clz.o(x$fpl$dadd)
    x$fpl$dcheck1                            0x08003dc4   Section       16  dcheck1.o(x$fpl$dcheck1)
    x$fpl$dfltu                              0x08003dd4   Section       38  dflt_clz.o(x$fpl$dfltu)
    x$fpl$dmul                               0x08003dfc   Section      340  dmul.o(x$fpl$dmul)
    x$fpl$dnaninf                            0x08003f50   Section      156  dnaninf.o(x$fpl$dnaninf)
    x$fpl$dretinf                            0x08003fec   Section       12  dretinf.o(x$fpl$dretinf)
    x$fpl$dsub                               0x08003ff8   Section      468  daddsub_clz.o(x$fpl$dsub)
    _dsub1                                   0x08004009   Thumb Code     0  daddsub_clz.o(x$fpl$dsub)
    x$fpl$f2d                                0x080041cc   Section       86  f2d.o(x$fpl$f2d)
    x$fpl$fcheck1                            0x08004224   Section       12  fcheck1.o(x$fpl$fcheck1)
    x$fpl$fnaninf                            0x08004230   Section      140  fnaninf.o(x$fpl$fnaninf)
    x$fpl$fretinf                            0x080042bc   Section       10  fretinf.o(x$fpl$fretinf)
    x$fpl$printf1                            0x080042c6   Section        4  printf1.o(x$fpl$printf1)
    x$fpl$retnan                             0x080042ca   Section      100  retnan.o(x$fpl$retnan)
    x$fpl$scalbn                             0x0800432e   Section       92  scalbn.o(x$fpl$scalbn)
    x$fpl$scalbnf                            0x0800438a   Section       76  scalbnf.o(x$fpl$scalbnf)
    x$fpl$trapveneer                         0x080043d6   Section       48  trapv.o(x$fpl$trapveneer)
    .constdata                               0x08004406   Section     2072  iic_oled.o(.constdata)
    x$fpl$usenofp                            0x08004406   Section        0  usenofp.o(x$fpl$usenofp)
    .constdata                               0x08004c1e   Section       16  system_stm32f1xx.o(.constdata)
    .constdata                               0x08004c2e   Section        8  system_stm32f1xx.o(.constdata)
    .constdata                               0x08004c36   Section       17  __printf_flags_ss_wp.o(.constdata)
    maptable                                 0x08004c36   Data          17  __printf_flags_ss_wp.o(.constdata)
    .constdata                               0x08004c48   Section      148  bigflt0.o(.constdata)
    tenpwrs_x                                0x08004c48   Data          60  bigflt0.o(.constdata)
    tenpwrs_i                                0x08004c84   Data          64  bigflt0.o(.constdata)
    locale$$data                             0x08004cfc   Section       28  lc_numeric_c.o(locale$$data)
    __lcnum_c_name                           0x08004d00   Data           2  lc_numeric_c.o(locale$$data)
    __lcnum_c_start                          0x08004d08   Data           0  lc_numeric_c.o(locale$$data)
    __lcnum_c_point                          0x08004d14   Data           0  lc_numeric_c.o(locale$$data)
    __lcnum_c_thousands                      0x08004d16   Data           0  lc_numeric_c.o(locale$$data)
    __lcnum_c_grouping                       0x08004d17   Data           0  lc_numeric_c.o(locale$$data)
    __lcnum_c_end                            0x08004d18   Data           0  lc_numeric_c.o(locale$$data)
    .data                                    0x20000000   Section       54  main.o(.data)
    .data                                    0x20000038   Section       12  stm32f1xx_hal.o(.data)
    .data                                    0x20000044   Section        4  system_stm32f1xx.o(.data)
    .bss                                     0x20000048   Section     1980  main.o(.bss)
    .bss                                     0x20000804   Section       68  main.o(.bss)
    .bss                                     0x20000848   Section       96  libspace.o(.bss)
    HEAP                                     0x200008a8   Section      512  startup_stm32f103xb.o(HEAP)
    Heap_Mem                                 0x200008a8   Data         512  startup_stm32f103xb.o(HEAP)
    STACK                                    0x20000aa8   Section     1024  startup_stm32f103xb.o(STACK)
    Stack_Mem                                0x20000aa8   Data        1024  startup_stm32f103xb.o(STACK)
    __initial_sp                             0x20000ea8   Data           0  startup_stm32f103xb.o(STACK)

    Global Symbols

    Symbol Name                              Value     Ov Type        Size  Object(Section)

    BuildAttributes$$THM_ISAv4$P$D$K$B$S$PE$A:L22UL41UL21$X:L11$S22US41US21$IEEE1$IW$USESV6$~STKCKD$USESV7$~SHL$OTIME$ROPI$IEEEJ$EBA8$UX$STANDARDLIB$REQ8$PRES8$EABIv2 0x00000000   Number         0  anon$$obj.o ABSOLUTE
    __ARM_use_no_argv                        0x00000000   Number         0  main.o ABSOLUTE
    _printf_flags                            0x00000000   Number         0  printf_stubs.o ABSOLUTE
    _printf_return_value                     0x00000000   Number         0  printf_stubs.o ABSOLUTE
    _printf_sizespec                         0x00000000   Number         0  printf_stubs.o ABSOLUTE
    _printf_widthprec                        0x00000000   Number         0  printf_stubs.o ABSOLUTE
    __ARM_exceptions_init                     - Undefined Weak Reference
    __alloca_initialize                       - Undefined Weak Reference
    __arm_fini_                               - Undefined Weak Reference
    __arm_preinit_                            - Undefined Weak Reference
    __cpp_initialize__aeabi_                  - Undefined Weak Reference
    __cxa_finalize                            - Undefined Weak Reference
    __sigvec_lookup                           - Undefined Weak Reference
    _atexit_init                              - Undefined Weak Reference
    _call_atexit_fns                          - Undefined Weak Reference
    _clock_init                               - Undefined Weak Reference
    _fp_trap_init                             - Undefined Weak Reference
    _fp_trap_shutdown                         - Undefined Weak Reference
    _get_lc_collate                           - Undefined Weak Reference
    _get_lc_monetary                          - Undefined Weak Reference
    _get_lc_time                              - Undefined Weak Reference
    _getenv_init                              - Undefined Weak Reference
    _handle_redirection                       - Undefined Weak Reference
    _init_alloc                               - Undefined Weak Reference
    _init_user_alloc                          - Undefined Weak Reference
    _initio                                   - Undefined Weak Reference
    _printf_mbtowc                            - Undefined Weak Reference
    _printf_wc                                - Undefined Weak Reference
    _rand_init                                - Undefined Weak Reference
    _signal_finish                            - Undefined Weak Reference
    _signal_init                              - Undefined Weak Reference
    _terminate_alloc                          - Undefined Weak Reference
    _terminate_user_alloc                     - Undefined Weak Reference
    _terminateio                              - Undefined Weak Reference
    __Vectors_Size                           0x000000ec   Number         0  startup_stm32f103xb.o ABSOLUTE
    __Vectors                                0x08000000   Data           4  startup_stm32f103xb.o(RESET)
    __Vectors_End                            0x080000ec   Data           0  startup_stm32f103xb.o(RESET)
    __main                                   0x080000ed   Thumb Code     8  __main.o(!!!main)
    __scatterload                            0x080000f5   Thumb Code     0  __scatter.o(!!!scatter)
    __scatterload_rt2                        0x080000f5   Thumb Code    44  __scatter.o(!!!scatter)
    __scatterload_rt2_thumb_only             0x080000f5   Thumb Code     0  __scatter.o(!!!scatter)
    __scatterload_null                       0x08000103   Thumb Code     0  __scatter.o(!!!scatter)
    __scatterload_copy                       0x08000129   Thumb Code    26  __scatter_copy.o(!!handler_copy)
    __scatterload_zeroinit                   0x08000145   Thumb Code    28  __scatter_zi.o(!!handler_zi)
    _printf_f                                0x08000161   Thumb Code     0  _printf_f.o(.ARM.Collect$$_printf_percent$$00000003)
    _printf_percent                          0x08000161   Thumb Code     0  _printf_percent.o(.ARM.Collect$$_printf_percent$$00000000)
    _printf_s                                0x08000167   Thumb Code     0  _printf_s.o(.ARM.Collect$$_printf_percent$$00000014)
    _printf_percent_end                      0x0800016d   Thumb Code     0  _printf_percent_end.o(.ARM.Collect$$_printf_percent$$00000017)
    __rt_lib_init                            0x08000171   Thumb Code     0  libinit.o(.ARM.Collect$$libinit$$00000000)
    __rt_lib_init_fp_1                       0x08000173   Thumb Code     0  libinit2.o(.ARM.Collect$$libinit$$00000002)
    __rt_lib_init_heap_1                     0x08000173   Thumb Code     0  libinit2.o(.ARM.Collect$$libinit$$0000000A)
    __rt_lib_init_lc_common                  0x08000173   Thumb Code     0  libinit2.o(.ARM.Collect$$libinit$$0000000F)
    __rt_lib_init_preinit_1                  0x08000173   Thumb Code     0  libinit2.o(.ARM.Collect$$libinit$$00000004)
    __rt_lib_init_rand_1                     0x08000173   Thumb Code     0  libinit2.o(.ARM.Collect$$libinit$$0000000E)
    __rt_lib_init_user_alloc_1               0x08000173   Thumb Code     0  libinit2.o(.ARM.Collect$$libinit$$0000000C)
    __rt_lib_init_lc_collate_1               0x08000179   Thumb Code     0  libinit2.o(.ARM.Collect$$libinit$$00000011)
    __rt_lib_init_lc_ctype_1                 0x08000179   Thumb Code     0  libinit2.o(.ARM.Collect$$libinit$$00000013)
    __rt_lib_init_lc_monetary_1              0x08000179   Thumb Code     0  libinit2.o(.ARM.Collect$$libinit$$00000015)
    __rt_lib_init_lc_numeric_2               0x08000179   Thumb Code     0  libinit2.o(.ARM.Collect$$libinit$$00000016)
    __rt_lib_init_alloca_1                   0x08000183   Thumb Code     0  libinit2.o(.ARM.Collect$$libinit$$0000002E)
    __rt_lib_init_argv_1                     0x08000183   Thumb Code     0  libinit2.o(.ARM.Collect$$libinit$$0000002C)
    __rt_lib_init_atexit_1                   0x08000183   Thumb Code     0  libinit2.o(.ARM.Collect$$libinit$$0000001B)
    __rt_lib_init_clock_1                    0x08000183   Thumb Code     0  libinit2.o(.ARM.Collect$$libinit$$00000021)
    __rt_lib_init_cpp_1                      0x08000183   Thumb Code     0  libinit2.o(.ARM.Collect$$libinit$$00000032)
    __rt_lib_init_exceptions_1               0x08000183   Thumb Code     0  libinit2.o(.ARM.Collect$$libinit$$00000030)
    __rt_lib_init_fp_trap_1                  0x08000183   Thumb Code     0  libinit2.o(.ARM.Collect$$libinit$$0000001F)
    __rt_lib_init_getenv_1                   0x08000183   Thumb Code     0  libinit2.o(.ARM.Collect$$libinit$$00000023)
    __rt_lib_init_lc_numeric_1               0x08000183   Thumb Code     0  libinit2.o(.ARM.Collect$$libinit$$00000017)
    __rt_lib_init_lc_time_1                  0x08000183   Thumb Code     0  libinit2.o(.ARM.Collect$$libinit$$00000019)
    __rt_lib_init_return                     0x08000183   Thumb Code     0  libinit2.o(.ARM.Collect$$libinit$$00000033)
    __rt_lib_init_signal_1                   0x08000183   Thumb Code     0  libinit2.o(.ARM.Collect$$libinit$$0000001D)
    __rt_lib_init_stdio_1                    0x08000183   Thumb Code     0  libinit2.o(.ARM.Collect$$libinit$$00000025)
    __rt_lib_shutdown                        0x08000185   Thumb Code     0  libshutdown.o(.ARM.Collect$$libshutdown$$00000000)
    __rt_lib_shutdown_cpp_1                  0x08000187   Thumb Code     0  libshutdown2.o(.ARM.Collect$$libshutdown$$00000004)
    __rt_lib_shutdown_fini_1                 0x08000187   Thumb Code     0  libshutdown2.o(.ARM.Collect$$libshutdown$$00000002)
    __rt_lib_shutdown_fp_trap_1              0x08000187   Thumb Code     0  libshutdown2.o(.ARM.Collect$$libshutdown$$00000009)
    __rt_lib_shutdown_heap_1                 0x08000187   Thumb Code     0  libshutdown2.o(.ARM.Collect$$libshutdown$$00000011)
    __rt_lib_shutdown_return                 0x08000187   Thumb Code     0  libshutdown2.o(.ARM.Collect$$libshutdown$$00000012)
    __rt_lib_shutdown_signal_1               0x08000187   Thumb Code     0  libshutdown2.o(.ARM.Collect$$libshutdown$$0000000C)
    __rt_lib_shutdown_stdio_1                0x08000187   Thumb Code     0  libshutdown2.o(.ARM.Collect$$libshutdown$$00000006)
    __rt_lib_shutdown_user_alloc_1           0x08000187   Thumb Code     0  libshutdown2.o(.ARM.Collect$$libshutdown$$0000000E)
    __rt_entry                               0x08000189   Thumb Code     0  __rtentry.o(.ARM.Collect$$rtentry$$00000000)
    __rt_entry_presh_1                       0x08000189   Thumb Code     0  __rtentry2.o(.ARM.Collect$$rtentry$$00000002)
    __rt_entry_sh                            0x08000189   Thumb Code     0  __rtentry4.o(.ARM.Collect$$rtentry$$00000004)
    __rt_entry_li                            0x0800018f   Thumb Code     0  __rtentry2.o(.ARM.Collect$$rtentry$$0000000A)
    __rt_entry_postsh_1                      0x0800018f   Thumb Code     0  __rtentry2.o(.ARM.Collect$$rtentry$$00000009)
    __rt_entry_main                          0x08000193   Thumb Code     0  __rtentry2.o(.ARM.Collect$$rtentry$$0000000D)
    __rt_entry_postli_1                      0x08000193   Thumb Code     0  __rtentry2.o(.ARM.Collect$$rtentry$$0000000C)
    __rt_exit                                0x0800019b   Thumb Code     0  rtexit.o(.ARM.Collect$$rtexit$$00000000)
    __rt_exit_ls                             0x0800019d   Thumb Code     0  rtexit2.o(.ARM.Collect$$rtexit$$00000003)
    __rt_exit_prels_1                        0x0800019d   Thumb Code     0  rtexit2.o(.ARM.Collect$$rtexit$$00000002)
    __rt_exit_exit                           0x080001a1   Thumb Code     0  rtexit2.o(.ARM.Collect$$rtexit$$00000004)
    Reset_Handler                            0x080001a9   Thumb Code     8  startup_stm32f103xb.o(.text)
    CAN1_RX1_IRQHandler                      0x080001c3   Thumb Code     0  startup_stm32f103xb.o(.text)
    CAN1_SCE_IRQHandler                      0x080001c3   Thumb Code     0  startup_stm32f103xb.o(.text)
    DMA1_Channel2_IRQHandler                 0x080001c3   Thumb Code     0  startup_stm32f103xb.o(.text)
    DMA1_Channel3_IRQHandler                 0x080001c3   Thumb Code     0  startup_stm32f103xb.o(.text)
    DMA1_Channel4_IRQHandler                 0x080001c3   Thumb Code     0  startup_stm32f103xb.o(.text)
    DMA1_Channel5_IRQHandler                 0x080001c3   Thumb Code     0  startup_stm32f103xb.o(.text)
    DMA1_Channel6_IRQHandler                 0x080001c3   Thumb Code     0  startup_stm32f103xb.o(.text)
    DMA1_Channel7_IRQHandler                 0x080001c3   Thumb Code     0  startup_stm32f103xb.o(.text)
    EXTI0_IRQHandler                         0x080001c3   Thumb Code     0  startup_stm32f103xb.o(.text)
    EXTI15_10_IRQHandler                     0x080001c3   Thumb Code     0  startup_stm32f103xb.o(.text)
    EXTI1_IRQHandler                         0x080001c3   Thumb Code     0  startup_stm32f103xb.o(.text)
    EXTI2_IRQHandler                         0x080001c3   Thumb Code     0  startup_stm32f103xb.o(.text)
    EXTI3_IRQHandler                         0x080001c3   Thumb Code     0  startup_stm32f103xb.o(.text)
    EXTI4_IRQHandler                         0x080001c3   Thumb Code     0  startup_stm32f103xb.o(.text)
    EXTI9_5_IRQHandler                       0x080001c3   Thumb Code     0  startup_stm32f103xb.o(.text)
    FLASH_IRQHandler                         0x080001c3   Thumb Code     0  startup_stm32f103xb.o(.text)
    I2C1_ER_IRQHandler                       0x080001c3   Thumb Code     0  startup_stm32f103xb.o(.text)
    I2C1_EV_IRQHandler                       0x080001c3   Thumb Code     0  startup_stm32f103xb.o(.text)
    I2C2_ER_IRQHandler                       0x080001c3   Thumb Code     0  startup_stm32f103xb.o(.text)
    I2C2_EV_IRQHandler                       0x080001c3   Thumb Code     0  startup_stm32f103xb.o(.text)
    PVD_IRQHandler                           0x080001c3   Thumb Code     0  startup_stm32f103xb.o(.text)
    RCC_IRQHandler                           0x080001c3   Thumb Code     0  startup_stm32f103xb.o(.text)
    RTC_Alarm_IRQHandler                     0x080001c3   Thumb Code     0  startup_stm32f103xb.o(.text)
    RTC_IRQHandler                           0x080001c3   Thumb Code     0  startup_stm32f103xb.o(.text)
    SPI1_IRQHandler                          0x080001c3   Thumb Code     0  startup_stm32f103xb.o(.text)
    SPI2_IRQHandler                          0x080001c3   Thumb Code     0  startup_stm32f103xb.o(.text)
    TAMPER_IRQHandler                        0x080001c3   Thumb Code     0  startup_stm32f103xb.o(.text)
    TIM1_BRK_IRQHandler                      0x080001c3   Thumb Code     0  startup_stm32f103xb.o(.text)
    TIM1_CC_IRQHandler                       0x080001c3   Thumb Code     0  startup_stm32f103xb.o(.text)
    TIM1_TRG_COM_IRQHandler                  0x080001c3   Thumb Code     0  startup_stm32f103xb.o(.text)
    TIM1_UP_IRQHandler                       0x080001c3   Thumb Code     0  startup_stm32f103xb.o(.text)
    TIM2_IRQHandler                          0x080001c3   Thumb Code     0  startup_stm32f103xb.o(.text)
    TIM4_IRQHandler                          0x080001c3   Thumb Code     0  startup_stm32f103xb.o(.text)
    USART2_IRQHandler                        0x080001c3   Thumb Code     0  startup_stm32f103xb.o(.text)
    USART3_IRQHandler                        0x080001c3   Thumb Code     0  startup_stm32f103xb.o(.text)
    USBWakeUp_IRQHandler                     0x080001c3   Thumb Code     0  startup_stm32f103xb.o(.text)
    USB_HP_CAN1_TX_IRQHandler                0x080001c3   Thumb Code     0  startup_stm32f103xb.o(.text)
    USB_LP_CAN1_RX0_IRQHandler               0x080001c3   Thumb Code     0  startup_stm32f103xb.o(.text)
    WWDG_IRQHandler                          0x080001c3   Thumb Code     0  startup_stm32f103xb.o(.text)
    __user_initial_stackheap                 0x080001c5   Thumb Code     0  startup_stm32f103xb.o(.text)
    __2sprintf                               0x080001e9   Thumb Code    38  __2sprintf.o(.text)
    _printf_str                              0x08000215   Thumb Code    82  _printf_str.o(.text)
    __printf                                 0x08000269   Thumb Code   388  __printf_flags_ss_wp.o(.text)
    strstr                                   0x080003f1   Thumb Code    36  strstr.o(.text)
    strlen                                   0x08000415   Thumb Code    62  strlen.o(.text)
    __aeabi_memclr4                          0x08000453   Thumb Code     0  rt_memclr_w.o(.text)
    __aeabi_memclr8                          0x08000453   Thumb Code     0  rt_memclr_w.o(.text)
    __rt_memclr_w                            0x08000453   Thumb Code    78  rt_memclr_w.o(.text)
    _memset_w                                0x08000457   Thumb Code     0  rt_memclr_w.o(.text)
    __use_two_region_memory                  0x080004a1   Thumb Code     2  heapauxi.o(.text)
    __rt_heap_escrow$2region                 0x080004a3   Thumb Code     2  heapauxi.o(.text)
    __rt_heap_expand$2region                 0x080004a5   Thumb Code     2  heapauxi.o(.text)
    __lib_sel_fp_printf                      0x080004a7   Thumb Code     2  _printf_fp_dec.o(.text)
    _printf_fp_dec_real                      0x08000659   Thumb Code   620  _printf_fp_dec.o(.text)
    _printf_char_common                      0x080008cf   Thumb Code    32  _printf_char_common.o(.text)
    _sputc                                   0x080008f5   Thumb Code    10  _sputc.o(.text)
    _printf_cs_common                        0x080008ff   Thumb Code    20  _printf_char.o(.text)
    _printf_char                             0x08000913   Thumb Code    16  _printf_char.o(.text)
    _printf_string                           0x08000923   Thumb Code     8  _printf_char.o(.text)
    __rt_locale                              0x0800092d   Thumb Code     8  rt_locale_intlibspace.o(.text)
    _ll_udiv10                               0x08000935   Thumb Code   138  lludiv10.o(.text)
    _printf_fp_infnan                        0x080009c1   Thumb Code   112  _printf_fp_infnan.o(.text)
    _btod_etento                             0x08000a41   Thumb Code   224  bigflt0.o(.text)
    __user_libspace                          0x08000b25   Thumb Code     8  libspace.o(.text)
    __user_perproc_libspace                  0x08000b25   Thumb Code     0  libspace.o(.text)
    __user_perthread_libspace                0x08000b25   Thumb Code     0  libspace.o(.text)
    __user_setup_stackheap                   0x08000b2d   Thumb Code    74  sys_stackheap_outer.o(.text)
    exit                                     0x08000b77   Thumb Code    18  exit.o(.text)
    strcmp                                   0x08000b89   Thumb Code   128  strcmpv7m.o(.text)
    _sys_exit                                0x08000c09   Thumb Code     8  sys_exit.o(.text)
    __I$use$semihosting                      0x08000c15   Thumb Code     0  use_no_semi.o(.text)
    __use_no_semihosting_swi                 0x08000c15   Thumb Code     2  use_no_semi.o(.text)
    __semihosting_library_function           0x08000c17   Thumb Code     0  indicate_semi.o(.text)
    _btod_d2e                                0x08000c17   Thumb Code    62  btod.o(CL$$btod_d2e)
    _d2e_denorm_low                          0x08000c55   Thumb Code    70  btod.o(CL$$btod_d2e_denorm_low)
    _d2e_norm_op1                            0x08000c9b   Thumb Code    96  btod.o(CL$$btod_d2e_norm_op1)
    __btod_div_common                        0x08000cfb   Thumb Code   696  btod.o(CL$$btod_div_common)
    _e2e                                     0x08001033   Thumb Code   220  btod.o(CL$$btod_e2e)
    _btod_ediv                               0x0800110f   Thumb Code    42  btod.o(CL$$btod_ediv)
    _btod_emul                               0x08001139   Thumb Code    42  btod.o(CL$$btod_emul)
    __btod_mult_common                       0x08001163   Thumb Code   580  btod.o(CL$$btod_mult_common)
    ADC1_2_IRQHandler                        0x080013a9   Thumb Code     6  stm32f1xx_it.o(i.ADC1_2_IRQHandler)
    ADC_ConversionStop_Disable               0x080013b5   Thumb Code    86  stm32f1xx_hal_adc.o(i.ADC_ConversionStop_Disable)
    ADC_DMAConvCplt                          0x0800140b   Thumb Code    78  stm32f1xx_hal_adc.o(i.ADC_DMAConvCplt)
    ADC_DMAError                             0x08001459   Thumb Code    26  stm32f1xx_hal_adc.o(i.ADC_DMAError)
    ADC_DMAHalfConvCplt                      0x08001473   Thumb Code    10  stm32f1xx_hal_adc.o(i.ADC_DMAHalfConvCplt)
    ADC_Enable                               0x0800147d   Thumb Code   114  stm32f1xx_hal_adc.o(i.ADC_Enable)
    BusFault_Handler                         0x080014f9   Thumb Code     2  stm32f1xx_it.o(i.BusFault_Handler)
    DMA1_Channel1_IRQHandler                 0x080014fd   Thumb Code     6  stm32f1xx_it.o(i.DMA1_Channel1_IRQHandler)
    DebugMon_Handler                         0x08001533   Thumb Code     2  stm32f1xx_it.o(i.DebugMon_Handler)
    Error_Handler                            0x08001535   Thumb Code     4  main.o(i.Error_Handler)
    HAL_ADCEx_Calibration_Start              0x08001539   Thumb Code   210  stm32f1xx_hal_adc_ex.o(i.HAL_ADCEx_Calibration_Start)
    HAL_ADCEx_InjectedConvCpltCallback       0x08001611   Thumb Code     2  stm32f1xx_hal_adc_ex.o(i.HAL_ADCEx_InjectedConvCpltCallback)
    HAL_ADC_ConfigChannel                    0x08001615   Thumb Code   240  stm32f1xx_hal_adc.o(i.HAL_ADC_ConfigChannel)
    HAL_ADC_ConvCpltCallback                 0x08001711   Thumb Code    60  main.o(i.HAL_ADC_ConvCpltCallback)
    HAL_ADC_ConvHalfCpltCallback             0x08001759   Thumb Code     2  stm32f1xx_hal_adc.o(i.HAL_ADC_ConvHalfCpltCallback)
    HAL_ADC_ErrorCallback                    0x0800175b   Thumb Code     2  stm32f1xx_hal_adc.o(i.HAL_ADC_ErrorCallback)
    HAL_ADC_IRQHandler                       0x0800175d   Thumb Code   230  stm32f1xx_hal_adc.o(i.HAL_ADC_IRQHandler)
    HAL_ADC_Init                             0x08001845   Thumb Code   272  stm32f1xx_hal_adc.o(i.HAL_ADC_Init)
    HAL_ADC_LevelOutOfWindowCallback         0x08001961   Thumb Code     2  stm32f1xx_hal_adc.o(i.HAL_ADC_LevelOutOfWindowCallback)
    HAL_ADC_MspInit                          0x08001965   Thumb Code   136  stm32f1xx_hal_msp.o(i.HAL_ADC_MspInit)
    HAL_ADC_Start_DMA                        0x08001a01   Thumb Code   246  stm32f1xx_hal_adc.o(i.HAL_ADC_Start_DMA)
    HAL_DMA_Abort                            0x08001b0d   Thumb Code    70  stm32f1xx_hal_dma.o(i.HAL_DMA_Abort)
    HAL_DMA_Abort_IT                         0x08001b55   Thumb Code   148  stm32f1xx_hal_dma.o(i.HAL_DMA_Abort_IT)
    HAL_DMA_IRQHandler                       0x08001bed   Thumb Code   316  stm32f1xx_hal_dma.o(i.HAL_DMA_IRQHandler)
    HAL_DMA_Init                             0x08001d41   Thumb Code    84  stm32f1xx_hal_dma.o(i.HAL_DMA_Init)
    HAL_DMA_Start_IT                         0x08001d9d   Thumb Code   112  stm32f1xx_hal_dma.o(i.HAL_DMA_Start_IT)
    HAL_Delay                                0x08001e0d   Thumb Code    32  stm32f1xx_hal.o(i.HAL_Delay)
    HAL_GPIO_Init                            0x08001e31   Thumb Code   446  stm32f1xx_hal_gpio.o(i.HAL_GPIO_Init)
    HAL_GPIO_WritePin                        0x08002011   Thumb Code    10  stm32f1xx_hal_gpio.o(i.HAL_GPIO_WritePin)
    HAL_GetTick                              0x0800201d   Thumb Code     6  stm32f1xx_hal.o(i.HAL_GetTick)
    HAL_IncTick                              0x08002029   Thumb Code    12  stm32f1xx_hal.o(i.HAL_IncTick)
    HAL_Init                                 0x08002039   Thumb Code    32  stm32f1xx_hal.o(i.HAL_Init)
    HAL_InitTick                             0x0800205d   Thumb Code    54  stm32f1xx_hal.o(i.HAL_InitTick)
    HAL_MspInit                              0x0800209d   Thumb Code    38  stm32f1xx_hal_msp.o(i.HAL_MspInit)
    HAL_NVIC_EnableIRQ                       0x080020c9   Thumb Code    26  stm32f1xx_hal_cortex.o(i.HAL_NVIC_EnableIRQ)
    HAL_NVIC_SetPriority                     0x080020e5   Thumb Code    60  stm32f1xx_hal_cortex.o(i.HAL_NVIC_SetPriority)
    HAL_NVIC_SetPriorityGrouping             0x08002125   Thumb Code    26  stm32f1xx_hal_cortex.o(i.HAL_NVIC_SetPriorityGrouping)
    HAL_RCCEx_GetPeriphCLKFreq               0x08002149   Thumb Code   166  stm32f1xx_hal_rcc_ex.o(i.HAL_RCCEx_GetPeriphCLKFreq)
    HAL_RCCEx_PeriphCLKConfig                0x08002211   Thumb Code   224  stm32f1xx_hal_rcc_ex.o(i.HAL_RCCEx_PeriphCLKConfig)
    HAL_RCC_ClockConfig                      0x080022fd   Thumb Code   280  stm32f1xx_hal_rcc.o(i.HAL_RCC_ClockConfig)
    HAL_RCC_GetPCLK1Freq                     0x08002429   Thumb Code    20  stm32f1xx_hal_rcc.o(i.HAL_RCC_GetPCLK1Freq)
    HAL_RCC_GetPCLK2Freq                     0x08002449   Thumb Code    20  stm32f1xx_hal_rcc.o(i.HAL_RCC_GetPCLK2Freq)
    HAL_RCC_GetSysClockFreq                  0x08002469   Thumb Code    74  stm32f1xx_hal_rcc.o(i.HAL_RCC_GetSysClockFreq)
    HAL_RCC_OscConfig                        0x080024d5   Thumb Code   778  stm32f1xx_hal_rcc.o(i.HAL_RCC_OscConfig)
    HAL_SYSTICK_Config                       0x080027f5   Thumb Code    40  stm32f1xx_hal_cortex.o(i.HAL_SYSTICK_Config)
    HAL_TIMEx_BreakCallback                  0x0800281d   Thumb Code     2  stm32f1xx_hal_tim_ex.o(i.HAL_TIMEx_BreakCallback)
    HAL_TIMEx_CommutCallback                 0x0800281f   Thumb Code     2  stm32f1xx_hal_tim_ex.o(i.HAL_TIMEx_CommutCallback)
    HAL_TIMEx_MasterConfigSynchronization    0x08002821   Thumb Code    92  stm32f1xx_hal_tim_ex.o(i.HAL_TIMEx_MasterConfigSynchronization)
    HAL_TIM_Base_Init                        0x08002889   Thumb Code    90  stm32f1xx_hal_tim.o(i.HAL_TIM_Base_Init)
    HAL_TIM_Base_MspInit                     0x080028e5   Thumb Code    50  stm32f1xx_hal_msp.o(i.HAL_TIM_Base_MspInit)
    HAL_TIM_Base_Start                       0x08002921   Thumb Code    66  stm32f1xx_hal_tim.o(i.HAL_TIM_Base_Start)
    HAL_TIM_ConfigClockSource                0x08002971   Thumb Code   214  stm32f1xx_hal_tim.o(i.HAL_TIM_ConfigClockSource)
    HAL_TIM_IC_CaptureCallback               0x08002a47   Thumb Code     2  stm32f1xx_hal_tim.o(i.HAL_TIM_IC_CaptureCallback)
    HAL_TIM_IRQHandler                       0x08002a49   Thumb Code   358  stm32f1xx_hal_tim.o(i.HAL_TIM_IRQHandler)
    HAL_TIM_OC_DelayElapsedCallback          0x08002baf   Thumb Code     2  stm32f1xx_hal_tim.o(i.HAL_TIM_OC_DelayElapsedCallback)
    HAL_TIM_PWM_PulseFinishedCallback        0x08002bb1   Thumb Code     2  stm32f1xx_hal_tim.o(i.HAL_TIM_PWM_PulseFinishedCallback)
    HAL_TIM_PeriodElapsedCallback            0x08002bb3   Thumb Code     2  stm32f1xx_hal_tim.o(i.HAL_TIM_PeriodElapsedCallback)
    HAL_TIM_TriggerCallback                  0x08002bb5   Thumb Code     2  stm32f1xx_hal_tim.o(i.HAL_TIM_TriggerCallback)
    HAL_UARTEx_RxEventCallback               0x08002bb7   Thumb Code     2  stm32f1xx_hal_uart.o(i.HAL_UARTEx_RxEventCallback)
    HAL_UART_ErrorCallback                   0x08002bb9   Thumb Code     2  stm32f1xx_hal_uart.o(i.HAL_UART_ErrorCallback)
    HAL_UART_IRQHandler                      0x08002bbd   Thumb Code   520  stm32f1xx_hal_uart.o(i.HAL_UART_IRQHandler)
    HAL_UART_Init                            0x08002dc9   Thumb Code    98  stm32f1xx_hal_uart.o(i.HAL_UART_Init)
    HAL_UART_MspInit                         0x08002e2d   Thumb Code   116  stm32f1xx_hal_msp.o(i.HAL_UART_MspInit)
    HAL_UART_Receive_IT                      0x08002ead   Thumb Code    42  stm32f1xx_hal_uart.o(i.HAL_UART_Receive_IT)
    HAL_UART_RxCpltCallback                  0x08002ed9   Thumb Code    92  main.o(i.HAL_UART_RxCpltCallback)
    HAL_UART_Transmit                        0x08002f41   Thumb Code   178  stm32f1xx_hal_uart.o(i.HAL_UART_Transmit)
    HAL_UART_TxCpltCallback                  0x08002ff3   Thumb Code     2  stm32f1xx_hal_uart.o(i.HAL_UART_TxCpltCallback)
    HardFault_Handler                        0x08002ff5   Thumb Code     2  stm32f1xx_it.o(i.HardFault_Handler)
    MemManage_Handler                        0x08003229   Thumb Code     2  stm32f1xx_it.o(i.MemManage_Handler)
    NMI_Handler                              0x0800322b   Thumb Code     2  stm32f1xx_it.o(i.NMI_Handler)
    OLED_Clear                               0x0800322d   Thumb Code    30  iic_oled.o(i.OLED_Clear)
    OLED_Init                                0x0800326d   Thumb Code   192  iic_oled.o(i.OLED_Init)
    OLED_ShowChar                            0x080033c1   Thumb Code   166  iic_oled.o(i.OLED_ShowChar)
    OLED_ShowString                          0x08003471   Thumb Code    74  iic_oled.o(i.OLED_ShowString)
    PendSV_Handler                           0x080034bb   Thumb Code     2  stm32f1xx_it.o(i.PendSV_Handler)
    SVC_Handler                              0x080034bd   Thumb Code     2  stm32f1xx_it.o(i.SVC_Handler)
    SysTick_Handler                          0x080034bf   Thumb Code     4  stm32f1xx_it.o(i.SysTick_Handler)
    SystemClock_Config                       0x080034c3   Thumb Code   120  main.o(i.SystemClock_Config)
    SystemInit                               0x0800353b   Thumb Code     2  system_stm32f1xx.o(i.SystemInit)
    TIM3_IRQHandler                          0x0800353d   Thumb Code     6  stm32f1xx_it.o(i.TIM3_IRQHandler)
    TIM_Base_SetConfig                       0x08003549   Thumb Code    94  stm32f1xx_hal_tim.o(i.TIM_Base_SetConfig)
    TIM_ETR_SetConfig                        0x080035b5   Thumb Code    20  stm32f1xx_hal_tim.o(i.TIM_ETR_SetConfig)
    UART_Start_Receive_IT                    0x080037cd   Thumb Code    54  stm32f1xx_hal_uart.o(i.UART_Start_Receive_IT)
    USART1_IRQHandler                        0x08003869   Thumb Code     6  stm32f1xx_it.o(i.USART1_IRQHandler)
    UsageFault_Handler                       0x08003875   Thumb Code     2  stm32f1xx_it.o(i.UsageFault_Handler)
    __ARM_fpclassify                         0x08003877   Thumb Code    40  fpclassify.o(i.__ARM_fpclassify)
    _is_digit                                0x080038bf   Thumb Code    14  __printf_wp.o(i._is_digit)
    main                                     0x080038cd   Thumb Code   644  main.o(i.main)
    _get_lc_numeric                          0x08003be5   Thumb Code    44  lc_numeric_c.o(locale$$code)
    __aeabi_d2f                              0x08003c11   Thumb Code     0  d2f.o(x$fpl$d2f)
    _d2f                                     0x08003c11   Thumb Code    98  d2f.o(x$fpl$d2f)
    __aeabi_dadd                             0x08003c75   Thumb Code     0  daddsub_clz.o(x$fpl$dadd)
    _dadd                                    0x08003c75   Thumb Code   332  daddsub_clz.o(x$fpl$dadd)
    __fpl_dcheck_NaN1                        0x08003dc5   Thumb Code    10  dcheck1.o(x$fpl$dcheck1)
    __aeabi_ui2d                             0x08003dd5   Thumb Code     0  dflt_clz.o(x$fpl$dfltu)
    _dfltu                                   0x08003dd5   Thumb Code    38  dflt_clz.o(x$fpl$dfltu)
    __aeabi_dmul                             0x08003dfd   Thumb Code     0  dmul.o(x$fpl$dmul)
    _dmul                                    0x08003dfd   Thumb Code   332  dmul.o(x$fpl$dmul)
    __fpl_dnaninf                            0x08003f51   Thumb Code   156  dnaninf.o(x$fpl$dnaninf)
    __fpl_dretinf                            0x08003fed   Thumb Code    12  dretinf.o(x$fpl$dretinf)
    __aeabi_dsub                             0x08003ff9   Thumb Code     0  daddsub_clz.o(x$fpl$dsub)
    _dsub                                    0x08003ff9   Thumb Code   464  daddsub_clz.o(x$fpl$dsub)
    __aeabi_f2d                              0x080041cd   Thumb Code     0  f2d.o(x$fpl$f2d)
    _f2d                                     0x080041cd   Thumb Code    86  f2d.o(x$fpl$f2d)
    __fpl_fcheck_NaN1                        0x08004225   Thumb Code     6  fcheck1.o(x$fpl$fcheck1)
    __fpl_fnaninf                            0x08004231   Thumb Code   140  fnaninf.o(x$fpl$fnaninf)
    __fpl_fretinf                            0x080042bd   Thumb Code    10  fretinf.o(x$fpl$fretinf)
    _printf_fp_dec                           0x080042c7   Thumb Code     4  printf1.o(x$fpl$printf1)
    __fpl_return_NaN                         0x080042cb   Thumb Code   100  retnan.o(x$fpl$retnan)
    __ARM_scalbn                             0x0800432f   Thumb Code    92  scalbn.o(x$fpl$scalbn)
    __ARM_scalbnf                            0x0800438b   Thumb Code    76  scalbnf.o(x$fpl$scalbnf)
    __fpl_cmpreturn                          0x080043d7   Thumb Code    48  trapv.o(x$fpl$trapveneer)
    F6x8                                     0x08004406   Data         552  iic_oled.o(.constdata)
    __I$use$fp                               0x08004406   Number         0  usenofp.o(x$fpl$usenofp)
    F8X16                                    0x0800462e   Data        1520  iic_oled.o(.constdata)
    AHBPrescTable                            0x08004c1e   Data          16  system_stm32f1xx.o(.constdata)
    APBPrescTable                            0x08004c2e   Data           8  system_stm32f1xx.o(.constdata)
    Region$$Table$$Base                      0x08004cdc   Number         0  anon$$obj.o(Region$$Table)
    Region$$Table$$Limit                     0x08004cfc   Number         0  anon$$obj.o(Region$$Table)
    Uart1_Rx_Cnt                             0x20000000   Data           1  main.o(.data)
    Uart1_RxFlag                             0x20000001   Data           1  main.o(.data)
    BLEConnected                             0x20000002   Data           1  main.o(.data)
    started                                  0x20000003   Data           1  main.o(.data)
    ADC_DMAFlag                              0x20000004   Data           1  main.o(.data)
    aRxBuffer                                0x20000005   Data           1  main.o(.data)
    u1                                       0x20000008   Data           4  main.o(.data)
    u2                                       0x2000000c   Data           4  main.o(.data)
    uSample                                  0x20000010   Data           4  main.o(.data)
    remainEnergy                             0x20000014   Data           4  main.o(.data)
    power                                    0x20000018   Data           4  main.o(.data)
    cAlmStr                                  0x2000001c   Data          26  main.o(.data)
    uwTickFreq                               0x20000038   Data           1  stm32f1xx_hal.o(.data)
    uwTickPrio                               0x2000003c   Data           4  stm32f1xx_hal.o(.data)
    uwTick                                   0x20000040   Data           4  stm32f1xx_hal.o(.data)
    SystemCoreClock                          0x20000044   Data           4  system_stm32f1xx.o(.data)
    adc_value                                0x20000048   Data        1024  main.o(.bss)
    Uart1_RxBuff                             0x20000448   Data         256  main.o(.bss)
    Uart1_TxBuff                             0x20000548   Data         256  main.o(.bss)
    msg                                      0x20000648   Data         256  main.o(.bss)
    hadc1                                    0x20000748   Data          48  main.o(.bss)
    htim3                                    0x20000778   Data          72  main.o(.bss)
    huart1                                   0x200007c0   Data          68  main.o(.bss)
    hdma_adc1                                0x20000804   Data          68  main.o(.bss)
    __libspace_start                         0x20000848   Data          96  libspace.o(.bss)
    __temporary_stack_top$libspace           0x200008a8   Data           0  libspace.o(.bss)



==============================================================================

Memory Map of the image

  Image Entry point : 0x080000ed

  Load Region LR_IROM1 (Base: 0x08000000, Size: 0x00004d60, Max: 0x00010000, ABSOLUTE)

    Execution Region ER_IROM1 (Exec base: 0x08000000, Load base: 0x08000000, Size: 0x00004d18, Max: 0x00010000, ABSOLUTE)

    Exec Addr    Load Addr    Size         Type   Attr      Idx    E Section Name        Object

    0x08000000   0x08000000   0x000000ec   Data   RO            3    RESET               startup_stm32f103xb.o
    0x080000ec   0x080000ec   0x00000008   Code   RO         3240  * !!!main             c_w.l(__main.o)
    0x080000f4   0x080000f4   0x00000034   Code   RO         3609    !!!scatter          c_w.l(__scatter.o)
    0x08000128   0x08000128   0x0000001a   Code   RO         3611    !!handler_copy      c_w.l(__scatter_copy.o)
    0x08000142   0x08000142   0x00000002   PAD
    0x08000144   0x08000144   0x0000001c   Code   RO         3613    !!handler_zi        c_w.l(__scatter_zi.o)
    0x08000160   0x08000160   0x00000000   Code   RO         3229    .ARM.Collect$$_printf_percent$$00000000  c_w.l(_printf_percent.o)
    0x08000160   0x08000160   0x00000006   Code   RO         3228    .ARM.Collect$$_printf_percent$$00000003  c_w.l(_printf_f.o)
    0x08000166   0x08000166   0x00000006   Code   RO         3227    .ARM.Collect$$_printf_percent$$00000014  c_w.l(_printf_s.o)
    0x0800016c   0x0800016c   0x00000004   Code   RO         3350    .ARM.Collect$$_printf_percent$$00000017  c_w.l(_printf_percent_end.o)
    0x08000170   0x08000170   0x00000002   Code   RO         3475    .ARM.Collect$$libinit$$00000000  c_w.l(libinit.o)
    0x08000172   0x08000172   0x00000000   Code   RO         3477    .ARM.Collect$$libinit$$00000002  c_w.l(libinit2.o)
    0x08000172   0x08000172   0x00000000   Code   RO         3479    .ARM.Collect$$libinit$$00000004  c_w.l(libinit2.o)
    0x08000172   0x08000172   0x00000000   Code   RO         3482    .ARM.Collect$$libinit$$0000000A  c_w.l(libinit2.o)
    0x08000172   0x08000172   0x00000000   Code   RO         3484    .ARM.Collect$$libinit$$0000000C  c_w.l(libinit2.o)
    0x08000172   0x08000172   0x00000000   Code   RO         3486    .ARM.Collect$$libinit$$0000000E  c_w.l(libinit2.o)
    0x08000172   0x08000172   0x00000006   Code   RO         3487    .ARM.Collect$$libinit$$0000000F  c_w.l(libinit2.o)
    0x08000178   0x08000178   0x00000000   Code   RO         3489    .ARM.Collect$$libinit$$00000011  c_w.l(libinit2.o)
    0x08000178   0x08000178   0x00000000   Code   RO         3491    .ARM.Collect$$libinit$$00000013  c_w.l(libinit2.o)
    0x08000178   0x08000178   0x00000000   Code   RO         3493    .ARM.Collect$$libinit$$00000015  c_w.l(libinit2.o)
    0x08000178   0x08000178   0x0000000a   Code   RO         3494    .ARM.Collect$$libinit$$00000016  c_w.l(libinit2.o)
    0x08000182   0x08000182   0x00000000   Code   RO         3495    .ARM.Collect$$libinit$$00000017  c_w.l(libinit2.o)
    0x08000182   0x08000182   0x00000000   Code   RO         3497    .ARM.Collect$$libinit$$00000019  c_w.l(libinit2.o)
    0x08000182   0x08000182   0x00000000   Code   RO         3499    .ARM.Collect$$libinit$$0000001B  c_w.l(libinit2.o)
    0x08000182   0x08000182   0x00000000   Code   RO         3501    .ARM.Collect$$libinit$$0000001D  c_w.l(libinit2.o)
    0x08000182   0x08000182   0x00000000   Code   RO         3503    .ARM.Collect$$libinit$$0000001F  c_w.l(libinit2.o)
    0x08000182   0x08000182   0x00000000   Code   RO         3505    .ARM.Collect$$libinit$$00000021  c_w.l(libinit2.o)
    0x08000182   0x08000182   0x00000000   Code   RO         3507    .ARM.Collect$$libinit$$00000023  c_w.l(libinit2.o)
    0x08000182   0x08000182   0x00000000   Code   RO         3509    .ARM.Collect$$libinit$$00000025  c_w.l(libinit2.o)
    0x08000182   0x08000182   0x00000000   Code   RO         3513    .ARM.Collect$$libinit$$0000002C  c_w.l(libinit2.o)
    0x08000182   0x08000182   0x00000000   Code   RO         3515    .ARM.Collect$$libinit$$0000002E  c_w.l(libinit2.o)
    0x08000182   0x08000182   0x00000000   Code   RO         3517    .ARM.Collect$$libinit$$00000030  c_w.l(libinit2.o)
    0x08000182   0x08000182   0x00000000   Code   RO         3519    .ARM.Collect$$libinit$$00000032  c_w.l(libinit2.o)
    0x08000182   0x08000182   0x00000002   Code   RO         3520    .ARM.Collect$$libinit$$00000033  c_w.l(libinit2.o)
    0x08000184   0x08000184   0x00000002   Code   RO         3555    .ARM.Collect$$libshutdown$$00000000  c_w.l(libshutdown.o)
    0x08000186   0x08000186   0x00000000   Code   RO         3566    .ARM.Collect$$libshutdown$$00000002  c_w.l(libshutdown2.o)
    0x08000186   0x08000186   0x00000000   Code   RO         3568    .ARM.Collect$$libshutdown$$00000004  c_w.l(libshutdown2.o)
    0x08000186   0x08000186   0x00000000   Code   RO         3570    .ARM.Collect$$libshutdown$$00000006  c_w.l(libshutdown2.o)
    0x08000186   0x08000186   0x00000000   Code   RO         3573    .ARM.Collect$$libshutdown$$00000009  c_w.l(libshutdown2.o)
    0x08000186   0x08000186   0x00000000   Code   RO         3576    .ARM.Collect$$libshutdown$$0000000C  c_w.l(libshutdown2.o)
    0x08000186   0x08000186   0x00000000   Code   RO         3578    .ARM.Collect$$libshutdown$$0000000E  c_w.l(libshutdown2.o)
    0x08000186   0x08000186   0x00000000   Code   RO         3581    .ARM.Collect$$libshutdown$$00000011  c_w.l(libshutdown2.o)
    0x08000186   0x08000186   0x00000002   Code   RO         3582    .ARM.Collect$$libshutdown$$00000012  c_w.l(libshutdown2.o)
    0x08000188   0x08000188   0x00000000   Code   RO         3286    .ARM.Collect$$rtentry$$00000000  c_w.l(__rtentry.o)
    0x08000188   0x08000188   0x00000000   Code   RO         3384    .ARM.Collect$$rtentry$$00000002  c_w.l(__rtentry2.o)
    0x08000188   0x08000188   0x00000006   Code   RO         3396    .ARM.Collect$$rtentry$$00000004  c_w.l(__rtentry4.o)
    0x0800018e   0x0800018e   0x00000000   Code   RO         3386    .ARM.Collect$$rtentry$$00000009  c_w.l(__rtentry2.o)
    0x0800018e   0x0800018e   0x00000004   Code   RO         3387    .ARM.Collect$$rtentry$$0000000A  c_w.l(__rtentry2.o)
    0x08000192   0x08000192   0x00000000   Code   RO         3389    .ARM.Collect$$rtentry$$0000000C  c_w.l(__rtentry2.o)
    0x08000192   0x08000192   0x00000008   Code   RO         3390    .ARM.Collect$$rtentry$$0000000D  c_w.l(__rtentry2.o)
    0x0800019a   0x0800019a   0x00000002   Code   RO         3523    .ARM.Collect$$rtexit$$00000000  c_w.l(rtexit.o)
    0x0800019c   0x0800019c   0x00000000   Code   RO         3533    .ARM.Collect$$rtexit$$00000002  c_w.l(rtexit2.o)
    0x0800019c   0x0800019c   0x00000004   Code   RO         3534    .ARM.Collect$$rtexit$$00000003  c_w.l(rtexit2.o)
    0x080001a0   0x080001a0   0x00000006   Code   RO         3535    .ARM.Collect$$rtexit$$00000004  c_w.l(rtexit2.o)
    0x080001a6   0x080001a6   0x00000002   PAD
    0x080001a8   0x080001a8   0x00000040   Code   RO            4    .text               startup_stm32f103xb.o
    0x080001e8   0x080001e8   0x0000002c   Code   RO         3199    .text               c_w.l(__2sprintf.o)
    0x08000214   0x08000214   0x00000052   Code   RO         3205    .text               c_w.l(_printf_str.o)
    0x08000266   0x08000266   0x00000002   PAD
    0x08000268   0x08000268   0x00000188   Code   RO         3224    .text               c_w.l(__printf_flags_ss_wp.o)
    0x080003f0   0x080003f0   0x00000024   Code   RO         3230    .text               c_w.l(strstr.o)
    0x08000414   0x08000414   0x0000003e   Code   RO         3232    .text               c_w.l(strlen.o)
    0x08000452   0x08000452   0x0000004e   Code   RO         3236    .text               c_w.l(rt_memclr_w.o)
    0x080004a0   0x080004a0   0x00000006   Code   RO         3238    .text               c_w.l(heapauxi.o)
    0x080004a6   0x080004a6   0x0000041e   Code   RO         3297    .text               c_w.l(_printf_fp_dec.o)
    0x080008c4   0x080008c4   0x00000030   Code   RO         3299    .text               c_w.l(_printf_char_common.o)
    0x080008f4   0x080008f4   0x0000000a   Code   RO         3301    .text               c_w.l(_sputc.o)
    0x080008fe   0x080008fe   0x0000002c   Code   RO         3305    .text               c_w.l(_printf_char.o)
    0x0800092a   0x0800092a   0x00000002   PAD
    0x0800092c   0x0800092c   0x00000008   Code   RO         3401    .text               c_w.l(rt_locale_intlibspace.o)
    0x08000934   0x08000934   0x0000008a   Code   RO         3408    .text               c_w.l(lludiv10.o)
    0x080009be   0x080009be   0x00000002   PAD
    0x080009c0   0x080009c0   0x00000080   Code   RO         3415    .text               c_w.l(_printf_fp_infnan.o)
    0x08000a40   0x08000a40   0x000000e4   Code   RO         3421    .text               c_w.l(bigflt0.o)
    0x08000b24   0x08000b24   0x00000008   Code   RO         3459    .text               c_w.l(libspace.o)
    0x08000b2c   0x08000b2c   0x0000004a   Code   RO         3462    .text               c_w.l(sys_stackheap_outer.o)
    0x08000b76   0x08000b76   0x00000012   Code   RO         3466    .text               c_w.l(exit.o)
    0x08000b88   0x08000b88   0x00000080   Code   RO         3468    .text               c_w.l(strcmpv7m.o)
    0x08000c08   0x08000c08   0x0000000c   Code   RO         3545    .text               c_w.l(sys_exit.o)
    0x08000c14   0x08000c14   0x00000002   Code   RO         3556    .text               c_w.l(use_no_semi.o)
    0x08000c16   0x08000c16   0x00000000   Code   RO         3558    .text               c_w.l(indicate_semi.o)
    0x08000c16   0x08000c16   0x0000003e   Code   RO         3424    CL$$btod_d2e        c_w.l(btod.o)
    0x08000c54   0x08000c54   0x00000046   Code   RO         3426    CL$$btod_d2e_denorm_low  c_w.l(btod.o)
    0x08000c9a   0x08000c9a   0x00000060   Code   RO         3425    CL$$btod_d2e_norm_op1  c_w.l(btod.o)
    0x08000cfa   0x08000cfa   0x00000338   Code   RO         3434    CL$$btod_div_common  c_w.l(btod.o)
    0x08001032   0x08001032   0x000000dc   Code   RO         3431    CL$$btod_e2e        c_w.l(btod.o)
    0x0800110e   0x0800110e   0x0000002a   Code   RO         3428    CL$$btod_ediv       c_w.l(btod.o)
    0x08001138   0x08001138   0x0000002a   Code   RO         3427    CL$$btod_emul       c_w.l(btod.o)
    0x08001162   0x08001162   0x00000244   Code   RO         3433    CL$$btod_mult_common  c_w.l(btod.o)
    0x080013a6   0x080013a6   0x00000002   PAD
    0x080013a8   0x080013a8   0x0000000c   Code   RO          380    i.ADC1_2_IRQHandler  stm32f1xx_it.o
    0x080013b4   0x080013b4   0x00000056   Code   RO          577    i.ADC_ConversionStop_Disable  stm32f1xx_hal_adc.o
    0x0800140a   0x0800140a   0x0000004e   Code   RO          578    i.ADC_DMAConvCplt   stm32f1xx_hal_adc.o
    0x08001458   0x08001458   0x0000001a   Code   RO          579    i.ADC_DMAError      stm32f1xx_hal_adc.o
    0x08001472   0x08001472   0x0000000a   Code   RO          580    i.ADC_DMAHalfConvCplt  stm32f1xx_hal_adc.o
    0x0800147c   0x0800147c   0x0000007c   Code   RO          581    i.ADC_Enable        stm32f1xx_hal_adc.o
    0x080014f8   0x080014f8   0x00000002   Code   RO          381    i.BusFault_Handler  stm32f1xx_it.o
    0x080014fa   0x080014fa   0x00000002   PAD
    0x080014fc   0x080014fc   0x0000000c   Code   RO          382    i.DMA1_Channel1_IRQHandler  stm32f1xx_it.o
    0x08001508   0x08001508   0x0000002a   Code   RO         1231    i.DMA_SetConfig     stm32f1xx_hal_dma.o
    0x08001532   0x08001532   0x00000002   Code   RO          383    i.DebugMon_Handler  stm32f1xx_it.o
    0x08001534   0x08001534   0x00000004   Code   RO          295    i.Error_Handler     main.o
    0x08001538   0x08001538   0x000000d8   Code   RO          757    i.HAL_ADCEx_Calibration_Start  stm32f1xx_hal_adc_ex.o
    0x08001610   0x08001610   0x00000002   Code   RO          759    i.HAL_ADCEx_InjectedConvCpltCallback  stm32f1xx_hal_adc_ex.o
    0x08001612   0x08001612   0x00000002   PAD
    0x08001614   0x08001614   0x000000fc   Code   RO          583    i.HAL_ADC_ConfigChannel  stm32f1xx_hal_adc.o
    0x08001710   0x08001710   0x00000048   Code   RO          296    i.HAL_ADC_ConvCpltCallback  main.o
    0x08001758   0x08001758   0x00000002   Code   RO          585    i.HAL_ADC_ConvHalfCpltCallback  stm32f1xx_hal_adc.o
    0x0800175a   0x0800175a   0x00000002   Code   RO          587    i.HAL_ADC_ErrorCallback  stm32f1xx_hal_adc.o
    0x0800175c   0x0800175c   0x000000e6   Code   RO          591    i.HAL_ADC_IRQHandler  stm32f1xx_hal_adc.o
    0x08001842   0x08001842   0x00000002   PAD
    0x08001844   0x08001844   0x0000011c   Code   RO          592    i.HAL_ADC_Init      stm32f1xx_hal_adc.o
    0x08001960   0x08001960   0x00000002   Code   RO          593    i.HAL_ADC_LevelOutOfWindowCallback  stm32f1xx_hal_adc.o
    0x08001962   0x08001962   0x00000002   PAD
    0x08001964   0x08001964   0x0000009c   Code   RO          481    i.HAL_ADC_MspInit   stm32f1xx_hal_msp.o
    0x08001a00   0x08001a00   0x0000010c   Code   RO          599    i.HAL_ADC_Start_DMA  stm32f1xx_hal_adc.o
    0x08001b0c   0x08001b0c   0x00000046   Code   RO         1232    i.HAL_DMA_Abort     stm32f1xx_hal_dma.o
    0x08001b52   0x08001b52   0x00000002   PAD
    0x08001b54   0x08001b54   0x00000098   Code   RO         1233    i.HAL_DMA_Abort_IT  stm32f1xx_hal_dma.o
    0x08001bec   0x08001bec   0x00000154   Code   RO         1237    i.HAL_DMA_IRQHandler  stm32f1xx_hal_dma.o
    0x08001d40   0x08001d40   0x0000005c   Code   RO         1238    i.HAL_DMA_Init      stm32f1xx_hal_dma.o
    0x08001d9c   0x08001d9c   0x00000070   Code   RO         1242    i.HAL_DMA_Start_IT  stm32f1xx_hal_dma.o
    0x08001e0c   0x08001e0c   0x00000024   Code   RO          860    i.HAL_Delay         stm32f1xx_hal.o
    0x08001e30   0x08001e30   0x000001e0   Code   RO         1168    i.HAL_GPIO_Init     stm32f1xx_hal_gpio.o
    0x08002010   0x08002010   0x0000000a   Code   RO         1172    i.HAL_GPIO_WritePin  stm32f1xx_hal_gpio.o
    0x0800201a   0x0800201a   0x00000002   PAD
    0x0800201c   0x0800201c   0x0000000c   Code   RO          864    i.HAL_GetTick       stm32f1xx_hal.o
    0x08002028   0x08002028   0x00000010   Code   RO          870    i.HAL_IncTick       stm32f1xx_hal.o
    0x08002038   0x08002038   0x00000024   Code   RO          871    i.HAL_Init          stm32f1xx_hal.o
    0x0800205c   0x0800205c   0x00000040   Code   RO          872    i.HAL_InitTick      stm32f1xx_hal.o
    0x0800209c   0x0800209c   0x0000002c   Code   RO          482    i.HAL_MspInit       stm32f1xx_hal_msp.o
    0x080020c8   0x080020c8   0x0000001a   Code   RO         1328    i.HAL_NVIC_EnableIRQ  stm32f1xx_hal_cortex.o
    0x080020e2   0x080020e2   0x00000002   PAD
    0x080020e4   0x080020e4   0x00000040   Code   RO         1334    i.HAL_NVIC_SetPriority  stm32f1xx_hal_cortex.o
    0x08002124   0x08002124   0x00000024   Code   RO         1335    i.HAL_NVIC_SetPriorityGrouping  stm32f1xx_hal_cortex.o
    0x08002148   0x08002148   0x000000c8   Code   RO         1130    i.HAL_RCCEx_GetPeriphCLKFreq  stm32f1xx_hal_rcc_ex.o
    0x08002210   0x08002210   0x000000ec   Code   RO         1131    i.HAL_RCCEx_PeriphCLKConfig  stm32f1xx_hal_rcc_ex.o
    0x080022fc   0x080022fc   0x0000012c   Code   RO         1028    i.HAL_RCC_ClockConfig  stm32f1xx_hal_rcc.o
    0x08002428   0x08002428   0x00000020   Code   RO         1035    i.HAL_RCC_GetPCLK1Freq  stm32f1xx_hal_rcc.o
    0x08002448   0x08002448   0x00000020   Code   RO         1036    i.HAL_RCC_GetPCLK2Freq  stm32f1xx_hal_rcc.o
    0x08002468   0x08002468   0x0000006c   Code   RO         1037    i.HAL_RCC_GetSysClockFreq  stm32f1xx_hal_rcc.o
    0x080024d4   0x080024d4   0x00000320   Code   RO         1040    i.HAL_RCC_OscConfig  stm32f1xx_hal_rcc.o
    0x080027f4   0x080027f4   0x00000028   Code   RO         1339    i.HAL_SYSTICK_Config  stm32f1xx_hal_cortex.o
    0x0800281c   0x0800281c   0x00000002   Code   RO         2534    i.HAL_TIMEx_BreakCallback  stm32f1xx_hal_tim_ex.o
    0x0800281e   0x0800281e   0x00000002   Code   RO         2535    i.HAL_TIMEx_CommutCallback  stm32f1xx_hal_tim_ex.o
    0x08002820   0x08002820   0x00000068   Code   RO         2553    i.HAL_TIMEx_MasterConfigSynchronization  stm32f1xx_hal_tim_ex.o
    0x08002888   0x08002888   0x0000005a   Code   RO         1830    i.HAL_TIM_Base_Init  stm32f1xx_hal_tim.o
    0x080028e2   0x080028e2   0x00000002   PAD
    0x080028e4   0x080028e4   0x0000003c   Code   RO          484    i.HAL_TIM_Base_MspInit  stm32f1xx_hal_msp.o
    0x08002920   0x08002920   0x00000050   Code   RO         1833    i.HAL_TIM_Base_Start  stm32f1xx_hal_tim.o
    0x08002970   0x08002970   0x000000d6   Code   RO         1839    i.HAL_TIM_ConfigClockSource  stm32f1xx_hal_tim.o
    0x08002a46   0x08002a46   0x00000002   Code   RO         1864    i.HAL_TIM_IC_CaptureCallback  stm32f1xx_hal_tim.o
    0x08002a48   0x08002a48   0x00000166   Code   RO         1878    i.HAL_TIM_IRQHandler  stm32f1xx_hal_tim.o
    0x08002bae   0x08002bae   0x00000002   Code   RO         1881    i.HAL_TIM_OC_DelayElapsedCallback  stm32f1xx_hal_tim.o
    0x08002bb0   0x08002bb0   0x00000002   Code   RO         1908    i.HAL_TIM_PWM_PulseFinishedCallback  stm32f1xx_hal_tim.o
    0x08002bb2   0x08002bb2   0x00000002   Code   RO         1916    i.HAL_TIM_PeriodElapsedCallback  stm32f1xx_hal_tim.o
    0x08002bb4   0x08002bb4   0x00000002   Code   RO         1921    i.HAL_TIM_TriggerCallback  stm32f1xx_hal_tim.o
    0x08002bb6   0x08002bb6   0x00000002   Code   RO         2812    i.HAL_UARTEx_RxEventCallback  stm32f1xx_hal_uart.o
    0x08002bb8   0x08002bb8   0x00000002   Code   RO         2826    i.HAL_UART_ErrorCallback  stm32f1xx_hal_uart.o
    0x08002bba   0x08002bba   0x00000002   PAD
    0x08002bbc   0x08002bbc   0x0000020c   Code   RO         2829    i.HAL_UART_IRQHandler  stm32f1xx_hal_uart.o
    0x08002dc8   0x08002dc8   0x00000062   Code   RO         2830    i.HAL_UART_Init     stm32f1xx_hal_uart.o
    0x08002e2a   0x08002e2a   0x00000002   PAD
    0x08002e2c   0x08002e2c   0x00000080   Code   RO          486    i.HAL_UART_MspInit  stm32f1xx_hal_msp.o
    0x08002eac   0x08002eac   0x0000002a   Code   RO         2835    i.HAL_UART_Receive_IT  stm32f1xx_hal_uart.o
    0x08002ed6   0x08002ed6   0x00000002   PAD
    0x08002ed8   0x08002ed8   0x00000068   Code   RO          297    i.HAL_UART_RxCpltCallback  main.o
    0x08002f40   0x08002f40   0x000000b2   Code   RO         2838    i.HAL_UART_Transmit  stm32f1xx_hal_uart.o
    0x08002ff2   0x08002ff2   0x00000002   Code   RO         2841    i.HAL_UART_TxCpltCallback  stm32f1xx_hal_uart.o
    0x08002ff4   0x08002ff4   0x00000002   Code   RO          384    i.HardFault_Handler  stm32f1xx_it.o
    0x08002ff6   0x08002ff6   0x00000002   PAD
    0x08002ff8   0x08002ff8   0x00000050   Code   RO           13    i.IIC_SendByte      iic_oled.o
    0x08003048   0x08003048   0x00000028   Code   RO           14    i.IIC_Start         iic_oled.o
    0x08003070   0x08003070   0x0000001c   Code   RO           15    i.IIC_Stop          iic_oled.o
    0x0800308c   0x0800308c   0x0000002c   Code   RO           16    i.IIC_WaitAck       iic_oled.o
    0x080030b8   0x080030b8   0x00000060   Code   RO          298    i.MX_ADC1_Init      main.o
    0x08003118   0x08003118   0x000000a4   Code   RO          299    i.MX_GPIO_Init      main.o
    0x080031bc   0x080031bc   0x0000006c   Code   RO          300    i.MX_TIM3_Init      main.o
    0x08003228   0x08003228   0x00000002   Code   RO          385    i.MemManage_Handler  stm32f1xx_it.o
    0x0800322a   0x0800322a   0x00000002   Code   RO          386    i.NMI_Handler       stm32f1xx_it.o
    0x0800322c   0x0800322c   0x0000001e   Code   RO           18    i.OLED_Clear        iic_oled.o
    0x0800324a   0x0800324a   0x00000002   PAD
    0x0800324c   0x0800324c   0x00000020   Code   RO           19    i.OLED_Delay        iic_oled.o
    0x0800326c   0x0800326c   0x000000c0   Code   RO           21    i.OLED_Init         iic_oled.o
    0x0800332c   0x0800332c   0x00000038   Code   RO           24    i.OLED_SendCmd      iic_oled.o
    0x08003364   0x08003364   0x00000038   Code   RO           25    i.OLED_SendData     iic_oled.o
    0x0800339c   0x0800339c   0x00000022   Code   RO           27    i.OLED_SetPos       iic_oled.o
    0x080033be   0x080033be   0x00000002   PAD
    0x080033c0   0x080033c0   0x000000b0   Code   RO           31    i.OLED_ShowChar     iic_oled.o
    0x08003470   0x08003470   0x0000004a   Code   RO           33    i.OLED_ShowString   iic_oled.o
    0x080034ba   0x080034ba   0x00000002   Code   RO          387    i.PendSV_Handler    stm32f1xx_it.o
    0x080034bc   0x080034bc   0x00000002   Code   RO          388    i.SVC_Handler       stm32f1xx_it.o
    0x080034be   0x080034be   0x00000004   Code   RO          389    i.SysTick_Handler   stm32f1xx_it.o
    0x080034c2   0x080034c2   0x00000078   Code   RO          301    i.SystemClock_Config  main.o
    0x0800353a   0x0800353a   0x00000002   Code   RO         3159    i.SystemInit        system_stm32f1xx.o
    0x0800353c   0x0800353c   0x0000000c   Code   RO          390    i.TIM3_IRQHandler   stm32f1xx_it.o
    0x08003548   0x08003548   0x0000006c   Code   RO         1923    i.TIM_Base_SetConfig  stm32f1xx_hal_tim.o
    0x080035b4   0x080035b4   0x00000014   Code   RO         1934    i.TIM_ETR_SetConfig  stm32f1xx_hal_tim.o
    0x080035c8   0x080035c8   0x00000010   Code   RO         1935    i.TIM_ITRx_SetConfig  stm32f1xx_hal_tim.o
    0x080035d8   0x080035d8   0x00000022   Code   RO         1941    i.TIM_TI1_ConfigInputStage  stm32f1xx_hal_tim.o
    0x080035fa   0x080035fa   0x00000024   Code   RO         1943    i.TIM_TI2_ConfigInputStage  stm32f1xx_hal_tim.o
    0x0800361e   0x0800361e   0x00000010   Code   RO         2843    i.UART_DMAAbortOnError  stm32f1xx_hal_uart.o
    0x0800362e   0x0800362e   0x00000030   Code   RO         2853    i.UART_EndRxTransfer  stm32f1xx_hal_uart.o
    0x0800365e   0x0800365e   0x000000b6   Code   RO         2855    i.UART_Receive_IT   stm32f1xx_hal_uart.o
    0x08003714   0x08003714   0x000000b8   Code   RO         2856    i.UART_SetConfig    stm32f1xx_hal_uart.o
    0x080037cc   0x080037cc   0x00000036   Code   RO         2858    i.UART_Start_Receive_IT  stm32f1xx_hal_uart.o
    0x08003802   0x08003802   0x00000064   Code   RO         2859    i.UART_WaitOnFlagUntilTimeout  stm32f1xx_hal_uart.o
    0x08003866   0x08003866   0x00000002   PAD
    0x08003868   0x08003868   0x0000000c   Code   RO          391    i.USART1_IRQHandler  stm32f1xx_it.o
    0x08003874   0x08003874   0x00000002   Code   RO          392    i.UsageFault_Handler  stm32f1xx_it.o
    0x08003876   0x08003876   0x00000028   Code   RO         3457    i.__ARM_fpclassify  m_ws.l(fpclassify.o)
    0x0800389e   0x0800389e   0x00000020   Code   RO         1341    i.__NVIC_SetPriority  stm32f1xx_hal_cortex.o
    0x080038be   0x080038be   0x0000000e   Code   RO         3217    i._is_digit         c_w.l(__printf_wp.o)
    0x080038cc   0x080038cc   0x00000318   Code   RO          303    i.main              main.o
    0x08003be4   0x08003be4   0x0000002c   Code   RO         3449    locale$$code        c_w.l(lc_numeric_c.o)
    0x08003c10   0x08003c10   0x00000062   Code   RO         3242    x$fpl$d2f           fz_ws.l(d2f.o)
    0x08003c72   0x08003c72   0x00000002   PAD
    0x08003c74   0x08003c74   0x00000150   Code   RO         3244    x$fpl$dadd          fz_ws.l(daddsub_clz.o)
    0x08003dc4   0x08003dc4   0x00000010   Code   RO         3360    x$fpl$dcheck1       fz_ws.l(dcheck1.o)
    0x08003dd4   0x08003dd4   0x00000026   Code   RO         3254    x$fpl$dfltu         fz_ws.l(dflt_clz.o)
    0x08003dfa   0x08003dfa   0x00000002   PAD
    0x08003dfc   0x08003dfc   0x00000154   Code   RO         3260    x$fpl$dmul          fz_ws.l(dmul.o)
    0x08003f50   0x08003f50   0x0000009c   Code   RO         3364    x$fpl$dnaninf       fz_ws.l(dnaninf.o)
    0x08003fec   0x08003fec   0x0000000c   Code   RO         3366    x$fpl$dretinf       fz_ws.l(dretinf.o)
    0x08003ff8   0x08003ff8   0x000001d4   Code   RO         3246    x$fpl$dsub          fz_ws.l(daddsub_clz.o)
    0x080041cc   0x080041cc   0x00000056   Code   RO         3262    x$fpl$f2d           fz_ws.l(f2d.o)
    0x08004222   0x08004222   0x00000002   PAD
    0x08004224   0x08004224   0x0000000c   Code   RO         3370    x$fpl$fcheck1       fz_ws.l(fcheck1.o)
    0x08004230   0x08004230   0x0000008c   Code   RO         3372    x$fpl$fnaninf       fz_ws.l(fnaninf.o)
    0x080042bc   0x080042bc   0x0000000a   Code   RO         3374    x$fpl$fretinf       fz_ws.l(fretinf.o)
    0x080042c6   0x080042c6   0x00000004   Code   RO         3272    x$fpl$printf1       fz_ws.l(printf1.o)
    0x080042ca   0x080042ca   0x00000064   Code   RO         3455    x$fpl$retnan        fz_ws.l(retnan.o)
    0x0800432e   0x0800432e   0x0000005c   Code   RO         3274    x$fpl$scalbn        fz_ws.l(scalbn.o)
    0x0800438a   0x0800438a   0x0000004c   Code   RO         3276    x$fpl$scalbnf       fz_ws.l(scalbnf.o)
    0x080043d6   0x080043d6   0x00000030   Code   RO         3521    x$fpl$trapveneer    fz_ws.l(trapv.o)
    0x08004406   0x08004406   0x00000000   Code   RO         3382    x$fpl$usenofp       fz_ws.l(usenofp.o)
    0x08004406   0x08004406   0x00000818   Data   RO           41    .constdata          iic_oled.o
    0x08004c1e   0x08004c1e   0x00000010   Data   RO         3160    .constdata          system_stm32f1xx.o
    0x08004c2e   0x08004c2e   0x00000008   Data   RO         3161    .constdata          system_stm32f1xx.o
    0x08004c36   0x08004c36   0x00000011   Data   RO         3225    .constdata          c_w.l(__printf_flags_ss_wp.o)
    0x08004c47   0x08004c47   0x00000001   PAD
    0x08004c48   0x08004c48   0x00000094   Data   RO         3422    .constdata          c_w.l(bigflt0.o)
    0x08004cdc   0x08004cdc   0x00000020   Data   RO         3607    Region$$Table       anon$$obj.o
    0x08004cfc   0x08004cfc   0x0000001c   Data   RO         3448    locale$$data        c_w.l(lc_numeric_c.o)


    Execution Region RW_IRAM1 (Exec base: 0x20000000, Load base: 0x08004d18, Size: 0x00000ea8, Max: 0x00005000, ABSOLUTE)

    Exec Addr    Load Addr    Size         Type   Attr      Idx    E Section Name        Object

    0x20000000   0x08004d18   0x00000036   Data   RW          306    .data               main.o
    0x20000036   0x08004d4e   0x00000002   PAD
    0x20000038   0x08004d50   0x0000000c   Data   RW          878    .data               stm32f1xx_hal.o
    0x20000044   0x08004d5c   0x00000004   Data   RW         3162    .data               system_stm32f1xx.o
    0x20000048        -       0x000007bc   Zero   RW          304    .bss                main.o
    0x20000804        -       0x00000044   Zero   RW          305    .bss                main.o
    0x20000848        -       0x00000060   Zero   RW         3460    .bss                c_w.l(libspace.o)
    0x200008a8        -       0x00000200   Zero   RW            2    HEAP                startup_stm32f103xb.o
    0x20000aa8        -       0x00000400   Zero   RW            1    STACK               startup_stm32f103xb.o


==============================================================================

Image component sizes


      Code (inc. data)   RO Data    RW Data    ZI Data      Debug   Object Name

       842         30       2072          0          0     455278   iic_oled.o
      1460        204          0         54       2048       6170   main.o
        64         26        236          0       1536        776   startup_stm32f103xb.o
       164         28          0         12          0       5621   stm32f1xx_hal.o
      1364         56          0          0          0       8843   stm32f1xx_hal_adc.o
       218          6          0          0          0       1871   stm32f1xx_hal_adc_ex.o
       198         14          0          0          0      28731   stm32f1xx_hal_cortex.o
       808         36          0          0          0       4742   stm32f1xx_hal_dma.o
       490         34          0          0          0       2784   stm32f1xx_hal_gpio.o
       388         48          0          0          0       2750   stm32f1xx_hal_msp.o
      1272        100          0          0          0       4980   stm32f1xx_hal_rcc.o
       436         46          0          0          0       2429   stm32f1xx_hal_rcc_ex.o
       966         28          0          0          0       9634   stm32f1xx_hal_tim.o
       108         12          0          0          0       2229   stm32f1xx_hal_tim_ex.o
      1432         10          0          0          0      10040   stm32f1xx_hal_uart.o
        68         24          0          0          0       5163   stm32f1xx_it.o
         2          0         24          4          0       1011   system_stm32f1xx.o

    ----------------------------------------------------------------------
     10310        702       2364         72       3584     553052   Object Totals
         0          0         32          0          0          0   (incl. Generated)
        30          0          0          2          0          0   (incl. Padding)

    ----------------------------------------------------------------------

      Code (inc. data)   RO Data    RW Data    ZI Data      Debug   Library Member Name

        44          6          0          0          0         84   __2sprintf.o
         8          0          0          0          0         68   __main.o
       392          4         17          0          0         92   __printf_flags_ss_wp.o
        14          0          0          0          0         68   __printf_wp.o
         0          0          0          0          0          0   __rtentry.o
        12          0          0          0          0          0   __rtentry2.o
         6          0          0          0          0          0   __rtentry4.o
        52          8          0          0          0          0   __scatter.o
        26          0          0          0          0          0   __scatter_copy.o
        28          0          0          0          0          0   __scatter_zi.o
        44          0          0          0          0        108   _printf_char.o
        48          6          0          0          0         96   _printf_char_common.o
         6          0          0          0          0          0   _printf_f.o
      1054          0          0          0          0        216   _printf_fp_dec.o
       128         16          0          0          0         84   _printf_fp_infnan.o
         0          0          0          0          0          0   _printf_percent.o
         4          0          0          0          0          0   _printf_percent_end.o
         6          0          0          0          0          0   _printf_s.o
        82          0          0          0          0         80   _printf_str.o
        10          0          0          0          0         68   _sputc.o
       228          4        148          0          0         96   bigflt0.o
      1936        128          0          0          0        672   btod.o
        18          0          0          0          0         80   exit.o
         6          0          0          0          0        152   heapauxi.o
         0          0          0          0          0          0   indicate_semi.o
        44         10         28          0          0         76   lc_numeric_c.o
         2          0          0          0          0          0   libinit.o
        18          0          0          0          0          0   libinit2.o
         2          0          0          0          0          0   libshutdown.o
         2          0          0          0          0          0   libshutdown2.o
         8          4          0          0         96         68   libspace.o
       138          0          0          0          0         80   lludiv10.o
         8          4          0          0          0         68   rt_locale_intlibspace.o
        78          0          0          0          0         80   rt_memclr_w.o
         2          0          0          0          0          0   rtexit.o
        10          0          0          0          0          0   rtexit2.o
       128          0          0          0          0         68   strcmpv7m.o
        62          0          0          0          0         76   strlen.o
        36          0          0          0          0         80   strstr.o
        12          4          0          0          0         68   sys_exit.o
        74          0          0          0          0         80   sys_stackheap_outer.o
         2          0          0          0          0         68   use_no_semi.o
        98          4          0          0          0         92   d2f.o
       804         16          0          0          0        272   daddsub_clz.o
        16          4          0          0          0         68   dcheck1.o
        38          0          0          0          0         68   dflt_clz.o
       340         12          0          0          0        104   dmul.o
       156          4          0          0          0         92   dnaninf.o
        12          0          0          0          0         68   dretinf.o
        86          4          0          0          0         84   f2d.o
        12          4          0          0          0         68   fcheck1.o
       140          4          0          0          0         84   fnaninf.o
        10          0          0          0          0         68   fretinf.o
         4          0          0          0          0         68   printf1.o
       100          0          0          0          0         68   retnan.o
        92          0          0          0          0         68   scalbn.o
        76          0          0          0          0         68   scalbnf.o
        48          0          0          0          0         68   trapv.o
         0          0          0          0          0          0   usenofp.o
        40          0          0          0          0         68   fpclassify.o

    ----------------------------------------------------------------------
      6868        246        194          0         96       4252   Library Totals
        18          0          1          0          0          0   (incl. Padding)

    ----------------------------------------------------------------------

      Code (inc. data)   RO Data    RW Data    ZI Data      Debug   Library Name

      4778        194        193          0         96       2776   c_w.l
      2032         52          0          0          0       1408   fz_ws.l
        40          0          0          0          0         68   m_ws.l

    ----------------------------------------------------------------------
      6868        246        194          0         96       4252   Library Totals

    ----------------------------------------------------------------------

==============================================================================


      Code (inc. data)   RO Data    RW Data    ZI Data      Debug   

     17178        948       2558         72       3680     549552   Grand Totals
     17178        948       2558         72       3680     549552   ELF Image Totals
     17178        948       2558         72          0          0   ROM Totals

==============================================================================

    Total RO  Size (Code + RO Data)                19736 (  19.27kB)
    Total RW  Size (RW Data + ZI Data)              3752 (   3.66kB)
    Total ROM Size (Code + RO Data + RW Data)      19808 (  19.34kB)

==============================================================================

